pgmigrate_success 2277792772
pgmigrate_fail 22466
thp_migration_success 3480791
thp_migration_fail 4
thp_migration_split 0
thp_fault_alloc 2177638
thp_fault_fallback 0
thp_fault_fallback_charge 0
thp_collapse_alloc 3068149
thp_collapse_alloc_failed 0
thp_file_alloc 0
thp_file_fallback 0
thp_file_fallback_charge 0
thp_file_mapped 0
thp_split_page 3347313
thp_split_page_failed 5505
thp_deferred_split_page 3355960
thp_split_pmd 3354035
thp_split_pud 0
thp_zero_page_alloc 3
thp_zero_page_alloc_failed 0
thp_swpout 0
thp_swpout_fallback 0
htmm_nr_promoted 1044572721
htmm_nr_demoted 1224312243
htmm_nr_sampled 0
htmm_missed_dramread 0
htmm_missed_nvmread 0
htmm_missed_write 0
htmm_alloc_dram 1150160807
htmm_alloc_nvm 0
