num_threads - 16, WSS - 128 GB, duration - 1000
thread 0: buf size - 8589934592 - 8 GB
thread 1: buf size - 8589934592 - 8 GB
thread 2: buf size - 8589934592 - 8 GB
thread 3: buf size - 8589934592 - 8 GB
thread 4: buf size - 8589934592 - 8 GB
thread 5: buf size - 8589934592 - 8 GB
thread 6: buf size - 8589934592 - 8 GB
thread 7: buf size - 8589934592 - 8 GB
thread 8: buf size - 8589934592 - 8 GB
thread 9: buf size - 8589934592 - 8 GB
thread 10: buf size - 8589934592 - 8 GB
thread 11: buf size - 8589934592 - 8 GB
thread 12: buf size - 8589934592 - 8 GB
thread 13: buf size - 8589934592 - 8 GB
thread 14: buf size - 8589934592 - 8 GB
thread 15: buf size - 8589934592 - 8 GB
thread 2: allocated 1st half
thread 12: allocated 1st half
thread 10: allocated 1st half
thread 15: allocated 1st half
thread 1: allocated 1st half
thread 13: allocated 1st half
thread 14: allocated 1st half
thread 7: allocated 1st half
thread 4: allocated 1st half
thread 0: allocated 1st half
thread 3: allocated 1st half
thread 6: allocated 1st half
thread 5: allocated 1st half
thread 8: allocated 1st half
thread 11: allocated 1st half
thread 9: allocated 1st half
0
0
0
0
thread 12: allocated 2nd half
thread 12: H - 2048
thread 2: allocated 2nd half
thread 2: H - 2048
thread 15: allocated 2nd half
thread 15: H - 2048
thread 10: allocated 2nd half
thread 10: H - 2048
thread 13: allocated 2nd half
thread 13: H - 2048
thread 14: allocated 2nd half
thread 14: H - 2048
thread 7: allocated 2nd half
thread 7: H - 2048
thread 1: allocated 2nd half
thread 1: H - 2048
thread 4: allocated 2nd half
thread 4: H - 2048
thread 3: allocated 2nd half
thread 3: H - 2048
thread 8: allocated 2nd half
thread 8: H - 2048
thread 9: allocated 2nd half
thread 9: H - 2048
thread 0: allocated 2nd half
thread 0: H - 2048
thread 6: allocated 2nd half
thread 6: H - 2048
thread 5: allocated 2nd half
thread 5: H - 2048
thread 11: allocated 2nd half
thread 11: H - 2048
488112128
558759936
562429952
564527104
566099968
566493184
564920320
566231040
566886400
566624256
568590336
570556416
570294272
570425344
570163200
501088256
451018752
416940032
389021696
367919104
418250752
429654016
428081152
427819008
427425792
427819008
409468928
375652352
375128064
374210560
374341632
373686272
373030912
373161984
372375552
372899840
372506624
371195904
371064832
370802688
370540544
369623040
369623040
368967680
368967680
368443392
368050176
367788032
367525888
368574464
366608384
366739456
366084096
365821952
365559808
365559808
364904448
364511232
364118016
364118016
363986944
364904448
364118016
363593728
363200512
362807296
363200512
361103360
361758720
362283008
363069440
362938368
362545152
362676224
361758720
362414080
362151936
362020864
362545152
361758720
362020864
361627648
361758720
361234432
361889792
377356288
382992384
383778816
384040960
384565248
384172032
384565248
384565248
384434176
368050176
408027136
414711808
404226048
404750336
405012480
404750336
404750336
404488192
405798912
407109632
383909888
371326976
373948416
378273792
380108800
382599168
385482752
388890624
390070272
416415744
420216832
423886848
427032576
430964736
436076544
441450496
446038016
452853760
457441280
464519168
471465984
478543872
483786752
489553920
495190016
501874688
508297216
516292608
522977280
531890176
558628864
569245696
569245696
569376768
569376768
569114624
569114624
569114624
569901056
571473920
571080704
571211776
533725184
463077376
431095808
404488192
381157376
369754112
356777984
397934592
402128896
398852096
398065664
398721024
376045568
351535104
349306880
349044736
348651520
348520448
348258304
347471872
347602944
347602944
346554368
346816512
346554368
346161152
345767936
345899008
345636864
345243648
344850432
344719360
344719360
344326144
344326144
344064000
344326144
343539712
343801856
343539712
373555200
366608384
345505792
345636864
345899008
346030080
346816512
346685440
347340800
346947584
347471872
347734016
348127232
348127232
348651520
349175808
349437952
349437952
349700096
350486528
350748672
351141888
352059392
386531328
401080320
401342464
400818176
401342464
400949248
401211392
400818176
401080320
392691712
392298496
392429568
392560640
392560640
392560640
392429568
394002432
394002432
391249920
361889792
362676224
364249088
369229824
385744896
387842048
391249920
394395648
399245312
405667840
410255360
414056448
417857536
422051840
428212224
431489024
434634752
437780480
440532992
444596224
448397312
454033408
459145216
464519168
470810624
475922432
483131392
488767488
493486080
498335744
504233984
509083648
515112960
521273344
528089088
543424512
569901056
570949632
571604992
571867136
570425344
566231040
566755328
565575680
566493184
566624256
565575680
566624256
567541760
568197120
571342848
571211776
571211776
571080704
571736064
551157760
495845376
459407360
434503680
413270016
392560640
379846656
349306880
343277568
381550592
384040960
383909888
383778816
383385600
383778816
351010816
336986112
336199680
336068608
335937536
335151104
334757888
334888960
334495744
334102528
333840384
333316096
333709312
333053952
332660736
333185024
332005376
332660736
332267520
331874304
331087872
331743232
331218944
331087872
330694656
331218944
330694656
330694656
331087872
330956800
330956800
330956800
330694656
329777152
330301440
329908224
329777152
361496576
331350016
330825728
330956800
331481088
331612160
332136448
332136448
332398592
333447168
333185024
333709312
333971456
334626816
334233600
333840384
334888960
334757888
334888960
335413248
335937536
335282176
335937536
336592896
336330752
336461824
337248256
337117184
337510400
337772544
338427904
338034688
338952192
338952192
339738624
355205120
387710976
387448832
387710976
387842048
382468096
379453440
379191296
379060224
379060224
379060224
379453440
378798080
380108800
380764160
380502016
370016256
351928320
360710144
371851264
374341632
376438784
378404864
382337024
385613824
387973120
391643136
394395648
400687104
404488192
407633920
411303936
415498240
420216832
425328640
427687936
430833664
435421184
439484416
443416576
446824448
451674112
457572352
462290944
467664896
472907776
478019584
485228544
490340352
494010368
498073600
502136832
506593280
511574016
516030464
521666560
554303488
564133888
555876352
555483136
555876352
555483136
555876352
556400640
555745280
559939584
561381376
561905664
556269568
517734400
520749056
530186240
518127616
505151488
528744448
525729792
514064384
511049728
479854592
476971008
494272512
508690432
508690432
484179968
486014976
486539264
511049728
552599552
552730624
541982720
540147712
540147712
540409856
539885568
539885568
540540928
539754496
542507008
543162368
542375936
523632640
499384320
497811456
496893952
498991104
505020416
527564800
539754496
544342016
548012032
551682048
556793856
561512448
565051392
570425344
585498624
603193344
603848704
603979776
603979776
604504064
600440832
602013696
601227264
601358336
601751552
600834048
601358336
600834048
600702976
601096192
601358336
594935808
535691264
497811456
498204672
539230208
512229376
509870080
504365056
474480640
473038848
473038848
484573184
505282560
507248640
494272512
484835328
488374272
488374272
510001152
553123840
553385984
542769152
541065216
541327360
541327360
540672000
541196288
541458432
540540928
541065216
543424512
544342016
541982720
506986496
500563968
500432896
500695040
506068992
530055168
544473088
547356672
549978112
555220992
559677440
566099968
568852480
571736064
577110016
579207168
580255744
611450880
611450880
611713024
609615872
609353728
608960512
609222656
609484800
609091584
609222656
608043008
608960512
608305152
608960512
609353728
608960512
548405248
520617984
503316480
509083648
539754496
515375104
509083648
490995712
471334912
470417408
470024192
469237760
495452160
503709696
493092864
478543872
481820672
484442112
484966400
493617152
539754496
538181632
538574848
538705920
538050560
538443776
537395200
538968064
537788416
541327360
541065216
539230208
522190848
500957184
498728960
498073600
508035072
538836992
542244864
545390592
548798464
551550976
554958848
562823168
566099968
569376768
574488576
579731456
586285056
590348288
585891840
605028352
615383040
612368384
613285888
613548032
612761600
613285888
613023744
612368384
613154816
612630528
611844096
613023744
613416960
579731456
526647296
495845376
480378880
506855424
507772928
471203840
457572352
457310208
487063552
478806016
471072768
474349568
476577792
533725184
543686656
543293440
543948800
543031296
543686656
537919488
528744448
528482304
527433728
528744448
527564800
528220160
527826944
528482304
527695872
532152320
532152320
530317312
513671168
491388928
486539264
521011200
523501568
525860864
528875520
532414464
535035904
538836992
543424512
546963456
549322752
555614208
561774592
568197120
574095360
580517888
584712192
587988992
592576512
602800128
624033792
624164864
624951296
625213440
624689152
624951296
625344512
625475584
624820224
622329856
622067712
621936640
621543424
621412352
622198784
621674496
621150208
621150208
621150208
620756992
621281280
622329856
591527936
539492352
504627200
487981056
513671168
516685824
486670336
467795968
467271680
465305600
497156096
478806016
473825280
475660288
511705088
542507008
542244864
541982720
542507008
541982720
538050560
527433728
527040512
527695872
528220160
527040512
526516224
527302656
528351232
527433728
527826944
530317312
533069824
528744448
503054336
488636416
505151488
524681216
527302656
529793024
533463040
536477696
539623424
543424512
548536320
551288832
552075264
560726016
566231040
571998208
578158592
584318976
588382208
591396864
591921152
612630528
629145600
629932032
629538816
629800960
630063104
630325248
630587392
630194176
628752384
626917376
626655232
626655232
626917376
626393088
626917376
625868800
626130944
626130944
625999872
625475584
625868800
627441664
579993600
526123008
502005760
507904000
537001984
513671168
481689600
481427456
498728960
498204672
485359616
487194624
527171584
550764544
550109184
551026688
550240256
550633472
550502400
550502400
543555584
537919488
537526272
537657344
537788416
537395200
537001984
537264128
538443776
536870912
537264128
539754496
541327360
539099136
519700480
500826112
501350400
530972672
535035904
536739840
540147712
543817728
546701312
549978112
554696704
556531712
563216384
567017472
572129280
578027520
583794688
589430784
593756160
596246528
615251968
625737728
626917376
627310592
626524160
626786304
626917376
626524160
626262016
626524160
625606656
626262016
626786304
626524160
619053056
550633472
512753664
495583232
512098304
529661952
484179968
476839936
487981056
484704256
487325696
490078208
510787584
555876352
556138496
556138496
556400640
556269568
556007424
556007424
556269568
543031296
541720576
542375936
541589504
542638080
541458432
540803072
541982720
542507008
541720576
541327360
544735232
546439168
543424512
526647296
503840768
511311872
533594112
535560192
538574848
541065216
544735232
548012032
551419904
556662784
559808512
561119232
568328192
574095360
579600384
578682880
591265792
595722240
598212608
594804736
608960512
628883456
629145600
629276672
629407744
629669888
629669888
630194176
630063104
629800960
626393088
626917376
626655232
626262016
626393088
626262016
626262016
626130944
625213440
625868800
625737728
625344512
625868800
625868800
591921152
529530880
506593280
497418240
533594112
512360448
483131392
476971008
503971840
490209280
486014976
493092864
551944192
551944192
551813120
551682048
551944192
551813120
551813120
551682048
548667392
538312704
538968064
539099136
539492352
538705920
538181632
538705920
538050560
539623424
538050560
539885568
540147712
544210944
539099136
509083648
498073600
494534656
516423680
528482304
531234816
534904832
537657344
541065216
544342016
549322752
552861696
554172416
560332800
565575680
571342848
576716800
582483968
586940416
589824000
589037568
613416960
619184128
619446272
pid: 146112
execution time 1002.58 (s)
