pgmigrate_success 1430584727
pgmigrate_fail 1005
thp_migration_success 2528841
thp_migration_fail 4
thp_migration_split 0
thp_fault_alloc 329037
thp_fault_fallback 0
thp_fault_fallback_charge 0
thp_collapse_alloc 629315
thp_collapse_alloc_failed 0
thp_file_alloc 0
thp_file_fallback 0
thp_file_fallback_charge 0
thp_file_mapped 0
thp_split_page 730224
thp_split_page_failed 3502
thp_deferred_split_page 734703
thp_split_pmd 733783
thp_split_pud 0
thp_zero_page_alloc 1
thp_zero_page_alloc_failed 0
thp_swpout 0
thp_swpout_fallback 0
htmm_nr_promoted 641063754
htmm_nr_demoted 789234957
htmm_nr_sampled 0
htmm_missed_dramread 0
htmm_missed_nvmread 0
htmm_missed_write 0
htmm_alloc_dram 180981017
htmm_alloc_nvm 0
