num_threads - 16, WSS - 128 GB, duration - 1000, num_bps_accessed - 256
thread 0: buf size - 8589934592 - 8 GB
thread 1: buf size - 8589934592 - 8 GB
thread 2: buf size - 8589934592 - 8 GB
thread 3: buf size - 8589934592 - 8 GB
thread 4: buf size - 8589934592 - 8 GB
thread 5: buf size - 8589934592 - 8 GB
thread 6: buf size - 8589934592 - 8 GB
thread 7: buf size - 8589934592 - 8 GB
thread 8: buf size - 8589934592 - 8 GB
thread 9: buf size - 8589934592 - 8 GB
thread 10: buf size - 8589934592 - 8 GB
thread 11: buf size - 8589934592 - 8 GB
thread 12: buf size - 8589934592 - 8 GB
thread 13: buf size - 8589934592 - 8 GB
thread 14: buf size - 8589934592 - 8 GB
thread 15: buf size - 8589934592 - 8 GB
thread 1: allocated 1st half
thread 7: allocated 1st half
thread 2: allocated 1st half
thread 10: allocated 1st half
thread 13: allocated 1st half
thread 14: allocated 1st half
thread 15: allocated 1st half
thread 4: allocated 1st half
thread 12: allocated 1st half
thread 6: allocated 1st half
thread 3: allocated 1st half
thread 9: allocated 1st half
thread 0: allocated 1st half
thread 11: allocated 1st half
thread 5: allocated 1st half
thread 8: allocated 1st half
0
0
0
0
thread 1: allocated 2nd half
thread 1: H - 2048, slots_per_hp - 16384, total_slots - 67108864 
thread 13: allocated 2nd half
thread 13: H - 2048, slots_per_hp - 16384, total_slots - 67108864 
thread 15: allocated 2nd half
thread 15: H - 2048, slots_per_hp - 16384, total_slots - 67108864 
thread 4: allocated 2nd half
thread 4: H - 2048, slots_per_hp - 16384, total_slots - 67108864 
thread 14: allocated 2nd half
thread 14: H - 2048, slots_per_hp - 16384, total_slots - 67108864 
thread 10: allocated 2nd half
thread 10: H - 2048, slots_per_hp - 16384, total_slots - 67108864 
thread 7: allocated 2nd half
thread 7: H - 2048, slots_per_hp - 16384, total_slots - 67108864 
thread 12: allocated 2nd half
thread 12: H - 2048, slots_per_hp - 16384, total_slots - 67108864 
thread 2: allocated 2nd half
thread 2: H - 2048, slots_per_hp - 16384, total_slots - 67108864 
thread 9: allocated 2nd half
thread 9: H - 2048, slots_per_hp - 16384, total_slots - 67108864 
thread 3: allocated 2nd half
thread 3: H - 2048, slots_per_hp - 16384, total_slots - 67108864 
thread 0: allocated 2nd half
thread 0: H - 2048, slots_per_hp - 16384, total_slots - 67108864 
thread 8: allocated 2nd half
thread 8: H - 2048, slots_per_hp - 16384, total_slots - 67108864 
thread 6: allocated 2nd half
thread 6: H - 2048, slots_per_hp - 16384, total_slots - 67108864 
thread 11: allocated 2nd half
thread 11: H - 2048, slots_per_hp - 16384, total_slots - 67108864 
thread 5: allocated 2nd half
thread 5: H - 2048, slots_per_hp - 16384, total_slots - 67108864 
496762880
774766592
786038784
790102016
791937024
791937024
792723456
792723456
773849088
768475136
780009472
777256960
776732672
777125888
765591552
764280832
764411904
763625472
755892224
754319360
757071872
754188288
750911488
747765760
736624640
740818944
749731840
752746496
754712576
757071872
758906880
762052608
763625472
766509056
767426560
802160640
806354944
805437440
807010304
800456704
804782080
811073536
809631744
810942464
803733504
805699584
804651008
803078144
804126720
780402688
771751936
768868352
765722624
764674048
756678656
765329408
766115840
769392640
771489792
773062656
795475968
813039616
811597824
813432832
813039616
811859968
813170688
812908544
812122112
804257792
803078144
806354944
806354944
805306368
807010304
784465920
773324800
770441216
767426560
762839040
760610816
757202944
754974720
752615424
741998592
743440384
742260736
737148928
741998592
749338624
752222208
755892224
759824384
761790464
766509056
769654784
771227648
774897664
777519104
788922368
814743552
815267840
813301760
815661056
816185344
811859968
810942464
810680320
810418176
808321024
793509888
777912320
773586944
769523712
761528320
759955456
756940800
753401856
750256128
746192896
742916096
739901440
737411072
740032512
748552192
754581504
756023296
759300096
763232256
764411904
767688704
771227648
776863744
780795904
803995648
822738944
823263232
823787520
821690368
823918592
824705024
818413568
817496064
818675712
814481408
815398912
799670272
779616256
776208384
773849088
770179072
768606208
766640128
761921536
755761152
748552192
748814336
746061824
742916096
744095744
753139712
758120448
760479744
763101184
767033344
769392640
771751936
775290880
778960896
782237696
805830656
820772864
823394304
823263232
822476800
821297152
821559296
816840704
817889280
817102848
815661056
814481408
788267008
780533760
775684096
772014080
769523712
763756544
761266176
756154368
753532928
748945408
745537536
740950016
740687872
749600768
755236864
761528320
763494400
767164416
771227648
774504448
777781248
781713408
783417344
805568512
826277888
825622528
826408960
825491456
826540032
823787520
824180736
821035008
820379648
819724288
819068928
810024960
785121280
781844480
776732672
773324800
770310144
765329408
760217600
756940800
752746496
749862912
750911488
758251520
763101184
766902272
769523712
772800512
774766592
779091968
782499840
797310976
800980992
798883840
798752768
798359552
797048832
801112064
785252352
780926976
776601600
772538368
767819776
764936192
761528320
757596160
751960064
748027904
743571456
745930752
753401856
758251520
763232256
767164416
768868352
773062656
776470528
777125888
780926976
813432832
821559296
821690368
821690368
821559296
821821440
822083584
821559296
821821440
816316416
815398912
816054272
815529984
813694976
815005696
786432000
779485184
772931584
772014080
767819776
764805120
761921536
757334016
764018688
769916928
773455872
775946240
776732672
780402688
814481408
822476800
822214656
822607872
822083584
822476800
818937856
814350336
816840704
816054272
816709632
816054272
807010304
783155200
777650176
774635520
771358720
768475136
763494400
760348672
756678656
752091136
746717184
745537536
754319360
759300096
763363328
767295488
771096576
773849088
776470528
779878400
783155200
817102848
822738944
822738944
822738944
823001088
822607872
822607872
823132160
822607872
821952512
815005696
815923200
815529984
813957120
813432832
784334848
779878400
775421952
772014080
768475136
764674048
761004032
757071872
753532928
749076480
742785024
746061824
754319360
759824384
762707968
767557632
771358720
773980160
774635520
779354112
782893056
815005696
823001088
823132160
822870016
823132160
823263232
823263232
823525376
823132160
819724288
817496064
817758208
816840704
816185344
815136768
784859136
780009472
775553024
772145152
768475136
765198336
760479744
757727232
754450432
749076480
746061824
755236864
760348672
764280832
767557632
771620864
774504448
777912320
779616256
786432000
818544640
817496064
817889280
816447488
816054272
803995648
779223040
777781248
774111232
770179072
765984768
763363328
760872960
755630080
751566848
755367936
761790464
766509056
768737280
773062656
776339456
779354112
780926976
803340288
823525376
823132160
817627136
818675712
818020352
817496064
817233920
811859968
784203776
778436608
774111232
770965504
768212992
763494400
765984768
771489792
775159808
777912320
780533760
798228480
823394304
823263232
823263232
823394304
823918592
823394304
823787520
824049664
818937856
817627136
817627136
816971776
816709632
807010304
782893056
778698752
775815168
771358720
767819776
763232256
760610816
756416512
751960064
751566848
759562240
763887616
766640128
771751936
773718016
777256960
779485184
782893056
818544640
822083584
818544640
818282496
818282496
817364992
816971776
812515328
783679488
780009472
775159808
772014080
769392640
767033344
771620864
775290880
779223040
782106624
800456704
823918592
823787520
823787520
823656448
823656448
823918592
823656448
823787520
823263232
819068928
817889280
817627136
817233920
816447488
807010304
782630912
778567680
775684096
771227648
767426560
764149760
760872960
756547584
751960064
749993984
757596160
762445824
766771200
769654784
773193728
776470528
778436608
782368768
807927808
824049664
817889280
818151424
818282496
817496064
816316416
815398912
787873792
780926976
775815168
772800512
769916928
767426560
770834432
775421952
778698752
781582336
797835264
823263232
824180736
823787520
823525376
823132160
823918592
823656448
824180736
823787520
819331072
818151424
817889280
817627136
816447488
814481408
783548416
780140544
776470528
772931584
768081920
765198336
761397248
757334016
752746496
748683264
756285440
761528320
764936192
768737280
773062656
775684096
777781248
781844480
794689536
823656448
819462144
818413568
818282496
816447488
814350336
815792128
797573120
782106624
776601600
773980160
770834432
767164416
767688704
773718016
778436608
780664832
784596992
823656448
823787520
823656448
822870016
823787520
823656448
823656448
823394304
823394304
820903936
818544640
817233920
816971776
817496064
816054272
791412736
781844480
777912320
773324800
768868352
765984768
763363328
758513664
753270784
750256128
753664000
759693312
763756544
768081920
772145152
775290880
776470528
780271616
787349504
823394304
819986432
817889280
816840704
816971776
816316416
816447488
804782080
782761984
777519104
774766592
771358720
767688704
768081920
772538368
777256960
779354112
781320192
817627136
823787520
823525376
823394304
823525376
823656448
823787520
823132160
823656448
823263232
817889280
817364992
817364992
817364992
815792128
800456704
781844480
779223040
774373376
769916928
766509056
764542976
759824384
754843648
750518272
749862912
756416512
761004032
766115840
770048000
773193728
774897664
778698752
782499840
792199168
821821440
818151424
818282496
818675712
817889280
817102848
812384256
784596992
778436608
775684096
772931584
769654784
771751936
776208384
780533760
783417344
805044224
818675712
819331072
818806784
817496064
817627136
791937024
781975552
776208384
773849088
771096576
767164416
762052608
758251520
755761152
753926144
759693312
764936192
769916928
772669440
774111232
777519104
781844480
784465920
817364992
824311808
821166080
819068928
818806784
818413568
818151424
817233920
796131328
782368768
778960896
774504448
769523712
764805120
771227648
774373376
776601600
780533760
784596992
820903936
825098240
823525376
825491456
824573952
825098240
824442880
824967168
824967168
821952512
819068928
818806784
818806784
816971776
811859968
785514496
780140544
775553024
772014080
768868352
764936192
760610816
756547584
754057216
756416512
762052608
766509056
771620864
773849088
775815168
779223040
782630912
802553856
824442880
824049664
819855360
819068928
818544640
818413568
817364992
818020352
788135936
780533760
778174464
773062656
768475136
765067264
768999424
773324800
776077312
778829824
783548416
806617088
824442880
824311808
825360384
824180736
824836096
824573952
825229312
824836096
820117504
818937856
818675712
818544640
817102848
806879232
783941632
779616256
775159808
771096576
767950848
764542976
759693312
755761152
755630080
761528320
765591552
770048000
773980160
776339456
778305536
781189120
794296320
824311808
824705024
823525376
818937856
819331072
818937856
818544640
817496064
813563904
783679488
780271616
776994816
771751936
768212992
765591552
771489792
774504448
777125888
780533760
784990208
819724288
824705024
824836096
824836096
825098240
824573952
824573952
825229312
824967168
819724288
818937856
818806784
818151424
817102848
803995648
783941632
779616256
773849088
771227648
767819776
763756544
759300096
755761152
752091136
756154368
761921536
766509056
770572288
772931584
775815168
778436608
782499840
795082752
824180736
822870016
818937856
819200000
819200000
817889280
816316416
812777472
784596992
779485184
775421952
772669440
768475136
766509056
772407296
775553024
778305536
781844480
791543808
824836096
824573952
823918592
825098240
824442880
824705024
824442880
825229312
824705024
820117504
817889280
819200000
818282496
816578560
803733504
784072704
779485184
774635520
771227648
768212992
764542976
759824384
756154368
753532928
759824384
764280832
768737280
773193728
775290880
777388032
780795904
784334848
814743552
824573952
822607872
819462144
819200000
819200000
818151424
817627136
813432832
783810560
777519104
776470528
772669440
768475136
767426560
773455872
776208384
778567680
782106624
796131328
824705024
824573952
824573952
825098240
825360384
824442880
824573952
824967168
824573952
819986432
818282496
818937856
818413568
817496064
802947072
784072704
778960896
774504448
771358720
768344064
764542976
759955456
755630080
753008640
756285440
762445824
766115840
771096576
773193728
775946240
778960896
782893056
795869184
824311808
821952512
819986432
819200000
818806784
818282496
817627136
811466752
782893056
778174464
776470528
773455872
pid: 40491
execution time 1002.50 (s)
