pgmigrate_success 745112874
pgmigrate_fail 10743
thp_migration_success 1087676
thp_migration_fail 4
thp_migration_split 0
thp_fault_alloc 1187742
thp_fault_fallback 0
thp_fault_fallback_charge 0
thp_collapse_alloc 1149833
thp_collapse_alloc_failed 0
thp_file_alloc 0
thp_file_fallback 0
thp_file_fallback_charge 0
thp_file_mapped 0
thp_split_page 1312913
thp_split_page_failed 2155
thp_deferred_split_page 1316476
thp_split_pmd 1315697
thp_split_pud 0
thp_zero_page_alloc 1
thp_zero_page_alloc_failed 0
thp_swpout 0
thp_swpout_fallback 0
htmm_nr_promoted 340822203
htmm_nr_demoted 399360846
htmm_nr_sampled 0
htmm_missed_dramread 0
htmm_missed_nvmread 0
htmm_missed_write 0
htmm_alloc_dram 633803554
htmm_alloc_nvm 0
