pgmigrate_success 597877631
pgmigrate_fail 10739
thp_migration_success 857063
thp_migration_fail 0
thp_migration_split 0
thp_fault_alloc 1121980
thp_fault_fallback 0
thp_fault_fallback_charge 0
thp_collapse_alloc 1005970
thp_collapse_alloc_failed 0
thp_file_alloc 0
thp_file_fallback 0
thp_file_fallback_charge 0
thp_file_mapped 0
thp_split_page 1169474
thp_split_page_failed 1890
thp_deferred_split_page 1172615
thp_split_pmd 1171971
thp_split_pud 0
thp_zero_page_alloc 1
thp_zero_page_alloc_failed 0
thp_swpout 0
thp_swpout_fallback 0
htmm_nr_promoted 272845106
htmm_nr_demoted 320102700
htmm_nr_sampled 0
htmm_missed_dramread 0
htmm_missed_nvmread 0
htmm_missed_write 0
htmm_alloc_dram 599829927
htmm_alloc_nvm 0
