num_threads - 16, WSS - 128 GB, duration - 1000
thread 0: buf size - 8589934592 - 8 GB
thread 1: buf size - 8589934592 - 8 GB
thread 2: buf size - 8589934592 - 8 GB
thread 3: buf size - 8589934592 - 8 GB
thread 4: buf size - 8589934592 - 8 GB
thread 5: buf size - 8589934592 - 8 GB
thread 6: buf size - 8589934592 - 8 GB
thread 7: buf size - 8589934592 - 8 GB
thread 8: buf size - 8589934592 - 8 GB
thread 9: buf size - 8589934592 - 8 GB
thread 10: buf size - 8589934592 - 8 GB
thread 11: buf size - 8589934592 - 8 GB
thread 12: buf size - 8589934592 - 8 GB
thread 13: buf size - 8589934592 - 8 GB
thread 14: buf size - 8589934592 - 8 GB
thread 15: buf size - 8589934592 - 8 GB
thread 7: allocated 1st half
thread 2: allocated 1st half
thread 1: allocated 1st half
thread 13: allocated 1st half
thread 12: allocated 1st half
thread 4: allocated 1st half
thread 10: allocated 1st half
thread 15: allocated 1st half
thread 3: allocated 1st half
thread 14: allocated 1st half
thread 9: allocated 1st half
thread 8: allocated 1st half
thread 5: allocated 1st half
thread 11: allocated 1st half
thread 6: allocated 1st half
thread 0: allocated 1st half
0
0
0
0
thread 7: allocated 2nd half
thread 7: H - 2048
thread 13: allocated 2nd half
thread 13: H - 2048
thread 1: allocated 2nd half
thread 1: H - 2048
thread 12: allocated 2nd half
thread 12: H - 2048
thread 2: allocated 2nd half
thread 2: H - 2048
thread 10: allocated 2nd half
thread 10: H - 2048
thread 4: allocated 2nd half
thread 4: H - 2048
thread 15: allocated 2nd half
thread 15: H - 2048
thread 14: allocated 2nd half
thread 14: H - 2048
thread 9: allocated 2nd half
thread 9: H - 2048
thread 3: allocated 2nd half
thread 3: H - 2048
thread 8: allocated 2nd half
thread 8: H - 2048
thread 0: allocated 2nd half
thread 0: H - 2048
thread 6: allocated 2nd half
thread 6: H - 2048
thread 11: allocated 2nd half
thread 11: H - 2048
thread 5: allocated 2nd half
thread 5: H - 2048
477888512
554696704
556531712
562561024
561643520
565051392
566755328
568590336
569901056
570163200
532283392
466223104
430440448
402128896
390463488
447348736
446824448
445644800
445644800
445251584
444596224
395313152
391249920
390725632
389283840
389414912
389021696
388104192
387710976
387317760
386924544
386400256
385351680
385744896
384958464
384303104
384303104
384040960
383254528
382992384
382337024
382468096
381681664
381550592
381419520
380502016
380633088
380239872
379977728
379715584
379584512
379191296
379060224
379060224
379191296
378535936
378535936
378011648
378273792
378273792
377880576
377618432
377487360
377356288
377225216
376963072
377618432
376832000
376438784
376569856
377618432
397803520
397672448
399114240
398852096
399245312
399769600
399638528
407764992
431226880
431620096
431489024
420085760
419954688
420085760
419954688
419954688
420216832
422707200
419299328
384696320
387842048
390594560
394264576
395837440
397672448
399376384
401735680
403177472
406978560
411435008
416940032
429391872
453115904
459669504
467795968
475529216
481951744
488112128
493879296
500826112
508297216
515112960
523370496
532807680
561119232
570949632
570818560
571211776
571473920
569114624
569376768
569114624
568983552
568983552
568590336
568721408
568328192
571080704
570425344
571211776
570687488
558759936
472645632
442892288
414187520
387710976
369360896
364773376
387579904
402784256
402128896
401866752
401473536
401342464
370278400
352845824
351666176
351797248
351010816
350879744
350355456
350617600
349175808
349831168
349569024
349306880
348651520
348520448
348520448
348127232
348389376
347865088
347996160
347471872
347340800
347865088
347340800
346816512
347078656
346947584
346816512
346554368
347078656
346816512
346816512
370409472
369491968
369623040
349306880
349175808
349306880
349700096
350355456
350355456
350093312
350748672
351272960
351272960
351404032
351928320
352321536
352190464
353370112
352845824
353107968
353501184
354156544
373555200
404357120
404619264
403963904
404750336
404488192
398065664
395182080
395837440
394919936
395444224
395182080
395182080
395444224
397672448
397017088
370933760
364380160
365559808
368312320
372768768
390201344
392036352
392822784
397672448
399900672
404881408
409337856
411303936
414711808
418381824
422182912
425852928
429785088
433979392
438042624
442892288
449576960
455737344
461242368
467271680
473038848
479592448
485883904
491388928
496631808
502530048
507379712
514588672
520486912
527040512
534380544
567803904
571867136
572522496
572522496
573046784
568197120
568459264
568328192
568066048
568197120
567803904
567541760
568590336
568590336
557449216
557973504
558104576
558628864
557973504
558366720
558104576
558235648
550895616
498073600
463601664
438042624
413270016
381681664
366215168
350748672
343539712
376963072
381943808
381812736
381288448
380895232
381157376
380764160
357433344
334757888
334233600
333578240
333578240
332660736
332136448
332136448
331874304
331612160
331087872
331087872
330563584
330170368
330432512
329646080
329646080
329383936
329252864
329383936
328990720
328597504
328859648
329121792
328204288
328335360
328728576
328466432
328204288
328073216
328466432
327811072
328204288
327942144
327548928
327942144
327811072
327417856
327548928
328859648
354942976
328073216
328204288
328597504
328859648
328859648
329777152
330039296
329646080
330170368
330825728
331218944
331612160
332005376
331743232
331874304
332398592
331874304
332267520
333316096
332791808
332791808
333316096
333185024
333709312
333971456
333840384
334233600
334364672
334233600
334364672
334757888
334888960
334757888
334888960
335544320
335282176
335282176
335675392
379191296
384303104
384172032
384040960
384303104
384303104
384434176
384172032
376176640
375390208
376045568
375521280
375914496
375521280
375914496
375390208
376700928
376963072
376832000
362414080
357695488
367525888
370016256
371851264
373948416
376176640
377749504
380764160
383385600
384827392
387710976
387973120
392429568
395575296
399507456
403439616
407109632
411828224
418512896
420741120
424148992
427032576
430309376
433586176
437125120
440795136
445251584
450756608
455737344
461635584
468713472
477233152
485359616
489422848
495845376
502267904
507904000
513015808
519176192
525205504
538705920
579469312
582090752
581697536
582090752
581959680
582221824
582615040
581959680
582352896
575537152
565313536
565313536
565575680
564264960
564396032
565182464
564658176
564658176
568590336
570949632
566624256
515112960
525205504
544473088
574095360
579993600
583270400
602275840
609353728
609091584
609222656
606076928
606601216
606601216
606470144
606470144
605945856
606208000
605945856
605683712
605814784
605552640
589824000
573833216
569638912
567279616
570818560
575799296
576847872
596770816
602931200
603062272
600965120
600965120
600440832
600440832
600965120
600047616
600309760
599916544
599916544
599916544
600178688
599130112
579338240
570949632
568066048
564527104
565313536
572522496
576192512
577765376
595329024
600047616
597295104
598343680
597426176
597426176
597819392
597032960
597164032
597164032
597164032
597032960
596770816
597164032
599130112
589955072
515112960
490471424
484704256
517472256
521142272
493617152
491913216
482476032
458752000
457441280
456523776
456392704
456654848
455999488
455737344
455606272
488636416
487456768
484835328
465698816
466223104
467140608
467533824
467402752
469106688
468451328
470024192
469762048
531759104
533856256
523239424
518914048
518914048
519176192
519307264
518651904
518258688
519962624
518651904
520224768
521535488
524288000
520880128
489160704
478281728
479985664
481558528
487456768
507904000
520093696
522977280
525336576
530448384
534642688
538312704
541196288
545783808
550895616
555614208
562298880
568852480
594935808
605159424
603455488
603848704
603455488
603062272
603193344
602669056
603062272
603062272
597295104
595329024
602669056
602931200
601751552
581566464
576454656
578027520
586153984
594542592
613416960
613810176
613810176
613941248
614334464
610795520
610926592
611713024
611057664
611057664
610664448
610926592
610664448
610795520
610402304
610140160
610926592
609878016
594542592
585105408
583925760
585236480
588644352
607780864
613285888
613548032
613416960
613154816
610926592
611057664
610664448
610664448
610402304
610926592
610664448
610140160
610402304
610140160
609746944
610009088
609746944
603848704
588251136
586940416
585891840
594149376
599261184
620494848
621281280
621150208
621412352
619315200
618790912
618397696
618266624
617873408
618135552
617742336
618004480
617742336
618004480
617349120
616824832
618135552
617349120
600571904
593625088
592314368
592445440
593756160
618397696
619053056
619184128
618790912
619446272
616038400
616169472
616824832
616038400
615645184
616038400
615907328
616038400
615776256
615776256
615120896
614727680
616431616
611450880
594804736
593756160
591921152
592183296
592707584
612892672
617611264
618659840
618397696
618659840
600309760
598999040
598999040
598867968
598343680
598999040
598474752
598999040
598081536
598212608
598474752
598343680
597557248
596639744
600440832
591921152
590086144
589037568
590348288
590217216
609615872
615251968
615907328
615645184
615645184
612237312
612892672
613416960
612761600
613023744
613023744
612106240
613154816
612499456
612368384
611844096
611975168
613023744
611713024
596508672
590348288
589430784
589037568
590086144
594411520
614858752
614727680
615251968
615251968
612106240
612630528
612630528
612630528
612106240
612892672
611975168
612368384
611581952
612106240
611844096
611581952
611713024
611975168
609222656
591790080
589955072
588775424
589430784
590217216
599261184
615120896
615514112
615251968
615383040
612499456
612761600
613023744
612499456
612630528
612892672
612630528
612499456
612106240
612630528
611975168
612106240
611975168
611844096
609615872
592052224
590479360
590610432
600309760
614465536
614989824
615383040
615120896
615120896
615383040
611581952
612761600
612368384
612499456
611844096
612499456
612106240
612237312
611975168
611844096
611844096
611713024
610795520
612368384
610926592
594935808
591396864
589299712
589824000
590086144
610271232
613810176
613941248
614334464
614334464
611057664
611975168
611713024
611581952
611319808
611713024
611188736
611450880
611057664
611188736
611057664
610664448
610533376
611581952
610271232
592314368
590741504
589037568
590086144
589299712
613154816
613023744
613154816
613416960
613679104
599654400
594280448
594018304
593756160
593625088
593625088
594018304
593625088
593756160
592969728
593756160
593362944
592969728
593231872
593100800
591659008
595591168
591790080
589955072
588382208
589430784
589561856
610271232
613416960
613810176
613154816
613548032
610271232
611844096
610926592
611057664
610533376
611057664
610402304
610795520
610140160
610402304
610271232
609746944
610140160
610402304
609746944
603586560
590086144
589561856
589168640
589561856
595460096
613285888
613810176
613941248
613548032
612630528
611319808
611188736
611319808
611188736
611188736
610926592
610926592
611450880
610795520
611057664
610664448
610402304
609878016
611844096
610009088
600309760
590741504
589299712
589037568
589824000
596508672
613023744
613154816
613679104
613285888
611713024
611581952
610926592
611188736
610795520
611057664
610795520
611188736
610533376
610533376
610533376
610402304
610140160
610140160
610664448
610402304
600834048
589955072
589037568
588906496
589430784
592576512
611975168
612106240
612106240
612630528
610533376
610271232
610271232
610271232
609615872
609746944
609746944
609746944
609615872
609353728
609484800
609222656
609615872
609484800
608305152
609878016
608567296
595591168
589824000
588382208
589692928
605421568
612630528
612892672
612761600
613679104
613285888
610533376
611057664
610795520
610664448
610271232
610795520
610533376
610271232
610402304
610402304
610271232
610271232
609615872
609746944
610009088
610140160
607256576
590348288
589430784
589299712
pid: 55894
execution time 1002.57 (s)
