num_threads - 16, WSS - 128 GB, duration - 1000
thread 0: buf size - 8589934592 - 8 GB
thread 1: buf size - 8589934592 - 8 GB
thread 2: buf size - 8589934592 - 8 GB
thread 3: buf size - 8589934592 - 8 GB
thread 4: buf size - 8589934592 - 8 GB
thread 5: buf size - 8589934592 - 8 GB
thread 6: buf size - 8589934592 - 8 GB
thread 7: buf size - 8589934592 - 8 GB
thread 8: buf size - 8589934592 - 8 GB
thread 9: buf size - 8589934592 - 8 GB
thread 10: buf size - 8589934592 - 8 GB
thread 11: buf size - 8589934592 - 8 GB
thread 12: buf size - 8589934592 - 8 GB
thread 13: buf size - 8589934592 - 8 GB
thread 14: buf size - 8589934592 - 8 GB
thread 15: buf size - 8589934592 - 8 GB
thread 1: allocated 1st half
thread 7: allocated 1st half
thread 13: allocated 1st half
thread 15: allocated 1st half
thread 4: allocated 1st half
thread 2: allocated 1st half
thread 12: allocated 1st half
thread 10: allocated 1st half
thread 14: allocated 1st half
thread 3: allocated 1st half
thread 9: allocated 1st half
thread 0: allocated 1st half
thread 5: allocated 1st half
thread 6: allocated 1st half
thread 8: allocated 1st half
thread 11: allocated 1st half
0
0
0
0
thread 1: allocated 2nd half
thread 1: H - 2048
thread 13: allocated 2nd half
thread 13: H - 2048
thread 12: allocated 2nd half
thread 12: H - 2048
thread 7: allocated 2nd half
thread 7: H - 2048
thread 4: allocated 2nd half
thread 4: H - 2048
thread 15: allocated 2nd half
thread 15: H - 2048
thread 2: allocated 2nd half
thread 2: H - 2048
thread 10: allocated 2nd half
thread 10: H - 2048
thread 14: allocated 2nd half
thread 14: H - 2048
thread 3: allocated 2nd half
thread 3: H - 2048
thread 9: allocated 2nd half
thread 9: H - 2048
thread 8: allocated 2nd half
thread 8: H - 2048
thread 0: allocated 2nd half
thread 0: H - 2048
thread 6: allocated 2nd half
thread 6: H - 2048
thread 11: allocated 2nd half
thread 11: H - 2048
thread 5: allocated 2nd half
thread 5: H - 2048
476577792
558891008
561905664
564396032
566362112
567148544
568066048
569245696
570294272
569769984
568590336
568066048
567803904
567803904
567279616
551813120
543948800
540409856
536870912
535166976
531365888
528351232
525729792
523763712
521011200
517734400
514326528
523370496
526123008
529137664
531103744
534118400
536870912
539361280
541720576
545259520
568721408
568983552
568721408
568852480
568852480
568983552
569114624
569245696
568983552
568852480
566231040
566493184
566755328
566231040
566231040
565706752
566624256
568328192
568459264
568459264
567541760
490471424
443416576
415236096
389939200
365690880
355860480
410255360
414580736
415236096
411435008
409862144
409075712
409993216
408813568
384040960
360185856
358219776
358219776
357564416
357171200
356646912
356384768
356253696
355729408
355467264
355205120
354942976
354418688
354418688
353894400
354025472
353501184
353501184
352583680
352714752
352452608
352321536
352190464
351010816
351272960
351666176
351141888
349831168
350617600
350093312
350486528
349831168
349700096
349700096
349175808
349306880
349044736
349044736
348520448
348913664
348782592
368443392
373161984
373686272
374210560
373817344
373424128
357433344
351797248
351797248
352976896
352583680
352976896
353107968
353239040
353370112
354156544
353894400
376045568
405012480
405405696
405536768
405012480
405798912
405274624
405143552
403308544
396230656
396099584
396361728
395837440
396361728
396623872
396230656
398589952
397410304
369098752
366084096
366870528
368181248
369885184
371458048
390987776
400162816
404226048
408027136
413007872
415367168
419037184
422707200
426770432
429785088
433586176
437911552
443940864
449314816
454426624
461111296
466878464
473563136
480509952
486539264
492175360
497942528
504102912
510394368
517079040
524943360
532283392
557318144
570687488
570556416
571604992
571080704
571342848
570687488
571473920
569245696
569114624
569507840
569245696
569114624
568983552
569245696
568852480
569507840
570818560
571080704
571080704
570687488
570949632
547618816
467009536
437649408
409600000
383516672
363200512
353501184
343670784
380239872
384434176
383778816
383778816
384303104
383385600
351404032
336723968
335937536
335806464
335675392
335151104
335151104
334626816
333971456
334364672
333709312
333840384
333447168
332922880
332791808
332791808
332660736
332136448
331874304
331743232
331743232
331743232
331087872
330956800
330956800
331087872
330563584
330956800
330563584
330432512
330563584
330563584
330432512
330039296
330039296
329646080
329515008
350093312
349175808
330432512
330825728
330956800
330956800
331481088
331612160
331874304
332136448
332529664
333053952
332791808
333185024
332922880
333578240
333578240
333971456
333840384
334495744
334102528
335151104
334888960
335282176
335544320
336068608
335937536
336199680
336592896
336461824
337248256
337379328
337117184
337510400
338296832
369491968
387317760
386662400
386662400
387317760
386531328
383385600
379191296
378535936
378142720
378929152
378404864
378535936
378273792
379060224
379453440
381419520
372375552
350617600
355205120
370016256
372375552
374996992
377356288
380370944
382599168
386662400
387710976
391249920
396623872
401211392
405536768
408682496
413532160
417988608
421134336
424935424
428212224
431751168
434503680
438042624
442630144
448135168
454295552
459407360
464519168
471072768
477757440
486014976
490471424
495583232
500039680
505020416
510263296
516685824
522715136
532807680
572129280
571473920
562692096
561905664
562429952
562561024
562429952
562823168
562298880
565837824
567279616
566099968
569507840
522452992
526778368
518651904
547618816
529530880
527040512
497942528
492961792
492830720
524812288
521797632
500957184
501481472
502398976
502136832
503316480
523108352
572784640
573702144
573177856
564527104
558628864
557842432
558759936
557449216
558497792
559022080
557842432
561250304
562692096
560988160
529268736
510787584
510001152
510132224
517472256
523894784
550502400
559939584
579469312
595722240
594411520
593756160
594018304
594018304
594411520
593625088
593494016
594280448
593362944
593756160
592969728
595197952
548143104
502661120
503054336
536346624
510001152
507641856
488374272
474873856
475398144
474349568
490733568
508297216
511967232
496107520
488505344
491126784
491520000
492568576
546963456
557449216
551944192
543817728
542900224
543424512
542900224
543031296
542244864
543948800
542769152
545914880
546701312
545259520
520224768
499253248
499908608
500170752
506462208
516161536
542375936
547356672
552206336
555089920
558104576
562954240
567017472
570818560
576061440
604897280
605290496
605683712
605552640
605552640
603979776
603455488
602406912
602931200
602800128
602275840
602800128
602013696
602275840
602144768
602144768
602275840
602406912
541982720
509345792
521142272
549060608
523239424
521011200
504102912
486014976
484835328
484966400
484179968
520355840
518389760
508690432
494665728
495845376
496500736
497156096
530579456
562823168
553779200
548929536
548012032
549060608
548274176
547880960
548536320
548929536
548536320
549715968
551550976
552468480
544866304
509476864
510918656
509476864
512491520
517865472
550764544
558104576
561643520
565575680
569638912
573571072
578420736
584056832
587726848
599392256
616431616
617086976
617218048
617349120
617480192
613679104
613941248
613679104
613810176
614072320
613679104
613154816
613548032
613154816
613023744
613416960
613416960
615645184
598343680
530841600
505151488
484179968
502267904
525729792
503578624
483393536
462290944
461504512
461373440
461111296
461635584
461766656
485752832
475136000
466878464
467271680
467664896
468451328
469106688
470548480
470810624
471465984
472121344
531759104
536477696
536346624
536608768
536608768
536739840
522452992
520486912
519962624
520486912
520224768
519569408
520224768
521535488
519438336
520486912
524550144
525205504
522190848
499122176
478937088
476184576
492961792
508035072
511049728
514064384
517603328
521404416
524943360
528613376
531890176
539099136
544997376
551157760
556269568
560594944
566231040
569114624
574619648
581959680
613154816
613154816
613416960
613548032
613679104
613810176
614072320
614072320
614334464
614072320
609878016
610795520
610795520
610926592
611057664
610140160
610926592
610009088
610402304
610271232
609484800
610271232
610664448
567803904
573833216
564264960
542900224
531759104
563085312
562036736
550109184
530317312
530972672
571736064
588644352
588775424
588906496
588513280
588120064
588382208
589299712
588382208
588513280
591659008
592314368
590872576
567148544
543948800
547618816
564133888
600965120
610140160
609746944
610926592
610402304
610271232
608174080
607649792
607780864
607518720
606994432
607518720
606732288
607649792
606601216
607125504
606601216
606339072
606863360
607518720
557056000
512098304
501743616
535691264
517734400
519307264
492830720
485097472
496893952
514064384
515506176
488374272
490733568
511311872
554565632
554041344
554696704
554434560
554303488
554696704
547880960
541982720
541851648
541851648
541589504
541196288
541196288
541458432
542638080
541065216
541458432
544473088
544866304
543686656
528875520
502923264
505806848
507904000
510656512
540147712
543686656
546045952
550895616
555220992
559022080
562954240
567410688
573571072
579469312
584581120
599130112
618790912
619708416
619446272
619708416
615383040
616824832
616824832
615907328
616300544
616562688
615907328
615907328
616300544
615776256
615383040
616431616
615383040
616169472
551813120
514981888
508297216
543686656
523632640
521142272
488243200
487981056
496893952
517996544
507379712
491126784
493486080
511180800
557842432
557711360
557973504
558104576
558104576
557711360
549584896
544735232
544079872
544604160
544735232
543948800
544079872
544604160
544735232
544079872
543555584
547749888
546045952
548536320
544079872
509083648
509739008
509739008
507248640
520093696
539492352
542638080
545783808
549191680
554172416
558497792
562954240
567803904
574095360
579338240
582221824
590348288
617611264
618397696
618397696
614989824
615907328
615514112
615514112
615120896
615251968
615383040
615120896
614858752
614727680
614858752
614203392
615251968
614203392
614465536
552337408
516292608
506068992
544342016
522584064
503447552
487587840
501612544
512229376
490602496
493486080
494796800
552861696
557973504
557449216
558366720
557580288
558366720
557711360
557580288
548143104
544604160
544997376
544866304
544735232
544210944
544210944
544866304
544997376
544604160
543686656
547749888
546045952
548667392
544473088
507510784
508166144
507117568
504627200
532676608
540147712
542900224
545652736
549453824
554041344
557580288
562823168
567803904
573440000
579076096
583008256
583794688
616431616
616824832
617349120
614334464
614334464
614596608
614334464
613810176
614596608
614334464
613548032
613548032
613679104
613679104
613548032
613548032
613548032
613548032
579862528
578027520
569245696
543817728
574881792
555483136
540147712
590217216
612499456
612630528
602800128
599916544
600571904
599523328
600440832
599654400
599654400
599654400
600440832
599654400
599130112
602275840
601751552
603586560
600178688
556531712
557973504
572784640
588513280
614465536
615776256
615514112
616169472
615383040
616431616
611975168
612892672
613285888
612761600
612237312
612892672
612499456
612761600
611975168
612368384
612237312
611713024
612368384
611844096
608174080
572653568
577110016
571211776
551944192
574095360
552992768
540147712
599916544
612237312
611319808
599785472
600965120
600309760
600571904
600309760
600047616
600440832
599654400
600965120
599916544
599261184
603062272
602537984
603586560
597032960
554041344
557580288
583008256
587726848
607125504
614072320
614334464
614727680
614203392
614727680
610795520
611844096
612237312
611057664
611713024
611581952
611581952
610795520
611188736
611057664
611319808
610402304
611057664
610926592
610795520
578289664
573177856
574488576
552075264
566493184
569638912
544079872
538312704
608305152
pid: 138643
execution time 1002.73 (s)
