num_threads - 16, WSS - 128 GB, duration - 1000, num_bps_accessed - 1
thread 0: buf size - 8589934592 - 8 GB
thread 1: buf size - 8589934592 - 8 GB
thread 3: buf size - 8589934592 - 8 GB
thread 4: buf size - 8589934592 - 8 GB
thread 5: buf size - 8589934592 - 8 GB
thread 2: buf size - 8589934592 - 8 GB
thread 6: buf size - 8589934592 - 8 GB
thread 7: buf size - 8589934592 - 8 GB
thread 8: buf size - 8589934592 - 8 GB
thread 9: buf size - 8589934592 - 8 GB
thread 10: buf size - 8589934592 - 8 GB
thread 11: buf size - 8589934592 - 8 GB
thread 12: buf size - 8589934592 - 8 GB
thread 13: buf size - 8589934592 - 8 GB
thread 14: buf size - 8589934592 - 8 GB
thread 15: buf size - 8589934592 - 8 GB
thread 2: allocated 1st half
thread 4: allocated 1st half
thread 1: allocated 1st half
thread 7: allocated 1st half
thread 13: allocated 1st half
thread 15: allocated 1st half
thread 14: allocated 1st half
thread 3: allocated 1st half
thread 12: allocated 1st half
thread 10: allocated 1st half
thread 8: allocated 1st half
thread 5: allocated 1st half
thread 9: allocated 1st half
thread 6: allocated 1st half
thread 11: allocated 1st half
thread 0: allocated 1st half
0
0
0
0
thread 13: allocated 2nd half
thread 13: H - 2048, slots_per_hp - 64, total_slots - 262144 
thread 2: allocated 2nd half
thread 2: H - 2048, slots_per_hp - 64, total_slots - 262144 
thread 1: allocated 2nd half
thread 1: H - 2048, slots_per_hp - 64, total_slots - 262144 
thread 7: allocated 2nd half
thread 7: H - 2048, slots_per_hp - 64, total_slots - 262144 
thread 15: allocated 2nd half
thread 15: H - 2048, slots_per_hp - 64, total_slots - 262144 
thread 14: allocated 2nd half
thread 14: H - 2048, slots_per_hp - 64, total_slots - 262144 
thread 4: allocated 2nd half
thread 4: H - 2048, slots_per_hp - 64, total_slots - 262144 
thread 10: allocated 2nd half
thread 10: H - 2048, slots_per_hp - 64, total_slots - 262144 
thread 12: allocated 2nd half
thread 12: H - 2048, slots_per_hp - 64, total_slots - 262144 
thread 3: allocated 2nd half
thread 3: H - 2048, slots_per_hp - 64, total_slots - 262144 
thread 9: allocated 2nd half
thread 9: H - 2048, slots_per_hp - 64, total_slots - 262144 
thread 8: allocated 2nd half
thread 8: H - 2048, slots_per_hp - 64, total_slots - 262144 
thread 0: allocated 2nd half
thread 0: H - 2048, slots_per_hp - 64, total_slots - 262144 
thread 11: allocated 2nd half
thread 11: H - 2048, slots_per_hp - 64, total_slots - 262144 
thread 6: allocated 2nd half
thread 6: H - 2048, slots_per_hp - 64, total_slots - 262144 
thread 5: allocated 2nd half
thread 5: H - 2048, slots_per_hp - 64, total_slots - 262144 
527433728
904265728
905445376
907280384
909508608
908722176
903348224
901382144
903741440
904134656
876740608
850395136
844103680
840040448
831651840
820641792
816316416
803340288
797704192
792068096
782761984
780402688
792199168
799670272
809369600
816709632
826146816
835059712
842924032
851443712
888012800
898367488
898105344
896401408
898891776
901906432
901644288
893517824
871628800
839516160
756023296
671612928
663355392
664010752
663748608
642383872
584318976
583663616
583663616
583270400
583532544
583532544
583401472
583139328
583401472
583139328
582877184
583663616
582877184
583270400
583401472
582877184
582877184
583270400
583270400
583139328
583139328
582877184
583139328
582877184
583008256
582615040
583532544
582483968
582877184
582746112
582746112
583008256
582615040
583008256
582877184
582221824
583139328
582483968
582746112
600047616
633602048
634650624
634781696
636092416
636485632
637534208
669908992
758775808
759431168
759037952
759562240
758775808
759431168
713162752
712769536
709885952
704118784
725352448
707264512
709492736
703201280
707788800
742391808
753795072
760479744
769392640
811466752
830603264
843448320
855506944
864550912
872677376
887226368
899940352
909115392
917110784
923533312
928645120
931790848
924844032
914227200
904134656
894828544
885260288
876347392
867041280
859308032
912130048
913833984
911605760
911343616
909377536
913440768
896663552
875954176
823787520
734003200
671219712
672923648
627048448
594542592
594018304
593887232
594018304
594149376
593231872
593756160
630063104
666238976
797048832
796524544
797179904
796786688
777781248
750649344
746192896
745013248
745013248
757989376
741081088
751435776
792985600
806092800
818413568
833093632
848166912
864550912
881328128
897712128
914751488
931135488
946208768
958791680
966787072
972554240
972292096
966000640
956432384
961150976
966918144
953679872
938868736
925892608
911998976
899284992
887750656
876478464
892862464
927596544
924319744
922615808
922222592
920649728
921436160
897187840
867565568
790364160
708837376
685113344
647757824
608567296
608567296
619053056
725745664
768868352
765853696
761790464
758120448
781975552
757858304
794034176
809107456
820772864
838205440
855638016
869793792
884736000
899940352
916848640
932708352
948043776
962592768
977141760
993001472
1001914368
1008205824
1008730112
1003487232
990248960
990511104
982908928
963379200
942538752
923795456
906100736
891027456
879362048
897974272
931790848
928645120
926810112
925237248
924450816
925892608
880803840
907542528
931135488
930873344
931266560
931004416
931266560
931397632
931135488
931266560
925106176
925499392
923533312
925368320
889061376
881590272
920387584
938082304
938344448
938213376
938606592
937951232
938344448
938344448
933232640
931921920
931004416
931135488
907673600
909246464
947388416
946864128
946601984
946733056
947126272
946995200
946601984
947126272
942014464
940441600
938999808
937820160
921698304
937295872
953155584
953286656
953417728
953155584
953155584
953417728
953024512
953679872
950140928
945553408
944898048
943194112
937820160
924844032
959971328
960364544
960233472
959971328
960888832
959971328
960102400
960364544
957743104
952107008
950403072
948174848
947912704
914751488
916979712
966262784
966262784
966918144
966000640
966787072
966524928
966393856
965738496
955383808
955121664
951975936
955121664
928645120
926023680
959447040
972554240
972685312
972554240
972554240
972947456
972685312
972947456
960757760
960888832
957480960
961675264
931790848
926810112
953155584
972292096
972816384
972292096
972554240
972292096
972685312
972554240
961675264
961019904
957218816
961937408
933494784
927334400
942538752
972554240
972161024
972423168
972161024
972423168
972554240
972161024
962330624
961413120
958005248
961413120
936247296
928514048
937689088
972161024
972161024
972029952
971374592
972029952
971636736
972423168
962723840
961282048
958136320
961282048
937164800
927989760
933756928
971636736
971767808
970981376
971898880
971505664
971898880
971112448
963117056
961806336
959184896
958529536
942407680
929824768
926154752
971243520
971636736
971767808
971374592
971767808
971505664
971767808
966262784
962854912
962330624
958398464
961544192
934412288
928120832
937689088
971505664
971636736
971636736
971898880
971636736
971898880
971243520
962985984
961019904
957612032
960888832
937164800
928382976
933494784
971505664
971767808
971636736
971636736
971636736
971898880
971243520
963117056
961806336
958922752
958529536
942014464
929693696
927465472
971767808
971767808
971374592
971505664
971767808
971767808
971505664
964427776
961019904
959053824
958398464
942800896
929300480
925892608
971898880
971243520
971898880
971636736
971505664
972029952
971112448
965345280
961019904
959709184
957612032
944898048
929562624
925892608
968491008
971505664
971505664
971767808
971374592
971374592
971767808
964952064
961150976
959447040
957480960
945684480
929955840
926285824
966131712
971636736
969408512
971112448
971767808
971767808
971505664
966131712
961413120
960364544
956301312
950140928
930873344
926547968
959184896
971374592
971505664
971636736
971374592
971898880
971243520
966524928
961282048
959709184
956432384
950665216
930086912
926285824
962068480
971374592
971505664
971898880
971505664
971898880
971636736
967311360
961413120
959709184
956301312
953548800
930480128
926941184
954073088
971636736
971374592
971636736
971636736
971505664
971898880
969015296
960364544
959709184
956825600
954859520
930611200
926285824
953417728
971767808
971767808
971374592
971767808
971767808
971243520
971112448
959184896
959709184
956825600
957349888
931004416
926547968
949616640
971243520
971374592
971636736
971767808
971636736
971243520
971636736
960888832
959971328
956301312
961019904
931135488
927334400
942276608
971898880
971243520
971636736
971505664
971767808
971767808
971374592
960757760
960233472
956170240
960495616
931266560
927596544
943063040
971374592
971636736
971505664
971767808
971636736
971243520
972029952
961937408
959840256
957743104
960626688
934936576
928382976
935067648
971767808
971243520
971505664
971505664
971898880
971243520
971767808
962985984
961806336
959840256
958529536
944766976
929300480
925761536
968097792
971636736
971243520
971112448
971767808
971767808
971374592
965345280
961282048
959315968
957612032
946208768
929562624
926023680
964952064
971636736
971636736
971505664
971505664
971374592
971636736
966393856
961150976
959709184
956825600
949485568
930086912
925761536
962068480
971374592
971374592
971898880
971243520
971505664
971505664
966656000
962461696
959447040
956432384
953286656
929824768
926547968
956039168
971112448
971767808
971636736
971636736
971505664
971374592
968622080
960364544
959840256
955908096
952893440
930217984
926679040
956825600
971505664
971243520
971636736
971505664
971636736
971898880
969670656
959971328
959709184
956432384
954597376
929300480
926154752
952369152
971636736
971112448
971374592
971112448
971767808
970719232
970063872
959578112
959709184
955908096
953548800
927465472
927465472
945684480
971243520
969277440
971374592
970850304
971374592
969408512
970194944
961150976
960364544
955777024
960495616
931266560
927465472
942407680
971374592
971636736
971374592
971898880
971636736
971243520
971636736
960626688
960102400
955908096
960626688
930873344
927334400
944898048
971374592
971505664
971505664
971505664
971374592
971636736
972029952
961282048
960102400
956825600
959315968
932577280
927596544
938344448
971374592
971505664
970981376
971898880
971505664
971374592
971374592
962723840
960233472
957349888
960233472
934281216
928251904
936771584
971636736
971505664
971505664
971898880
971243520
971898880
971374592
963510272
960757760
957612032
960626688
935985152
929169408
930611200
971243520
971505664
971636736
971243520
972029952
971243520
971767808
963772416
960364544
958529536
959578112
938475520
929824768
927727616
971767808
971505664
971636736
971374592
971767808
971636736
971636736
964952064
962461696
959184896
957743104
945684480
930611200
926547968
962592768
971505664
971767808
971636736
971636736
971505664
971636736
966000640
962592768
959971328
956432384
951189504
930480128
926679040
956563456
971767808
971505664
971898880
971636736
971636736
971374592
966393856
962461696
959709184
956956672
953024512
930873344
926416896
956301312
971374592
971898880
971505664
971505664
971767808
971636736
966524928
962592768
959578112
955645952
953679872
930086912
926679040
954335232
971636736
971767808
971767808
971243520
971767808
971505664
968622080
960888832
959709184
955645952
953024512
930742272
926679040
955252736
971636736
971374592
971505664
972029952
971505664
971636736
970719232
959315968
959709184
956563456
954597376
930611200
926810112
950796288
971636736
971636736
971374592
971636736
971374592
971636736
971636736
959315968
959709184
956956672
956694528
930742272
927596544
946864128
971112448
972029952
971374592
971636736
971767808
971374592
971636736
960233472
959315968
956301312
959709184
931266560
927465472
944373760
971374592
971374592
971636736
971767808
971505664
971898880
971505664
962068480
960888832
956825600
961150976
933494784
927858688
938475520
971374592
971636736
971898880
971112448
971898880
971374592
971767808
962723840
961019904
957743104
960888832
935329792
927858688
935460864
971636736
971636736
971767808
971112448
971767808
971636736
971636736
962854912
961413120
957480960
961282048
935460864
927989760
933232640
971636736
971636736
971636736
971636736
971636736
971767808
971505664
964296704
962068480
960757760
957743104
946601984
929431552
925499392
967311360
971505664
971243520
971636736
971636736
972029952
971374592
966131712
962723840
959971328
956432384
951320576
930217984
925892608
959447040
971767808
971636736
971636736
971767808
971636736
972029952
967966720
962068480
960364544
957480960
955645952
930217984
926416896
952238080
971374592
971636736
971767808
971505664
971636736
971636736
969408512
961413120
959971328
pid: 67185
execution time 1002.56 (s)
