pgmigrate_success 1754664511
pgmigrate_fail 6138
thp_migration_success 2885143
thp_migration_fail 5
thp_migration_split 0
thp_fault_alloc 1450090
thp_fault_fallback 0
thp_fault_fallback_charge 0
thp_collapse_alloc 576617
thp_collapse_alloc_failed 0
thp_file_alloc 0
thp_file_fallback 0
thp_file_fallback_charge 0
thp_file_mapped 0
thp_split_page 815625
thp_split_page_failed 4473
thp_deferred_split_page 822254
thp_split_pmd 820318
thp_split_pud 0
thp_zero_page_alloc 1
thp_zero_page_alloc_failed 0
thp_swpout 0
thp_swpout_fallback 0
htmm_nr_promoted 768461799
htmm_nr_demoted 979757373
htmm_nr_sampled 0
htmm_missed_dramread 0
htmm_missed_nvmread 0
htmm_missed_write 0
htmm_alloc_dram 773451609
htmm_alloc_nvm 0
