num_threads - 16, WSS - 128 GB, duration - 1000
thread 0: buf size - 8589934592 - 8 GB
thread 1: buf size - 8589934592 - 8 GB
thread 2: buf size - 8589934592 - 8 GB
thread 3: buf size - 8589934592 - 8 GB
thread 4: buf size - 8589934592 - 8 GB
thread 5: buf size - 8589934592 - 8 GB
thread 6: buf size - 8589934592 - 8 GB
thread 7: buf size - 8589934592 - 8 GB
thread 8: buf size - 8589934592 - 8 GB
thread 9: buf size - 8589934592 - 8 GB
thread 10: buf size - 8589934592 - 8 GB
thread 11: buf size - 8589934592 - 8 GB
thread 12: buf size - 8589934592 - 8 GB
thread 13: buf size - 8589934592 - 8 GB
thread 15: buf size - 8589934592 - 8 GB
thread 14: buf size - 8589934592 - 8 GB
thread 1: allocated 1st half
thread 13: allocated 1st half
thread 7: allocated 1st half
thread 10: allocated 1st half
thread 14: allocated 1st half
thread 4: allocated 1st half
thread 2: allocated 1st half
thread 15: allocated 1st half
thread 3: allocated 1st half
thread 12: allocated 1st half
thread 9: allocated 1st half
thread 11: allocated 1st half
thread 6: allocated 1st half
thread 8: allocated 1st half
thread 0: allocated 1st half
thread 5: allocated 1st half
0
0
0
0
thread 1: allocated 2nd half
thread 1: H - 2048, slots_per_hp - 16384, total_slots - 67108864 
thread 13: allocated 2nd half
thread 13: H - 2048, slots_per_hp - 16384, total_slots - 67108864 
thread 10: allocated 2nd half
thread 10: H - 2048, slots_per_hp - 16384, total_slots - 67108864 
thread 14: allocated 2nd half
thread 14: H - 2048, slots_per_hp - 16384, total_slots - 67108864 
thread 7: allocated 2nd half
thread 7: H - 2048, slots_per_hp - 16384, total_slots - 67108864 
thread 12: allocated 2nd half
thread 12: H - 2048, slots_per_hp - 16384, total_slots - 67108864 
thread 15: allocated 2nd half
thread 15: H - 2048, slots_per_hp - 16384, total_slots - 67108864 
thread 4: allocated 2nd half
thread 4: H - 2048, slots_per_hp - 16384, total_slots - 67108864 
thread 2: allocated 2nd half
thread 2: H - 2048, slots_per_hp - 16384, total_slots - 67108864 
thread 3: allocated 2nd half
thread 3: H - 2048, slots_per_hp - 16384, total_slots - 67108864 
thread 9: allocated 2nd half
thread 9: H - 2048, slots_per_hp - 16384, total_slots - 67108864 
thread 8: allocated 2nd half
thread 8: H - 2048, slots_per_hp - 16384, total_slots - 67108864 
thread 0: allocated 2nd half
thread 0: H - 2048, slots_per_hp - 16384, total_slots - 67108864 
thread 6: allocated 2nd half
thread 6: H - 2048, slots_per_hp - 16384, total_slots - 67108864 
thread 11: allocated 2nd half
thread 11: H - 2048, slots_per_hp - 16384, total_slots - 67108864 
thread 5: allocated 2nd half
thread 5: H - 2048, slots_per_hp - 16384, total_slots - 67108864 
255721472
723124224
732823552
740032512
744095744
745406464
746455040
746192896
746061824
744882176
752091136
753664000
752484352
752091136
753008640
753532928
754974720
756154368
754843648
754974720
692060160
671088640
644481024
612499456
578813952
546832384
560726016
572391424
567148544
569245696
570556416
568459264
562167808
507248640
506068992
506593280
506068992
504102912
506200064
502923264
501874688
505413632
504496128
502530048
502136832
504233984
502136832
500039680
501612544
501350400
500301824
499384320
499384320
499122176
496500736
496107520
498073600
498073600
497418240
497156096
496762880
496107520
497025024
495190016
495845376
495583232
496893952
493092864
494403584
493223936
494272512
490471424
493748224
494141440
491651072
492044288
492830720
492437504
490995712
488243200
492306432
490733568
489291776
489291776
486014976
486801408
487587840
488767488
484311040
485621760
486539264
486277120
482344960
484311040
485752832
483393536
483000320
482607104
493748224
510263296
513015808
515375104
513277952
516947968
519176192
520224768
521404416
519831552
510394368
562036736
561512448
561905664
550633472
549978112
545390592
547225600
549060608
542113792
416546816
425590784
476315648
485359616
481034240
487325696
505413632
499122176
510918656
512098304
531628032
537657344
533463040
536870912
585760768
589430784
587726848
597557248
603848704
612106240
619184128
627965952
631635968
645398528
656015360
666763264
677249024
687734784
692846592
697171968
700710912
705953792
708706304
713949184
718012416
722993152
727056384
745930752
774635520
775159808
774373376
772145152
771227648
773455872
773062656
772931584
775159808
774766592
776208384
775815168
764149760
699006976
670040064
638058496
606076928
564920320
552730624
574488576
576192512
