num_threads - 16, WSS - 128 GB, duration - 1000, num_bps_accessed - 1
thread 0: buf size - 8589934592 - 8 GB
thread 1: buf size - 8589934592 - 8 GB
thread 2: buf size - 8589934592 - 8 GB
thread 3: buf size - 8589934592 - 8 GB
thread 4: buf size - 8589934592 - 8 GB
thread 5: buf size - 8589934592 - 8 GB
thread 6: buf size - 8589934592 - 8 GB
thread 7: buf size - 8589934592 - 8 GB
thread 8: buf size - 8589934592 - 8 GB
thread 9: buf size - 8589934592 - 8 GB
thread 10: buf size - 8589934592 - 8 GB
thread 11: buf size - 8589934592 - 8 GB
thread 12: buf size - 8589934592 - 8 GB
thread 13: buf size - 8589934592 - 8 GB
thread 14: buf size - 8589934592 - 8 GB
thread 15: buf size - 8589934592 - 8 GB
thread 4: allocated 1st half
thread 1: allocated 1st half
thread 13: allocated 1st half
thread 7: allocated 1st half
thread 2: allocated 1st half
thread 10: allocated 1st half
thread 15: allocated 1st half
thread 12: allocated 1st half
thread 14: allocated 1st half
thread 9: allocated 1st half
thread 3: allocated 1st half
thread 5: allocated 1st half
thread 8: allocated 1st half
thread 0: allocated 1st half
thread 6: allocated 1st half
thread 11: allocated 1st half
0
0
0
0
thread 1: allocated 2nd half
thread 1: H - 2048, slots_per_hp - 64, total_slots - 262144 
thread 4: allocated 2nd half
thread 4: H - 2048, slots_per_hp - 64, total_slots - 262144 
thread 13: allocated 2nd half
thread 13: H - 2048, slots_per_hp - 64, total_slots - 262144 
thread 15: allocated 2nd half
thread 15: H - 2048, slots_per_hp - 64, total_slots - 262144 
thread 10: allocated 2nd half
thread 10: H - 2048, slots_per_hp - 64, total_slots - 262144 
thread 7: allocated 2nd half
thread 7: H - 2048, slots_per_hp - 64, total_slots - 262144 
thread 12: allocated 2nd half
thread 12: H - 2048, slots_per_hp - 64, total_slots - 262144 
thread 14: allocated 2nd half
thread 14: H - 2048, slots_per_hp - 64, total_slots - 262144 
thread 2: allocated 2nd half
thread 2: H - 2048, slots_per_hp - 64, total_slots - 262144 
thread 9: allocated 2nd half
thread 9: H - 2048, slots_per_hp - 64, total_slots - 262144 
thread 3: allocated 2nd half
thread 3: H - 2048, slots_per_hp - 64, total_slots - 262144 
thread 8: allocated 2nd half
thread 8: H - 2048, slots_per_hp - 64, total_slots - 262144 
thread 0: allocated 2nd half
thread 0: H - 2048, slots_per_hp - 64, total_slots - 262144 
thread 6: allocated 2nd half
thread 6: H - 2048, slots_per_hp - 64, total_slots - 262144 
thread 11: allocated 2nd half
thread 11: H - 2048, slots_per_hp - 64, total_slots - 262144 
thread 5: allocated 2nd half
thread 5: H - 2048, slots_per_hp - 64, total_slots - 262144 
583008256
903741440
907673600
909377536
907018240
903217152
902430720
901906432
902299648
875560960
849739776
841482240
834273280
830734336
824311808
816840704
809107456
800980992
792854528
785121280
779878400
786432000
795082752
803864576
812253184
820248576
828375040
836894720
845545472
853803008
902037504
903479296
902823936
903610368
903479296
903086080
903479296
903217152
903479296
902168576
898629632
897581056
896663552
898367488
902037504
901513216
901775360
878706688
866385920
813563904
722075648
666763264
670826496
670433280
669777920
669515776
669515776
626786304
589299712
589168640
589168640
589168640
588906496
588906496
589168640
588906496
588906496
588775424
588906496
589168640
588906496
589037568
589168640
588775424
588775424
588775424
588906496
588513280
588775424
589037568
589168640
588513280
588513280
588906496
588513280
589037568
588775424
589037568
588644352
589037568
588513280
588906496
588906496
588775424
588906496
588775424
588775424
588644352
588775424
588906496
588513280
591659008
638058496
640286720
641204224
642121728
643039232
644087808
645267456
656408576
752091136
752091136
752353280
752484352
752222208
752484352
752091136
752353280
734134272
711196672
706347008
705429504
702808064
713687040
707788800
714735616
712376320
717357056
751697920
760610816
770048000
799277056
823787520
837812224
846200832
859701248
869269504
881459200
895352832
909639680
920125440
929693696
935329792
940834816
948830208
947126272
941359104
935329792
927072256
917110784
907542528
895614976
915406848
952107008
946601984
945553408
944373760
943194112
928514048
893255680
903741440
950796288
951058432
950665216
951451648
950534144
950927360
951451648
948568064
943587328
943063040
941359104
944504832
903741440
911867904
954073088
953942016
954073088
954335232
954073088
953942016
954335232
953942016
947650560
946864128
945946624
944635904
928382976
903086080
958267392
959053824
959053824
958922752
959315968
959053824
958922752
958791680
955908096
951189504
950665216
948305920
951975936
911343616
904790016
917110784
973209600
973733888
974258176
973864960
973733888
973733888
974127104
963903488
963379200
961544192
963379200
935854080
915800064
941621248
976093184
976355328
976224256
976093184
976224256
976224256
976617472
969539584
965607424
964296704
961806336
954597376
926023680
922091520
934412288
981336064
981467136
981729280
981860352
981598208
981336064
977010688
970063872
968491008
965345280
969015296
938213376
934281216
961937408
986841088
987627520
987103232
987365376
987627520
987234304
987234304
975699968
974520320
972816384
973340672
954859520
940441600
936247296
943194112
987758592
988282880
988282880
988545024
988151808
988282880
979763200
975175680
973078528
970719232
967704576
945946624
943718400
941359104
954335232
990380032
990117888
990380032
989724672
990773248
984350720
977010688
975568896
971243520
976486400
948961280
949223424
943587328
945553408
991690752
991297536
991690752
991952896
991952896
991559680
978190336
977010688
974258176
977141760
956825600
951451648
946864128
945029120
975175680
991428608
991428608
991428608
991690752
991297536
981860352
976748544
975437824
972947456
966262784
951975936
949485568
945160192
957349888
990642176
991166464
991297536
991166464
991166464
985399296
978190336
976224256
971374592
977141760
951844864
951451648
946470912
943849472
982515712
991297536
990773248
991035392
990773248
991297536
978059264
975831040
973996032
976224256
956956672
951844864
947781632
944635904
969670656
991035392
991035392
991035392
991035392
991035392
981336064
976486400
975306752
972423168
966000640
951582720
950272000
945291264
950403072
991035392
991035392
991035392
990904320
991428608
985661440
978059264
976093184
971374592
976748544
951451648
951189504
946601984
943980544
982777856
991035392
990904320
991035392
991297536
990773248
977141760
975962112
972554240
977534976
955777024
951582720
947388416
944766976
970850304
990773248
990904320
990773248
990904320
990904320
982122496
977272832
974258176
972292096
967180288
951451648
950140928
945160192
951451648
990511104
991428608
990511104
991166464
991559680
985137152
977272832
975306752
972161024
974127104
951320576
951582720
946470912
944242688
982777856
991297536
990904320
990773248
991428608
990773248
977010688
976093184
972554240
977272832
954859520
952107008
948043776
944242688
968228864
990773248
990904320
991035392
991035392
990773248
981073920
977010688
974913536
972685312
965345280
951975936
950534144
945946624
943849472
990904320
990773248
990904320
991035392
991166464
985399296
977272832
975831040
971767808
974520320
951320576
951582720
946733056
943849472
980811776
990380032
991166464
991166464
990773248
991035392
978059264
976748544
973602816
976224256
958791680
951713792
949485568
945684480
954597376
991166464
991428608
990380032
991297536
990773248
982253568
977928192
975175680
972161024
969932800
951189504
951582720
945815552
943587328
987758592
991166464
991035392
991035392
990380032
985923584
977666048
975306752
971898880
976486400
950534144
952500224
946864128
944504832
975175680
990511104
990773248
990642176
991035392
990511104
978452480
976617472
973340672
976093184
957874176
952107008
949223424
945553408
955121664
990642176
990904320
990904320
991035392
990773248
982122496
977928192
974520320
971898880
969670656
951320576
951189504
946077696
943587328
989331456
990904320
990642176
990511104
991035392
985792512
977403904
975175680
971636736
974913536
951058432
951713792
946733056
944242688
978452480
990904320
990904320
990773248
990904320
991035392
977141760
976355328
972423168
978059264
955252736
951713792
948043776
944898048
960495616
990642176
991035392
990904320
990904320
990904320
980942848
977403904
975044608
972423168
966656000
951582720
951058432
945029120
945160192
990248960
990642176
991035392
990511104
991166464
986054656
978321408
976879616
971112448
978059264
951844864
951582720
947388416
945029120
969015296
990904320
990511104
991035392
990773248
990904320
977928192
977141760
973078528
976355328
958529536
951582720
948699136
945029120
959578112
991035392
990773248
990642176
991297536
990248960
982253568
977797120
974913536
971767808
964165632
951320576
950927360
945422336
943194112
986578944
990380032
991428608
990642176
990904320
982515712
956956672
956039168
952238080
954859520
957087744
951844864
949223424
945291264
951844864
990773248
990773248
991035392
990248960
991035392
981204992
978714624
974258176
972029952
968097792
951320576
951058432
945422336
943980544
990511104
991166464
990511104
990773248
991035392
984481792
978583552
975699968
971636736
975831040
951189504
951189504
946208768
943718400
979107840
990904320
990642176
990773248
991035392
991035392
977141760
976486400
972554240
977534976
956170240
951582720
948305920
945160192
958398464
990904320
990380032
991035392
991166464
990642176
981336064
978845696
974913536
972029952
968097792
951189504
951058432
945815552
943063040
990380032
990380032
991297536
990511104
990773248
984875008
978976768
975699968
971767808
976355328
950927360
951582720
940965888
944635904
974782464
991035392
990773248
990773248
990904320
991297536
977141760
977010688
971636736
977928192
954728448
951844864
948830208
945553408
958660608
990904320
990904320
990642176
990904320
990904320
981336064
977928192
975175680
972423168
968359936
951189504
951451648
945553408
943849472
984612864
990642176
990904320
990642176
990773248
984743936
978845696
975306752
971767808
976093184
950927360
951844864
947126272
945160192
972554240
991035392
990642176
991035392
990642176
991166464
977141760
976748544
972816384
977797120
956694528
951713792
948961280
945684480
955908096
990380032
990904320
991166464
990380032
991166464
981336064
979107840
974127104
972423168
968622080
951451648
950796288
945815552
943980544
987496448
990248960
990904320
990773248
991428608
984088576
979107840
975568896
972029952
974913536
950796288
951713792
947126272
945029120
973733888
991035392
990773248
991035392
990642176
990904320
976355328
976748544
971112448
978321408
953548800
951975936
948043776
945553408
961544192
990642176
990773248
990642176
990904320
991166464
978321408
976879616
973471744
976224256
958660608
951189504
949092352
945422336
953548800
990773248
991035392
990511104
991166464
991297536
981860352
978583552
974389248
972029952
969015296
951451648
951320576
946208768
943587328
983564288
990904320
990904320
990642176
991297536
986316800
976879616
975831040
971767808
973864960
951582720
951582720
947126272
944898048
976224256
990904320
990773248
991297536
990773248
988938240
976879616
975831040
970588160
977666048
951713792
952107008
947519488
945291264
969015296
990642176
990904320
990904320
990773248
991035392
978583552
976617472
972685312
976748544
957087744
951713792
949485568
946077696
951844864
990773248
990904320
991035392
990904320
991035392
979501056
976617472
974127104
975306752
961544192
951582720
949878784
945815552
951451648
990380032
990904320
991166464
990642176
991166464
983957504
978845696
975831040
971243520
974389248
950796288
951451648
946995200
943849472
975699968
990904320
991035392
991166464
990511104
991035392
976617472
976879616
970850304
978321408
954204160
952238080
948699136
945160192
959578112
991035392
991035392
991297536
990773248
990773248
980156416
977797120
973996032
974520320
962199552
952107008
949747712
945160192
951713792
990904320
990904320
990642176
991297536
990773248
983564288
977797120
974782464
971243520
970850304
951451648
951713792
945946624
944111616
980680704
991166464
990642176
991035392
991035392
984350720
979107840
975831040
971898880
974127104
950927360
951713792
946864128
944242688
974127104
990642176
990904320
990773248
990904320
990642176
977403904
978059264
972554240
977010688
951189504
932315136
931921920
927465472
924450816
969670656
990642176
991035392
990511104
991035392
981204992
977797120
975175680
972554240
959578112
931790848
933625856
946864128
943718400
986447872
991690752
pid: 73752
execution time 1002.57 (s)
