pgmigrate_success 1667296736
pgmigrate_fail 6088
thp_migration_success 2867280
thp_migration_fail 5
thp_migration_split 0
thp_fault_alloc 1384033
thp_fault_fallback 0
thp_fault_fallback_charge 0
thp_collapse_alloc 452490
thp_collapse_alloc_failed 0
thp_file_alloc 0
thp_file_fallback 0
thp_file_fallback_charge 0
thp_file_mapped 0
thp_split_page 654835
thp_split_page_failed 4180
thp_deferred_split_page 660975
thp_split_pmd 659235
thp_split_pud 0
thp_zero_page_alloc 1
thp_zero_page_alloc_failed 0
thp_swpout 0
thp_swpout_fallback 0
htmm_nr_promoted 756445520
htmm_nr_demoted 905626747
htmm_nr_sampled 0
htmm_missed_dramread 0
htmm_missed_nvmread 0
htmm_missed_write 0
htmm_alloc_dram 734041107
htmm_alloc_nvm 0
