num_threads - 16, WSS - 128 GB, duration - 1000
thread 0: buf size - 8589934592 - 8 GB
thread 1: buf size - 8589934592 - 8 GB
thread 2: buf size - 8589934592 - 8 GB
thread 3: buf size - 8589934592 - 8 GB
thread 4: buf size - 8589934592 - 8 GB
thread 5: buf size - 8589934592 - 8 GB
thread 6: buf size - 8589934592 - 8 GB
thread 7: buf size - 8589934592 - 8 GB
thread 8: buf size - 8589934592 - 8 GB
thread 9: buf size - 8589934592 - 8 GB
thread 10: buf size - 8589934592 - 8 GB
thread 11: buf size - 8589934592 - 8 GB
thread 12: buf size - 8589934592 - 8 GB
thread 13: buf size - 8589934592 - 8 GB
thread 14: buf size - 8589934592 - 8 GB
thread 15: buf size - 8589934592 - 8 GB
thread 13: allocated 1st half
thread 4: allocated 1st half
thread 12: allocated 1st half
thread 2: allocated 1st half
thread 1: allocated 1st half
thread 10: allocated 1st half
thread 7: allocated 1st half
thread 15: allocated 1st half
thread 9: allocated 1st half
thread 14: allocated 1st half
thread 3: allocated 1st half
thread 5: allocated 1st half
thread 11: allocated 1st half
thread 8: allocated 1st half
thread 6: allocated 1st half
thread 0: allocated 1st half
0
0
0
0
0
thread 13: allocated 2nd half
thread 13: H - 2048, slots_per_hp - 16384, total_slots - 67108864 
thread 2: allocated 2nd half
thread 2: H - 2048, slots_per_hp - 16384, total_slots - 67108864 
thread 4: allocated 2nd half
thread 4: H - 2048, slots_per_hp - 16384, total_slots - 67108864 
thread 12: allocated 2nd half
thread 12: H - 2048, slots_per_hp - 16384, total_slots - 67108864 
thread 15: allocated 2nd half
thread 15: H - 2048, slots_per_hp - 16384, total_slots - 67108864 
thread 10: allocated 2nd half
thread 10: H - 2048, slots_per_hp - 16384, total_slots - 67108864 
thread 7: allocated 2nd half
thread 7: H - 2048, slots_per_hp - 16384, total_slots - 67108864 
thread 1: allocated 2nd half
thread 1: H - 2048, slots_per_hp - 16384, total_slots - 67108864 
thread 14: allocated 2nd half
thread 14: H - 2048, slots_per_hp - 16384, total_slots - 67108864 
thread 9: allocated 2nd half
thread 9: H - 2048, slots_per_hp - 16384, total_slots - 67108864 
thread 3: allocated 2nd half
thread 3: H - 2048, slots_per_hp - 16384, total_slots - 67108864 
thread 8: allocated 2nd half
thread 8: H - 2048, slots_per_hp - 16384, total_slots - 67108864 
thread 0: allocated 2nd half
thread 0: H - 2048, slots_per_hp - 16384, total_slots - 67108864 
thread 11: allocated 2nd half
thread 11: H - 2048, slots_per_hp - 16384, total_slots - 67108864 
thread 5: allocated 2nd half
thread 5: H - 2048, slots_per_hp - 16384, total_slots - 67108864 
thread 6: allocated 2nd half
thread 6: H - 2048, slots_per_hp - 16384, total_slots - 67108864 
543555584
633995264
646840320
654966784
658898944
661258240
662700032
660340736
662437888
668729344
668073984
668991488
670564352
670695424
670302208
668729344
621150208
614203392
589299712
558891008
532807680
542244864
553123840
550240256
552337408
558891008
556531712
557580288
522715136
498860032
496762880
496500736
495190016
494272512
492830720
492437504
492437504
491257856
488505344
488243200
490864640
489160704
488505344
488636416
487325696
486932480
487194624
487063552
484704256
484573184
487325696
483524608
481427456
481034240
481820672
481034240
478937088
481951744
478019584
477102080
477495296
476577792
475398144
475267072
475267072
471597056
472252416
474611712
470024192
468189184
471072768
468713472
468058112
466747392
468058112
466485248
464781312
466092032
462290944
462290944
464519168
462290944
459014144
460455936
461504512
458883072
457441280
460062720
456654848
455475200
458096640
453640192
453509120
455475200
454164480
472383488
479854592
483262464
481820672
485097472
488112128
489947136
492568576
495714304
497549312
515244032
536084480
537526272
528875520
526778368
525467648
528351232
530317312
531759104
534118400
532414464
535560192
507904000
508428288
508166144
503316480
514326528
515768320
517996544
509345792
522190848
524550144
528351232
518520832
531234816
536608768
539623424
535035904
541458432
543162368
535429120
562036736
558497792
561512448
561250304
559022080
500170752
496762880
491388928
495845376
495058944
493486080
492306432
492961792
490864640
487194624
489160704
490209280
487587840
486670336
487194624
487063552
483786752
481427456
484573184
483393536
481951744
480772096
482213888
479723520
476708864
478150656
479199232
476971008
476184576
477364224
475529216
475267072
472383488
474873856
473169920
472252416
473432064
472514560
470810624
469893120
471334912
465960960
467140608
467140608
467402752
464781312
463601664
464650240
462684160
461766656
461766656
459407360
459407360
459145216
459931648
458227712
457572352
457572352
458096640
460455936
483000320
477888512
483786752
525860864
526516224
528220160
525860864
526254080
520880128
517472256
513802240
516554752
518914048
518258688
524288000
525991936
525598720
522846208
502136832
491126784
502661120
503971840
499253248
500432896
508690432
510656512
498597888
512884736
513409024
514064384
506462208
506724352
510001152
521273344
520486912
534118400
543293440
544735232
561512448
587333632
589037568
588382208
528613376
520355840
518914048
519045120
514719744
512360448
512884736
511049728
508821504
506986496
506724352
502792192
503447552
502923264
502923264
501350400
500432896
500695040
498597888
497287168
497156096
498073600
496107520
495321088
496500736
494272512
493092864
493092864
493617152
489291776
490733568
492044288
490078208
488636416
489684992
488767488
487325696
487587840
489684992
486408192
486277120
487194624
486146048
484835328
485359616
485752832
483393536
483655680
484966400
483000320
493223936
485752832
487063552
486539264
552075264
556793856
555220992
554565632
544342016
541982720
542507008
544079872
543948800
552468480
553779200
553779200
537001984
525336576
521404416
532283392
532676608
519307264
534904832
504889344
467140608
514064384
526778368
527171584
527040512
488505344
540147712
555483136
568721408
568852480
567803904
511574016
500039680
497680384
498466816
495190016
492830720
495321088
493486080
492306432
493355008
491388928
489947136
491126784
489684992
488898560
489684992
489029632
487194624
486801408
487587840
485228544
485752832
486014976
483917824
484442112
484573184
482082816
482344960
483786752
480772096
480509952
483131392
479461376
479199232
481427456
478412800
478019584
480116736
477233152
477102080
478806016
476315648
483524608
512884736
547356672
546701312
548667392
546045952
546439168
549453824
547225600
547356672
549191680
536346624
534511616
536084480
534642688
536870912
547356672
546177024
535691264
512098304
522190848
527040512
514981888
523763712
528482304
518782976
525205504
532152320
501743616
504365056
535691264
532414464
524943360
557187072
564396032
566755328
531759104
495058944
471728128
488505344
489422848
490471424
488374272
487194624
488767488
486670336
485621760
487063552
484179968
484966400
484311040
482476032
481165312
483000320
481034240
480116736
482344960
479068160
479330304
480378880
477495296
477626368
478543872
476184576
477364224
476708864
475267072
475791360
475136000
473956352
475529216
473169920
478019584
536608768
542638080
543555584
546832384
544210944
544997376
546308096
534511616
532807680
533200896
531234816
535560192
543293440
542244864
539754496
519700480
525729792
509607936
526123008
527433728
510263296
529006592
528613376
514064384
531628032
531103744
516816896
534249472
535166976
519307264
538181632
553517056
563347456
559939584
504102912
498204672
494403584
490209280
490864640
489291776
487456768
489553920
487456768
486539264
487849984
484966400
484048896
486014976
482476032
483655680
483262464
482082816
482476032
481165312
480509952
481689600
479592448
479330304
480378880
478150656
478281728
478806016
477102080
478150656
477626368
475660288
478019584
475791360
475791360
476971008
474218496
504496128
544604160
542900224
544604160
542769152
531103744
532021248
530055168
531759104
539623424
540672000
543424512
515112960
523632640
506855424
526909440
519569408
515768320
529137664
517603328
521797632
531496960
517603328
527695872
534249472
519045120
533463040
538181632
546701312
561250304
560201728
511442944
491257856
488112128
489291776
487325696
485097472
487718912
484179968
484442112
485097472
482607104
483262464
483000320
481558528
482607104
480641024
479723520
480903168
478806016
478281728
477888512
475660288
478019584
475922432
474742784
476315648
473563136
475267072
473563136
472121344
475267072
471597056
472252416
471597056
470286336
472252416
471203840
530186240
539754496
537133056
539754496
538443776
533463040
530317312
526909440
528744448
528089088
528089088
536084480
535429120
537001984
523501568
521928704
499646464
519700480
514850816
506855424
521928704
506331136
516423680
521666560
501088256
522584064
518127616
506462208
523239424
514981888
512098304
525074432
514195456
550895616
549847040
550633472
529268736
484048896
484442112
482082816
480903168
481558528
479985664
478543872
479985664
476839936
477757440
476971008
475267072
477102080
474480640
474873856
474742784
472514560
474087424
471990272
471859200
472252416
469893120
471465984
469368832
469106688
470024192
467664896
468844544
467533824
467140608
467795968
465567744
467402752
464650240
465043456
466092032
463732736
465436672
476577792
468058112
469368832
475791360
537133056
533463040
535429120
535822336
533594112
536739840
533331968
527826944
524681216
523632640
526123008
524025856
527040512
532545536
532152320
534118400
524156928
498860032
516816896
512491520
506593280
523239424
475529216
474742784
517996544
509476864
526254080
510787584
521535488
471597056
508297216
531234816
525467648
518782976
535953408
494534656
531365888
559415296
561119232
559808512
510787584
493617152
490471424
491126784
490864640
487849984
489029632
486932480
485228544
483917824
480641024
481820672
480247808
479330304
480641024
476839936
478412800
476971008
476053504
477364224
473825280
476184576
472776704
473694208
473300992
471072768
473694208
469630976
471728128
469762048
469630976
469893120
467664896
469762048
467009536
467795968
466878464
465698816
467271680
464388096
467009536
476839936
470024192
470024192
523501568
539885568
536477696
539492352
527564800
527826944
527171584
527040512
529268736
529399808
537788416
534773760
536477696
510787584
518389760
506593280
527433728
502398976
527302656
514064384
517603328
527171584
508559360
531890176
473432064
468975616
532021248
513802240
537133056
524943360
529399808
476184576
520486912
565444608
565706752
567279616
564264960
508166144
497287168
494534656
495583232
492175360
491913216
491388928
488112128
490209280
486801408
487718912
486408192
484179968
485883904
482738176
484442112
481820672
481296384
481689600
479723520
480903168
478019584
479723520
477495296
477495296
476708864
475922432
476577792
473956352
476446720
472514560
474480640
472907776
472514560
472383488
471597056
472252416
469499904
472383488
468975616
470548480
482344960
474480640
485228544
540540928
543293440
539885568
540934144
529399808
532807680
529924096
530579456
532676608
534904832
540540928
537919488
533463040
531628032
505937920
528482304
514719744
521928704
524943360
514588672
535166976
507772928
479854592
502661120
529399808
532676608
520224768
542375936
520093696
541458432
457572352
530972672
561512448
571736064
568983552
569245696
515899392
505020416
503971840
498860032
498335744
495190016
493879296
495452160
491913216
492699648
490733568
490209280
490340352
487325696
489684992
486277120
487325696
485752832
485228544
484573184
483393536
483917824
481427456
483786752
480509952
482082816
479461376
480641024
478543872
479330304
478674944
477233152
478543872
476053504
477888512
475004928
478019584
473956352
487718912
478674944
481165312
525729792
546045952
546701312
545652736
547225600
544997376
547880960
537526272
537133056
533200896
536477696
534118400
537657344
542113792
544473088
543162368
540016640
517472256
531759104
513671168
538181632
509214720
540803072
514457600
537133056
525205504
530579456
536477696
523632640
547225600
504758272
464257024
535822336
541982720
556531712
560726016
577765376
577241088
565182464
511311872
510787584
507117568
507379712
503709696
503447552
501088256
499908608
500170752
496762880
498335744
494665728
496107520
492961792
493748224
492175360
491782144
491388928
489553920
490733568
488112128
489684992
486408192
488636416
485097472
487325696
484966400
485621760
484179968
484311040
484311040
483786752
483786752
482213888
483524608
495845376
487981056
486014976
533331968
540803072
544210944
540672000
544210944
541589504
549060608
550240256
552075264
531890176
528744448
532152320
533725184
529137664
540147712
pid: 91720
execution time 1006.45 (s)
