pgmigrate_success 1429071374
pgmigrate_fail 12709
thp_migration_success 2320565
thp_migration_fail 4
thp_migration_split 0
thp_fault_alloc 1586137
thp_fault_fallback 0
thp_fault_fallback_charge 0
thp_collapse_alloc 1506755
thp_collapse_alloc_failed 0
thp_file_alloc 0
thp_file_fallback 0
thp_file_fallback_charge 0
thp_file_mapped 0
thp_split_page 1673217
thp_split_page_failed 2877
thp_deferred_split_page 1678087
thp_split_pmd 1676887
thp_split_pud 0
thp_zero_page_alloc 1
thp_zero_page_alloc_failed 0
thp_swpout 0
thp_swpout_fallback 0
htmm_nr_promoted 668839850
htmm_nr_demoted 755247511
htmm_nr_sampled 0
htmm_missed_dramread 0
htmm_missed_nvmread 0
htmm_missed_write 0
htmm_alloc_dram 841839085
htmm_alloc_nvm 0
