pgmigrate_success 1286241716
pgmigrate_fail 12709
thp_migration_success 2103752
thp_migration_fail 4
thp_migration_split 0
thp_fault_alloc 1520599
thp_fault_fallback 0
thp_fault_fallback_charge 0
thp_collapse_alloc 1322611
thp_collapse_alloc_failed 0
thp_file_alloc 0
thp_file_fallback 0
thp_file_fallback_charge 0
thp_file_mapped 0
thp_split_page 1484988
thp_split_page_failed 2441
thp_deferred_split_page 1489223
thp_split_pmd 1488220
thp_split_pud 0
thp_zero_page_alloc 1
thp_zero_page_alloc_failed 0
thp_swpout 0
thp_swpout_fallback 0
htmm_nr_promoted 599755921
htmm_nr_demoted 681501782
htmm_nr_sampled 0
htmm_missed_dramread 0
htmm_missed_nvmread 0
htmm_missed_write 0
htmm_alloc_dram 808180486
htmm_alloc_nvm 0
