num_threads - 16, WSS - 128 GB, duration - 1000, num_bps_accessed - 256
thread 0: buf size - 8589934592 - 8 GB
thread 1: buf size - 8589934592 - 8 GB
thread 2: buf size - 8589934592 - 8 GB
thread 3: buf size - 8589934592 - 8 GB
thread 4: buf size - 8589934592 - 8 GB
thread 5: buf size - 8589934592 - 8 GB
thread 6: buf size - 8589934592 - 8 GB
thread 7: buf size - 8589934592 - 8 GB
thread 8: buf size - 8589934592 - 8 GB
thread 10: buf size - 8589934592 - 8 GB
thread 9: buf size - 8589934592 - 8 GB
thread 11: buf size - 8589934592 - 8 GB
thread 12: buf size - 8589934592 - 8 GB
thread 13: buf size - 8589934592 - 8 GB
thread 14: buf size - 8589934592 - 8 GB
thread 15: buf size - 8589934592 - 8 GB
thread 1: allocated 1st half
thread 7: allocated 1st half
thread 2: allocated 1st half
thread 13: allocated 1st half
thread 10: allocated 1st half
thread 15: allocated 1st half
thread 12: allocated 1st half
thread 4: allocated 1st half
thread 14: allocated 1st half
thread 0: allocated 1st half
thread 3: allocated 1st half
thread 9: allocated 1st half
thread 8: allocated 1st half
thread 11: allocated 1st half
thread 6: allocated 1st half
thread 5: allocated 1st half
0
0
0
0
thread 1: allocated 2nd half
thread 1: H - 2048, slots_per_hp - 16384, total_slots - 67108864 
thread 13: allocated 2nd half
thread 13: H - 2048, slots_per_hp - 16384, total_slots - 67108864 
thread 7: allocated 2nd half
thread 7: H - 2048, slots_per_hp - 16384, total_slots - 67108864 
thread 15: allocated 2nd half
thread 15: H - 2048, slots_per_hp - 16384, total_slots - 67108864 
thread 10: allocated 2nd half
thread 10: H - 2048, slots_per_hp - 16384, total_slots - 67108864 
thread 12: allocated 2nd half
thread 12: H - 2048, slots_per_hp - 16384, total_slots - 67108864 
thread 2: allocated 2nd half
thread 2: H - 2048, slots_per_hp - 16384, total_slots - 67108864 
thread 14: allocated 2nd half
thread 14: H - 2048, slots_per_hp - 16384, total_slots - 67108864 
thread 4: allocated 2nd half
thread 4: H - 2048, slots_per_hp - 16384, total_slots - 67108864 
thread 0: allocated 2nd half
thread 0: H - 2048, slots_per_hp - 16384, total_slots - 67108864 
thread 3: allocated 2nd half
thread 3: H - 2048, slots_per_hp - 16384, total_slots - 67108864 
thread 9: allocated 2nd half
thread 9: H - 2048, slots_per_hp - 16384, total_slots - 67108864 
thread 8: allocated 2nd half
thread 8: H - 2048, slots_per_hp - 16384, total_slots - 67108864 
thread 11: allocated 2nd half
thread 11: H - 2048, slots_per_hp - 16384, total_slots - 67108864 
thread 6: allocated 2nd half
thread 6: H - 2048, slots_per_hp - 16384, total_slots - 67108864 
thread 5: allocated 2nd half
thread 5: H - 2048, slots_per_hp - 16384, total_slots - 67108864 
504889344
809500672
821952512
825229312
831258624
834535424
834666496
810942464
735051776
677642240
625999872
668729344
668991488
669122560
651165696
589299712
588775424
587726848
585498624
584581120
584187904
583401472
582746112
581959680
581304320
581042176
580255744
579600384
578813952
578420736
577634304
577372160
576323584
575668224
575537152
574488576
574488576
574226432
573440000
572653568
572522496
571998208
571998208
571211776
570687488
570687488
570687488
569901056
570032128
569769984
569507840
569114624
569245696
569245696
568328192
568721408
596770816
604372992
604897280
605421568
606208000
607911936
634781696
654180352
654573568
654442496
654180352
654573568
653918208
640679936
641728512
640417792
641990656
640548864
642646016
644087808
628752384
580255744
587202560
592707584
600047616
607387648
615120896
621936640
629932032
638189568
646709248
656801792
667811840
676986880
700448768
743702528
750387200
758513664
766115840
773193728
780402688
799801344
834011136
833617920
834535424
834273280
834535424
834142208
834666496
834666496
834273280
831258624
830996480
830341120
831127552
830078976
830865408
829423616
831913984
833224704
833486848
833224704
818544640
738721792
696254464
639631360
586153984
541458432
515112960
539885568
541589504
540672000
537919488
537395200
536739840
526778368
473169920
471859200
471597056
471203840
471072768
471072768
470941696
470548480
470417408
470024192
469499904
470024192
469368832
469106688
469106688
469106688
468975616
468844544
468975616
468582400
468582400
468451328
468451328
468058112
468582400
468058112
468058112
467795968
467927040
467927040
467664896
486539264
497549312
491257856
466616320
467664896
468320256
469630976
470024192
470679552
471334912
471990272
472907776
474087424
474349568
475922432
477102080
476971008
476839936
477626368
477626368
477495296
478019584
478543872
486014976
548798464
549191680
549060608
538574848
536739840
538050560
536084480
536215552
537133056
535691264
538705920
538705920
534642688
499777536
503185408
519176192
538574848
545914880
553123840
559284224
565444608
572260352
578682880
581435392
600047616
608960512
613941248
619053056
625737728
631767040
638844928
646053888
653000704
662044672
673054720
682622976
693108736
705953792
719585280
738328576
767819776
783941632
791674880
801636352
808583168
817233920
825229312
830472192
834535424
856686592
887357440
888274944
888406016
884604928
882900992
882638848
882114560
882114560
881328128
881983488
882376704
882114560
884604928
886833152
886308864
862191616
822738944
793509888
747634688
719585280
668991488
647102464
664928256
663879680
663093248
639893504
619446272
615776256
613941248
589561856
570425344
569901056
569638912
569769984
570032128
569376768
569507840
574619648
580517888
567803904
568066048
568459264
568852480
569245696
569114624
569507840
569769984
569638912
569769984
569901056
570163200
570163200
570294272
570556416
570949632
571342848
571604992
571736064
571867136
571867136
571998208
572129280
572784640
572260352
572391424
573046784
573571072
586547200
655884288
655491072
655884288
655360000
655884288
655622144
655753216
655491072
653787136
639369216
641728512
641335296
640811008
640811008
641728512
640024576
641728512
644349952
642383872
627179520
632029184
637403136
642777088
651034624
656670720
662306816
671219712
678559744
683933696
692060160
699531264
705822720
713818112
721551360
728760320
736755712
744226816
747765760
751960064
765722624
776339456
785121280
795082752
800587776
806617088
812515328
817102848
822476800
826146816
829161472
834273280
873857024
874119168
874250240
874512384
874643456
874905600
874512384
874774528
874643456
870842368
870842368
871235584
870580224
870187008
870187008
870449152
869924864
870318080
868876288
873201664
837287936
780009472
754712576
773455872
759169024
732692480
724172800
689700864
687210496
687079424
686292992
710279168
741212160
740818944
729546752
703070208
703725568
704380928
704512000
705036288
705691648
706215936
707788800
708837376
708837376
709754880
718536704
809762816
809893888
810024960
809369600
791281664
793116672
792461312
792330240
792199168
792199168
791412736
792330240
796393472
798228480
790757376
737542144
732561408
731512832
730595328
752484352
792199168
794165248
809500672
817889280
824442880
832176128
837812224
843841536
849084416
853278720
856686592
884473856
901382144
901382144
901906432
895090688
896139264
896008192
895483904
895221760
895877120
894566400
894697472
893255680
896270336
895614976
877395968
817102848
814350336
833748992
790888448
790364160
791543808
756809728
738983936
739246080
738590720
752615424
781713408
776732672
776077312
732430336
732954624
733347840
733872128
734134272
734527488
735838208
800718848
842399744
842792960
842792960
842268672
842792960
842924032
842792960
842268672
828768256
827981824
826671104
827588608
824967168
826146816
827588608
825229312
828375040
829947904
832176128
821559296
759037952
758513664
772407296
777125888
775553024
779485184
804782080
841089024
847511552
851181568
853540864
866123776
901251072
901644288
901906432
901906432
902037504
902299648
901775360
902299648
895746048
896663552
896794624
896270336
895746048
895746048
895352832
895614976
895352832
895090688
894828544
897449984
884998144
815792128
817889280
823001088
795082752
795475968
756285440
741736448
741605376
741474304
740950016
786563072
781582336
775159808
737542144
738590720
738852864
739115008
739639296
740556800
741867520
828112896
832176128
831258624
832176128
829947904
830341120
832045056
829816832
831520768
834273280
838860800
829554688
769785856
762839040
775946240
771883008
781189120
828768256
834404352
840826880
845938688
850526208
852492288
871497728
898236416
898629632
898760704
898498560
899153920
899153920
899022848
898760704
893779968
894566400
894173184
892993536
893648896
892469248
892862464
892338176
892207104
892600320
893386752
890896384
895614976
839385088
803078144
831651840
799539200
789970944
780795904
742785024
742522880
741736448
742522880
777912320
777912320
774373376
733347840
734134272
734789632
735444992
736100352
735969280
737280000
769392640
843186176
842661888
842792960
843186176
842530816
842924032
842792960
842792960
842792960
837681152
827064320
828637184
828637184
828375040
826802176
827195392
828899328
826277888
828243968
831520768
834404352
828506112
789184512
756154368
765984768
773324800
770179072
783548416
830734336
837943296
842924032
848035840
851443712
853278720
894828544
897974272
898236416
898498560
898760704
898367488
899022848
898367488
896008192
892862464
893779968
893124608
893255680
893124608
892469248
892862464
892076032
891944960
891813888
893779968
891813888
894959616
826015744
815398912
829292544
796000256
796786688
782761984
750911488
749731840
749993984
772800512
785907712
784334848
772276224
741474304
742129664
742522880
743702528
744488960
744620032
792592384
839385088
838205440
837156864
839385088
836108288
837025792
835321856
839254016
835321856
837943296
841220096
844627968
838074368
801898496
762707968
775946240
777256960
776601600
781975552
837025792
845021184
849608704
852754432
861274112
898236416
898105344
899153920
898760704
898629632
899284992
899022848
899022848
899022848
897712128
892731392
893517824
894173184
893517824
893648896
893255680
893517824
892469248
892600320
892862464
894042112
891158528
894828544
854982656
809238528
839254016
807010304
796524544
799014912
751566848
749207552
749207552
769261568
785776640
785383424
756809728
741081088
740950016
741998592
743440384
743702528
744488960
789577728
851705856
834797568
839385088
838074368
839122944
836370432
837812224
838074368
837156864
835846144
840564736
840433664
847118336
837025792
789053440
767557632
773849088
770965504
808976384
834273280
840433664
846200832
849739776
853803008
872415232
900202496
900726784
900988928
900726784
901120000
900595712
901382144
900857856
900857856
896663552
896925696
896139264
896270336
895483904
895614976
894828544
895483904
895090688
894042112
894173184
896925696
893779968
896401408
834535424
836763648
825360384
811335680
811597824
763232256
762445824
779747328
801767424
802160640
791281664
756285440
756809728
757071872
757989376
758775808
848822272
867827712
868352000
868483072
857997312
854982656
854851584
855638016
854196224
852885504
853540864
856031232
851968000
852361216
857735168
859045888
859963392
852099072
790364160
781320192
782499840
796786688
827064320
827981824
862060544
889978880
889323520
889847808
878182400
878444544
878575616
879362048
877002752
875560960
876609536
878575616
874643456
876085248
880803840
881590272
881590272
876216320
840171520
830078976
829423616
827457536
820510720
821166080
805568512
821952512
883949568
884604928
869269504
872153088
871366656
872415232
869924864
870842368
869793792
872022016
868876288
871759872
875692032
877395968
873070592
854851584
822476800
832700416
831913984
824180736
823918592
825360384
886702080
886702080
886964224
886046720
870449152
875167744
874381312
875429888
872546304
873857024
874250240
873201664
871628800
875692032
877658112
881852416
875167744
859176960
834273280
830078976
826671104
820772864
811204608
851312640
884736000
884867072
884604928
884604928
869531648
873070592
873070592
873332736
870711296
872022016
870055936
873857024
869662720
871628800
876216320
876347392
877133824
870711296
810156032
832307200
833617920
827195392
825491456
826015744
872022016
888406016
888930304
888406016
876871680
877395968
877002752
878444544
875560960
874905600
875692032
878444544
873332736
874643456
879886336
879755264
883163136
876609536
830865408
829423616
835977216
832569344
826802176
828112896
828243968
891158528
890896384
890896384
880803840
880017408
880541696
880541696
879362048
877920256
878575616
880803840
876478464
877395968
881197056
881852416
887357440
880148480
855113728
824049664
838991872
836894720
829423616
830603264
818020352
892731392
893386752
892993536
886177792
882769920
883425280
882245632
882638848
880541696
pid: 86435
execution time 1002.86 (s)
