pgmigrate_success 1594538443
pgmigrate_fail 12709
thp_migration_success 2577903
thp_migration_fail 4
thp_migration_split 0
thp_fault_alloc 1651708
thp_fault_fallback 0
thp_fault_fallback_charge 0
thp_collapse_alloc 1708980
thp_collapse_alloc_failed 0
thp_file_alloc 0
thp_file_fallback 0
thp_file_fallback_charge 0
thp_file_mapped 0
thp_split_page 1874976
thp_split_page_failed 3280
thp_deferred_split_page 1880441
thp_split_pmd 1879051
thp_split_pud 0
thp_zero_page_alloc 1
thp_zero_page_alloc_failed 0
thp_swpout 0
thp_swpout_fallback 0
htmm_nr_promoted 747000722
htmm_nr_demoted 842553708
htmm_nr_sampled 0
htmm_missed_dramread 0
htmm_missed_nvmread 0
htmm_missed_write 0
htmm_alloc_dram 875650812
htmm_alloc_nvm 0
