num_threads - 16, WSS - 128 GB, duration - 1000, num_bps_accessed - 256
thread 0: buf size - 8589934592 - 8 GB
thread 1: buf size - 8589934592 - 8 GB
thread 2: buf size - 8589934592 - 8 GB
thread 3: buf size - 8589934592 - 8 GB
thread 4: buf size - 8589934592 - 8 GB
thread 5: buf size - 8589934592 - 8 GB
thread 6: buf size - 8589934592 - 8 GB
thread 7: buf size - 8589934592 - 8 GB
thread 8: buf size - 8589934592 - 8 GB
thread 9: buf size - 8589934592 - 8 GB
thread 10: buf size - 8589934592 - 8 GB
thread 11: buf size - 8589934592 - 8 GB
thread 12: buf size - 8589934592 - 8 GB
thread 13: buf size - 8589934592 - 8 GB
thread 14: buf size - 8589934592 - 8 GB
thread 15: buf size - 8589934592 - 8 GB
thread 1: allocated 1st half
thread 2: allocated 1st half
thread 0: allocated 1st half
thread 4: allocated 1st half
thread 12: allocated 1st half
thread 7: allocated 1st half
thread 10: allocated 1st half
thread 13: allocated 1st half
thread 14: allocated 1st half
thread 15: allocated 1st half
thread 3: allocated 1st half
thread 9: allocated 1st half
thread 5: allocated 1st half
thread 8: allocated 1st half
thread 11: allocated 1st half
thread 6: allocated 1st half
0
0
0
0
thread 1: allocated 2nd half
thread 1: H - 2048, slots_per_hp - 16384, total_slots - 67108864 
thread 2: allocated 2nd half
thread 2: H - 2048, slots_per_hp - 16384, total_slots - 67108864 
thread 7: allocated 2nd half
thread 7: H - 2048, slots_per_hp - 16384, total_slots - 67108864 
thread 4: allocated 2nd half
thread 4: H - 2048, slots_per_hp - 16384, total_slots - 67108864 
thread 12: allocated 2nd half
thread 12: H - 2048, slots_per_hp - 16384, total_slots - 67108864 
thread 13: allocated 2nd half
thread 13: H - 2048, slots_per_hp - 16384, total_slots - 67108864 
thread 10: allocated 2nd half
thread 10: H - 2048, slots_per_hp - 16384, total_slots - 67108864 
thread 15: allocated 2nd half
thread 15: H - 2048, slots_per_hp - 16384, total_slots - 67108864 
thread 14: allocated 2nd half
thread 14: H - 2048, slots_per_hp - 16384, total_slots - 67108864 
thread 0: allocated 2nd half
thread 0: H - 2048, slots_per_hp - 16384, total_slots - 67108864 
thread 9: allocated 2nd half
thread 9: H - 2048, slots_per_hp - 16384, total_slots - 67108864 
thread 3: allocated 2nd half
thread 3: H - 2048, slots_per_hp - 16384, total_slots - 67108864 
thread 8: allocated 2nd half
thread 8: H - 2048, slots_per_hp - 16384, total_slots - 67108864 
thread 11: allocated 2nd half
thread 11: H - 2048, slots_per_hp - 16384, total_slots - 67108864 
thread 5: allocated 2nd half
thread 5: H - 2048, slots_per_hp - 16384, total_slots - 67108864 
thread 6: allocated 2nd half
thread 6: H - 2048, slots_per_hp - 16384, total_slots - 67108864 
640548864
817627136
826408960
829292544
829292544
829554688
828637184
816840704
793903104
788922368
783941632
780009472
777912320
772145152
768999424
763625472
759562240
754581504
751304704
750911488
767164416
771883008
775946240
780533760
784859136
788660224
792199168
807403520
828506112
829816832
829554688
829423616
828637184
829292544
833224704
833486848
832831488
831782912
759300096
700055552
660733952
605290496
559808512
551419904
572915712
574881792
573177856
566231040
565706752
566231040
568983552
567410688
526516224
501743616
498073600
495058944
497418240
497680384
498335744
498073600
498073600
498204672
497025024
497156096
496500736
496631808
496238592
495714304
496369664
495058944
495321088
495058944
494534656
493879296
494272512
493879296
493879296
493223936
492830720
492699648
492175360
492175360
491913216
491257856
491520000
491520000
490995712
491651072
490733568
490995712
490733568
490733568
489947136
490340352
490078208
490340352
487849984
487063552
507248640
523763712
524156928
524419072
524288000
525991936
525598720
508559360
493748224
494927872
494927872
495190016
495845376
497156096
539754496
571211776
570818560
570949632
571080704
571080704
571342848
569245696
557580288
558628864
558891008
558497792
559153152
558235648
559415296
562298880
543293440
515637248
518651904
518651904
523501568
530055168
536608768
548798464
566362112
591527936
601620480
609615872
612761600
619053056
630849536
637927424
648675328
658898944
669122560
678166528
688390144
699924480
710148096
721813504
733478912
741605376
749993984
757596160
764936192
772407296
779747328
785383424
790888448
817889280
842661888
843841536
843186176
844103680
843448320
843972608
843579392
841351168
840564736
840171520
840171520
840171520
839122944
839909376
839254016
841875456
843055104
842006528
842924032
842137600
794034176
733478912
682491904
629407744
572915712
529137664
500039680
522977280
521011200
521011200
520880128
521404416
519438336
461373440
457834496
458227712
457441280
457310208
457048064
457048064
456916992
456654848
456916992
455868416
456392704
455999488
455999488
457441280
454164480
453902336
452984832
453902336
453378048
452984832
453378048
452722688
452591616
453509120
453509120
454557696
453246976
452591616
452329472
452198400
452460544
482082816
463601664
450887680
451674112
452460544
452722688
454688768
454164480
455606272
456654848
457310208
458358784
459407360
459931648
461242368
461373440
462159872
462159872
462946304
463208448
462946304
463339520
462815232
463601664
463470592
463470592
464125952
464912384
526385152
535166976
535166976
535298048
535035904
535298048
535298048
535298048
535035904
523894784
522321920
522715136
522584064
522321920
523239424
521666560
521928704
524419072
525205504
508559360
489160704
516161536
522059776
526778368
536608768
546439168
555089920
560201728
566493184
574226432
574881792
584056832
593625088
605159424
616431616
624033792
632029184
640811008
645529600
653262848
661651456
670302208
681050112
692322304
702152704
711983104
723124224
734527488
750780416
760479744
768081920
775290880
782499840
787349504
792461312
796524544
799670272
839516160
856162304
856555520
852230144
850132992
849870848
849870848
849739776
850657280
848953344
850788352
851443712
851050496
854065152
799145984
795738112
799145984
785907712
808976384
765591552
752484352
751435776
717094912
704118784
703594496
723910656
749469696
747372544
711065600
711196672
711720960
712769536
713293824
714735616
754843648
817496064
816840704
817889280
817364992
817364992
817364992
817627136
817364992
817627136
810156032
801898496
802029568
801898496
801636352
801898496
802422784
800849920
805175296
806223872
804257792
758251520
733216768
729284608
736493568
740163584
756547584
803864576
810942464
817889280
821952512
826933248
830865408
846462976
877264896
878444544
878837760
878313472
878575616
878313472
878575616
875167744
875298816
874250240
873857024
874250240
873857024
873988096
872808448
873070592
874119168
874119168
859176960
795344896
797048832
788135936
765067264
762183680
749993984
718667776
717488128
724041728
765329408
767557632
767688704
746061824
725745664
726401024
726663168
727318528
729546752
809762816
832307200
817102848
816971776
816840704
817758208
815923200
816709632
818282496
815661056
821952512
822738944
818151424
771751936
743440384
754843648
757989376
757596160
767033344
815923200
831782912
836632576
841089024
844890112
864813056
892338176
892862464
893255680
892993536
893255680
893255680
893386752
892862464
889061376
889323520
888274944
888143872
888274944
887881728
887881728
887357440
887357440
887357440
886308864
889847808
835715072
807141376
832176128
783548416
780795904
731250688
730464256
738721792
777125888
781713408
742653952
735838208
736231424
737148928
738459648
810549248
847511552
847118336
847118336
847642624
838729728
832569344
832307200
833093632
831913984
831782912
833093632
831127552
832307200
835321856
838991872
832307200
770310144
757858304
761921536
760872960
765067264
818282496
827457536
833355776
837550080
842006528
854196224
889847808
889978880
890372096
890372096
890896384
890634240
890503168
890634240
890634240
886046720
887095296
886046720
885653504
885784576
884998144
885260288
884998144
883949568
884736000
884998144
885784576
859045888
807796736
815923200
795607040
781975552
781844480
733216768
731774976
739639296
774504448
773193728
761266176
728760320
729153536
730071040
731250688
732954624
816709632
838205440
837943296
834797568
822607872
823787520
824180736
824180736
822345728
823001088
825229312
821690368
826933248
828375040
826277888
800325632
746323968
759955456
758906880
768868352
817889280
823394304
830078976
835452928
838991872
842137600
879755264
889454592
889978880
889847808
890241024
890503168
890109952
890109952
890241024
890634240
883818496
886177792
885522432
885522432
885391360
884867072
884867072
884342784
884342784
884867072
884080640
886439936
838336512
799670272
826671104
783810560
781058048
782368768
734265344
733085696
738852864
773455872
772407296
772276224
729022464
729022464
729808896
730464256
731250688
765460480
837156864
836894720
828899328
823001088
823132160
824442880
822345728
822214656
821428224
824049664
821166080
825753600
827588608
826277888
814481408
746586112
757334016
759300096
758906880
801505280
822345728
828768256
834273280
837812224
841089024
868745216
889323520
889061376
889585664
889716736
889061376
889585664
889716736
889716736
889454592
884080640
885653504
885129216
884998144
885129216
884604928
884211712
884604928
883163136
884080640
884604928
884342784
868483072
805699584
815792128
793247744
782630912
783941632
740818944
735182848
733872128
775159808
773193728
773062656
737148928
730202112
731643904
732037120
732692480
768344064
839254016
839122944
839385088
824967168
826146816
825360384
827064320
824442880
825229312
826146816
824836096
823394304
829554688
830734336
828637184
812908544
749600768
760479744
761004032
760610816
791805952
822870016
829685760
834273280
837550080
841351168
879230976
888799232
888799232
889323520
888799232
889192448
888799232
889323520
889192448
888930304
883032064
885522432
884473856
884867072
884473856
884080640
884473856
883556352
883163136
883163136
885653504
882245632
884211712
811859968
807534592
805044224
782630912
769916928
740294656
735313920
746192896
774897664
774766592
749600768
730595328
731643904
733085696
733085696
743702528
840040448
839778304
840040448
839909376
829554688
826933248
826933248
828506112
826015744
824836096
825884672
828243968
824049664
827064320
829292544
835190784
826277888
776863744
756023296
758775808
770179072
815792128
821821440
828243968
833880064
837287936
840695808
866648064
885129216
885260288
884867072
884998144
884604928
884867072
884080640
883294208
883949568
884736000
884080640
884736000
855375872
807796736
831913984
793772032
787742720
745930752
744620032
744357888
786169856
785121280
770572288
741605376
742522880
742522880
760872960
849608704
849608704
850001920
849739776
849739776
849608704
834666496
837550080
837025792
837943296
836108288
836763648
835846144
837287936
834273280
839778304
840564736
842399744
834797568
770179072
767164416
767033344
769130496
815005696
830210048
836239360
840302592
842006528
887095296
884604928
886046720
885784576
885522432
885391360
885522432
885129216
884867072
883556352
884998144
885522432
884080640
885915648
837681152
822476800
810942464
800063488
775553024
751435776
750256128
776339456
793247744
794427392
755761152
748945408
748814336
802947072
857341952
857210880
857473024
857210880
856948736
857079808
849346560
845676544
845021184
845545472
845938688
843448320
844496896
846331904
842924032
842924032
848429056
849870848
847380480
833880064
767557632
772931584
773718016
776339456
794427392
835715072
840957952
843186176
878182400
888537088
884867072
886046720
886571008
885784576
886046720
885653504
885391360
884867072
883818496
884998144
887095296
884080640
884736000
821559296
829685760
801374208
792592384
748945408
747765760
764280832
793378816
786563072
747372544
747634688
747634688
827981824
857735168
857604096
857473024
857341952
857866240
857473024
857341952
847511552
845676544
846200832
846725120
845807616
843841536
845021184
847249408
842661888
843055104
849608704
850657280
848035840
833355776
769785856
772145152
773718016
778174464
786432000
834404352
845283328
848035840
887357440
895352832
889847808
892076032
892207104
892076032
891289600
891551744
891682816
890634240
889978880
891289600
891551744
890241024
889323520
822083584
835321856
815398912
774242304
775553024
809107456
804782080
762970112
778567680
873725952
859308032
862322688
862060544
863764480
860356608
861798400
859045888
863109120
858521600
863502336
864288768
869007360
861011968
804913152
784465920
783286272
787218432
819462144
846725120
863371264
895877120
896794624
896663552
892600320
893648896
893517824
893124608
893124608
892600320
892076032
892469248
891551744
891289600
891813888
894042112
890241024
pid: 99074
execution time 1002.61 (s)
