pgmigrate_success 1537712968
pgmigrate_fail 10016
thp_migration_success 2545850
thp_migration_fail 2
thp_migration_split 0
thp_fault_alloc 790757
thp_fault_fallback 0
thp_fault_fallback_charge 0
thp_collapse_alloc 1128529
thp_collapse_alloc_failed 0
thp_file_alloc 0
thp_file_fallback 0
thp_file_fallback_charge 0
thp_file_mapped 0
thp_split_page 1375451
thp_split_page_failed 3053
thp_deferred_split_page 1379615
thp_split_pmd 1378826
thp_split_pud 0
thp_zero_page_alloc 1
thp_zero_page_alloc_failed 0
thp_swpout 0
thp_swpout_fallback 0
htmm_nr_promoted 647740570
htmm_nr_demoted 888029759
htmm_nr_sampled 0
htmm_missed_dramread 0
htmm_missed_nvmread 0
htmm_missed_write 0
htmm_alloc_dram 424818620
htmm_alloc_nvm 0
