num_threads - 16, WSS - 128 GB, duration - 1000
thread 0: buf size - 8589934592 - 8 GB
thread 1: buf size - 8589934592 - 8 GB
thread 2: buf size - 8589934592 - 8 GB
thread 3: buf size - 8589934592 - 8 GB
thread 4: buf size - 8589934592 - 8 GB
thread 5: buf size - 8589934592 - 8 GB
thread 6: buf size - 8589934592 - 8 GB
thread 7: buf size - 8589934592 - 8 GB
thread 8: buf size - 8589934592 - 8 GB
thread 9: buf size - 8589934592 - 8 GB
thread 10: buf size - 8589934592 - 8 GB
thread 11: buf size - 8589934592 - 8 GB
thread 12: buf size - 8589934592 - 8 GB
thread 13: buf size - 8589934592 - 8 GB
thread 15: buf size - 8589934592 - 8 GB
thread 14: buf size - 8589934592 - 8 GB
thread 1: allocated 1st half
thread 13: allocated 1st half
thread 10: allocated 1st half
thread 7: allocated 1st half
thread 4: allocated 1st half
thread 14: allocated 1st half
thread 2: allocated 1st half
thread 12: allocated 1st half
thread 15: allocated 1st half
thread 0: allocated 1st half
thread 9: allocated 1st half
thread 8: allocated 1st half
thread 3: allocated 1st half
thread 11: allocated 1st half
thread 5: allocated 1st half
thread 6: allocated 1st half
0
0
0
0
thread 1: allocated 2nd half
thread 1: H - 2048
thread 13: allocated 2nd half
thread 13: H - 2048
thread 10: allocated 2nd half
thread 10: H - 2048
thread 7: allocated 2nd half
thread 7: H - 2048
thread 14: allocated 2nd half
thread 14: H - 2048
thread 4: allocated 2nd half
thread 4: H - 2048
thread 12: allocated 2nd half
thread 12: H - 2048
thread 2: allocated 2nd half
thread 2: H - 2048
thread 15: allocated 2nd half
thread 15: H - 2048
thread 9: allocated 2nd half
thread 9: H - 2048
thread 3: allocated 2nd half
thread 3: H - 2048
thread 8: allocated 2nd half
thread 8: H - 2048
thread 0: allocated 2nd half
thread 0: H - 2048
thread 11: allocated 2nd half
thread 11: H - 2048
thread 6: allocated 2nd half
thread 6: H - 2048
thread 5: allocated 2nd half
thread 5: H - 2048
855638016
1063911424
1067057152
1067712512
1068892160
1068892160
1068892160
1033240576
1018953728
1022623744
1060241408
1056047104
1046740992
1036124160
1009385472
977534976
977141760
968753152
899284992
898891776
901120000
899022848
900333568
902561792
901644288
908460032
905183232
912654336
910163968
913833984
915800064
910950400
916193280
913309696
914227200
915931136
911212544
915275776
909508608
905707520
912392192
930349056
953942016
961282048
1035468800
1032060928
1032847360
1037041664
1028915200
1036124160
1030619136
1035599872
1021968384
986578944
993918976
982253568
1013579776
1015152640
959053824
945553408
942276608
955121664
975568896
971898880
948699136
884736000
880279552
881983488
879493120
882769920
873594880
881590272
882769920
875167744
883032064
883425280
879099904
879755264
883163136
883425280
876871680
882769920
883556352
880279552
872284160
900202496
990380032
1008074752
1005453312
983695360
966524928
974913536
976355328
1002045440
980418560
951975936
940703744
948305920
998899712
945160192
908591104
905576448
905707520
895090688
905183232
905838592
901251072
900333568
905183232
905183232
899153920
901120000
904790016
902299648
897974272
899547136
903872512
904003584
902037504
896663552
903741440
960233472
1051721728
1052639232
1062469632
1026555904
992608256
1003749376
999817216
1027211264
1012006912
988282880
983564288
988807168
989200384
1024065536
988545024
976879616
962330624
973864960
973471744
969277440
961282048
959840256
967311360
968884224
968622080
967704576
954597376
966918144
1072693248
1036386304
1018691584
1009254400
1009385472
1051066368
1049624576
1005846528
1001521152
1023016960
1016070144
966656000
967180288
967573504
967049216
959971328
958660608
965869568
967573504
967049216
967180288
959315968
959053824
966000640
1034289152
1078853632
1078591488
1031798784
1012924416
1015939072
1010302976
1040711680
1041629184
1001783296
994443264
1012531200
1017643008
964034560
966918144
965083136
964689920
965345280
964689920
954728448
959315968
963248128
964296704
965214208
964296704
965083136
1068236800
1060634624
1073872896
1029308416
1021968384
1017511936
1006370816
1050804224
1031536640
999555072
998768640
1011613696
1028259840
965345280
966131712
966918144
966000640
964952064
963903488
963772416
964296704
951582720
960364544
962985984
1005322240
1078460416
1078722560
1078984704
1078591488
1037959168
1024589824
1006239744
1006632960
1039794176
1035206656
1003094016
1001914368
1025769472
1016725504
961413120
960364544
960102400
961019904
960102400
960757760
959709184
952369152
958398464
959447040
1060241408
1080819712
1080819712
1080557568
1080950784
1081081856
1031798784
1030094848
1023410176
1012400128
1024458752
1039532032
999161856
1000472576
1000079360
1056833536
970588160
967573504
968097792
966524928
964689920
965607424
965476352
965214208
965345280
965345280
965607424
1009778688
1073348608
1071644672
1077673984
1079640064
1041235968
1011089408
1009385472
1006764032
998113280
1063256064
1018560512
1003749376
1001390080
1055260672
971112448
966393856
966393856
966393856
962985984
959184896
958660608
951058432
955514880
956825600
1027080192
1081606144
1081475072
1082130432
1081475072
1082130432
1072824320
1028390912
1024458752
1021706240
1014235136
1065746432
1004929024
1003618304
1005453312
1046740992
966918144
966393856
966262784
966000640
961544192
955252736
953679872
956563456
957480960
963248128
1081606144
1082523648
1082392576
1082523648
1083047936
1082392576
1061027840
1031274496
1025376256
1021837312
1021181952
1054343168
1004142592
1003487232
1019215872
1010434048
967311360
967311360
967049216
967180288
966787072
967049216
966787072
966656000
1000734720
1086324736
1086980096
1076625408
1081212928
1083179008
1084620800
1085145088
1045954560
1031274496
1026424832
1017643008
1052114944
1030356992
1007943680
1008467968
1027997696
978452480
976224256
973340672
973209600
972816384
973602816
977403904
1092485120
1092616192
1092747264
1092878336
1092354048
1092878336
1092747264
1093009408
1092878336
1087504384
1035730944
1032585216
1030750208
1021050880
1071120384
1013579776
1018167296
1037172736
973471744
972029952
972554240
971767808
968753152
968491008
1053163520
1047527424
1036255232
1030619136
1017511936
1060634624
1013841920
1040187392
976879616
976486400
976617472
976486400
1008074752
1093009408
1093140480
1093271552
1055916032
1037434880
1032060928
1022492672
1060503552
1012006912
1028128768
982908928
983040000
983302144
974127104
1009254400
1093271552
1093140480
1093664768
1044905984
1035993088
1032454144
1027080192
1046740992
1025245184
1004535808
980287488
974389248
975568896
1093533696
1093664768
1093664768
1093664768
1094189056
1036648448
1034682368
1032847360
1026818048
1047920640
1030881280
982908928
973078528
972554240
1006764032
1093533696
1093664768
1094057984
1093271552
1087111168
1032716288
1033371648
1028915200
1026293760
1042153472
1021181952
980680704
980549632
1049886720
1093009408
1092747264
1092878336
1093271552
1093402624
1073872896
1041498112
1034682368
1030619136
1038483456
1041891328
1015152640
1020002304
977534976
974520320
973733888
974389248
1056702464
1093926912
1093140480
1083572224
1038090240
1034813440
1031798784
1036910592
1033633792
1032454144
997982208
981729280
981467136
981991424
1003618304
1093533696
1093795840
1093664768
1070333952
1039007744
1033633792
1025900544
1053949952
1019871232
1039925248
988676096
981204992
981729280
980811776
977010688
1091567616
1093271552
1093664768
1063780352
1040318464
1033764864
1024196608
1054605312
1014235136
1021575168
981467136
980942848
981073920
1070333952
1086980096
1088946176
1090387968
1091043328
1053425664
1035599872
1030881280
1016856576
1056833536
1013710848
1022885888
975306752
975568896
975044608
1021706240
1093402624
1093271552
1093271552
1093402624
1048444928
1037959168
1031012352
1024458752
1062600704
1015545856
1031667712
1005584384
974389248
974127104
973864960
974127104
973996032
1057751040
1093271552
1052508160
1036517376
1031536640
1024589824
1050542080
1014890496
1019215872
975831040
974258176
974127104
1035337728
1093271552
1093402624
1093664768
1093533696
1045823488
1037434880
1032847360
1025769472
1044250624
1035206656
974651392
973996032
974258176
1070989312
1093664768
1093140480
1093271552
1093664768
1074790400
1038745600
1033895936
1027080192
1042415616
1021444096
1034682368
974520320
972947456
970981376
1026162688
1090781184
1090912256
1091829760
1092222976
1060241408
1023148032
1020526592
1017249792
1004666880
1057226752
1014497280
1021968384
976355328
976093184
975962112
981729280
1092485120
1092354048
1092878336
1092354048
1032060928
1033502720
1032716288
1025245184
1041235968
1014759424
1028259840
976224256
975962112
976617472
975699968
1069678592
1092878336
1092616192
1092354048
1024589824
1021575168
1017380864
1007288320
1053687808
1017905152
1033371648
974913536
974520320
972292096
990117888
1092485120
1092747264
1092878336
1093140480
1058537472
1037434880
1032716288
1021313024
1056833536
1013710848
1024458752
976224256
974520320
973602816
1022099456
1092878336
1092616192
1092878336
1092616192
1050804224
1036255232
1031536640
1021706240
1045037056
1014104064
1014366208
973340672
972947456
972161024
1063518208
1091960832
1091698688
1092091904
1092091904
1039925248
1033109504
1030488064
1023410176
1047003136
1014366208
1014366208
972947456
972161024
970457088
1049100288
1098776576
1099956224
1099563008
1099956224
1037565952
1037041664
1035862016
1030488064
1048838144
1017643008
1028915200
976355328
972554240
972423168
972292096
1075314688
1098776576
1099563008
1085407232
1038352384
1037828096
1030488064
1048182784
1029701632
1036517376
982122496
973078528
972947456
973733888
1050411008
1099169792
1099300864
1099563008
1074528256
1044250624
1036910592
1029963776
1053687808
1019215872
1025769472
980549632
980025344
988151808
1099300864
1100218368
1099563008
1099169792
1099563008
1065615360
1036779520
1032060928
1022361600
1053556736
1027473408
997720064
978976768
977010688
1086193664
1097990144
1098514432
1098645504
1099169792
1098907648
1045168128
1037959168
1033633792
1027211264
1069285376
1016594432
1034944512
1007288320
977797120
978059264
978059264
977666048
976093184
1064697856
1099694080
1050935296
1040580608
1034813440
1027866624
1053294592
1017249792
1016594432
977010688
977010688
977403904
1049755648
1099300864
1098907648
1099038720
1099169792
1042677760
1037172736
1035730944
1028521984
1047134208
1039400960
980942848
980287488
973864960
1039794176
1099300864
1099563008
1099038720
1099694080
1093664768
1037041664
1037959168
1033633792
1044381696
1037828096
1040973824
982384640
982515712
982253568
999555072
1099563008
1099169792
1099825152
1091829760
1074397184
1041760256
1036517376
1027211264
1043857408
1027866624
1026031616
982515712
982253568
1000603648
1099300864
1098907648
1099169792
1098776576
1099300864
1071120384
1039925248
1036386304
1027866624
1059323904
1021968384
1045168128
986972160
982515712
982777856
982384640
999292928
1099431936
1099038720
1099300864
1062076416
1039269888
1035206656
1023279104
1063124992
1017118720
1036517376
982122496
983040000
981860352
982646784
1073741824
1099431936
1099563008
1099563008
1052770304
1039400960
1035862016
1029439488
1055260672
1017905152
1034682368
980418560
979107840
978976768
978583552
1063124992
1099300864
1099431936
1099431936
1044512768
1037565952
1037041664
1028915200
1045037056
1026818048
980680704
978583552
974258176
1098645504
1097072640
1092091904
1094320128
1095499776
1073610752
1040449536
1035468800
1028259840
1049362432
1027080192
1045168128
980680704
979894272
979763200
979763200
1069678592
1098907648
1099563008
1098645504
1069416448
1039925248
1037172736
1026293760
1062207488
1022885888
1032978432
1010565120
981860352
980418560
979763200
977272832
1006632960
1099038720
1098514432
1060241408
1038876672
1035075584
1023934464
1063911424
1016987648
1020919808
980287488
980680704
980942848
1088028672
1099169792
1099694080
1099169792
1099169792
1053687808
1038483456
1035206656
1028128768
1050411008
1026949120
1001127936
981336064
980156416
1018560512
1100087296
1099825152
1099431936
1099825152
1098907648
1042022400
1037697024
1035599872
1030488064
1044512768
1038221312
986316800
978845696
975699968
1002176512
1094451200
1097072640
1096810496
1096810496
1074528256
1040187392
1035206656
1027342336
1051197440
1025900544
1037959168
981467136
980942848
977666048
1008730112
1099431936
1100349440
1099956224
1099038720
1067450368
1039138816
1036255232
1026949120
1065746432
1018822656
1040449536
981204992
981467136
980680704
980549632
1073217536
1099431936
1099038720
1099300864
1060896768
pid: 57191
execution time 1005.19 (s)
