pgmigrate_success 1549787961
pgmigrate_fail 6079
thp_migration_success 2772941
thp_migration_fail 5
thp_migration_split 0
thp_fault_alloc 1316943
thp_fault_fallback 0
thp_fault_fallback_charge 0
thp_collapse_alloc 273542
thp_collapse_alloc_failed 0
thp_file_alloc 0
thp_file_fallback 0
thp_file_fallback_charge 0
thp_file_mapped 0
thp_split_page 441343
thp_split_page_failed 3185
thp_deferred_split_page 446031
thp_split_pmd 444747
thp_split_pud 0
thp_zero_page_alloc 1
thp_zero_page_alloc_failed 0
thp_swpout 0
thp_swpout_fallback 0
htmm_nr_promoted 728382091
htmm_nr_demoted 816589467
htmm_nr_sampled 0
htmm_missed_dramread 0
htmm_missed_nvmread 0
htmm_missed_write 0
htmm_alloc_dram 698483400
htmm_alloc_nvm 0
