pgmigrate_success 1793611351
pgmigrate_fail 6138
thp_migration_success 2937020
thp_migration_fail 5
thp_migration_split 0
thp_fault_alloc 1515726
thp_fault_fallback 0
thp_fault_fallback_charge 0
thp_collapse_alloc 611201
thp_collapse_alloc_failed 0
thp_file_alloc 0
thp_file_fallback 0
thp_file_fallback_charge 0
thp_file_mapped 0
thp_split_page 885348
thp_split_page_failed 4815
thp_deferred_split_page 892426
thp_split_pmd 890405
thp_split_pud 0
thp_zero_page_alloc 1
thp_zero_page_alloc_failed 0
thp_swpout 0
thp_swpout_fallback 0
htmm_nr_promoted 785544555
htmm_nr_demoted 1001621457
htmm_nr_sampled 0
htmm_missed_dramread 0
htmm_missed_nvmread 0
htmm_missed_write 0
htmm_alloc_dram 808527400
htmm_alloc_nvm 0
