num_threads - 16, WSS - 128 GB, duration - 1000
thread 0: buf size - 8589934592 - 8 GB
thread 2: buf size - 8589934592 - 8 GB
thread 3: buf size - 8589934592 - 8 GB
thread 4: buf size - 8589934592 - 8 GB
thread 5: buf size - 8589934592 - 8 GB
thread 1: buf size - 8589934592 - 8 GB
thread 6: buf size - 8589934592 - 8 GB
thread 7: buf size - 8589934592 - 8 GB
thread 8: buf size - 8589934592 - 8 GB
thread 9: buf size - 8589934592 - 8 GB
thread 10: buf size - 8589934592 - 8 GB
thread 11: buf size - 8589934592 - 8 GB
thread 12: buf size - 8589934592 - 8 GB
thread 13: buf size - 8589934592 - 8 GB
thread 14: buf size - 8589934592 - 8 GB
thread 15: buf size - 8589934592 - 8 GB
thread 2: allocated 1st half
thread 13: allocated 1st half
thread 1: allocated 1st half
thread 4: allocated 1st half
thread 7: allocated 1st half
thread 12: allocated 1st half
thread 10: allocated 1st half
thread 15: allocated 1st half
thread 14: allocated 1st half
thread 3: allocated 1st half
thread 5: allocated 1st half
thread 11: allocated 1st half
thread 8: allocated 1st half
thread 6: allocated 1st half
thread 0: allocated 1st half
thread 9: allocated 1st half
0
0
0
0
thread 2: allocated 2nd half
thread 2: H - 2048, slots_per_hp - 16384, total_slots - 67108864 
thread 13: allocated 2nd half
thread 13: H - 2048, slots_per_hp - 16384, total_slots - 67108864 
thread 12: allocated 2nd half
thread 12: H - 2048, slots_per_hp - 16384, total_slots - 67108864 
thread 10: allocated 2nd half
thread 10: H - 2048, slots_per_hp - 16384, total_slots - 67108864 
thread 15: allocated 2nd half
thread 15: H - 2048, slots_per_hp - 16384, total_slots - 67108864 
thread 14: allocated 2nd half
thread 14: H - 2048, slots_per_hp - 16384, total_slots - 67108864 
thread 4: allocated 2nd half
thread 4: H - 2048, slots_per_hp - 16384, total_slots - 67108864 
thread 7: allocated 2nd half
thread 7: H - 2048, slots_per_hp - 16384, total_slots - 67108864 
thread 1: allocated 2nd half
thread 1: H - 2048, slots_per_hp - 16384, total_slots - 67108864 
thread 8: allocated 2nd half
thread 8: H - 2048, slots_per_hp - 16384, total_slots - 67108864 
thread 3: allocated 2nd half
thread 3: H - 2048, slots_per_hp - 16384, total_slots - 67108864 
thread 11: allocated 2nd half
thread 11: H - 2048, slots_per_hp - 16384, total_slots - 67108864 
thread 0: allocated 2nd half
thread 0: H - 2048, slots_per_hp - 16384, total_slots - 67108864 
thread 6: allocated 2nd half
thread 5: allocated 2nd half
thread 5: H - 2048, slots_per_hp - 16384, total_slots - 67108864 
thread 6: H - 2048, slots_per_hp - 16384, total_slots - 67108864 
thread 9: allocated 2nd half
thread 9: H - 2048, slots_per_hp - 16384, total_slots - 67108864 
579338240
794951680
810549248
817889280
819068928
822083584
818806784
817233920
815398912
814350336
823394304
793116672
783417344
779616256
776470528
773849088
770048000
765460480
759955456
756416512
753401856
751697920
758775808
762970112
767819776
775159808
780009472
786956288
791674880
807534592
834142208
831389696
830210048
826802176
828899328
828899328
811597824
787480576
782106624
772538368
773193728
769785856
767426560
760872960
756678656
751042560
744357888
740687872
741605376
735838208
728760320
737804288
746717184
752222208
749469696
756154368
764542976
768606208
775290880
779354112
785907712
791281664
795344896
813301760
842268672
841351168
842399744
837812224
836501504
832045056
832307200
835452928
798359552
792723456
789577728
783548416
778698752
774635520
769916928
765984768
761921536
760741888
754843648
750911488
740032512
751042560
757596160
763232256
765067264
772407296
778174464
781582336
787218432
791674880
797704192
801636352
830865408
844759040
843579392
838598656
839909376
838729728
839254016
838336512
839909376
840826880
841351168
839647232
809762816
794820608
790757376
783679488
779091968
773718016
764936192
761135104
759169024
753795072
746323968
741474304
736624640
735313920
745013248
753926144
762314752
766509056
771358720
776601600
783155200
785121280
790495232
797310976
804257792
830996480
845676544
846987264
847511552
846594048
846069760
844103680
843710464
843710464
841089024
825622528
798621696
792592384
785252352
782106624
777912320
771096576
766246912
761790464
756809728
752877568
749076480
750256128
760610816
767426560
772407296
776470528
781320192
788004864
793772032
800849920
805961728
823394304
853409792
854196224
853671936
852754432
854851584
854982656
854982656
854851584
846856192
849084416
849346560
849215488
848560128
847773696
815005696
803602432
795607040
790626304
784072704
780009472
774504448
768999424
765460480
757465088
752615424
749076480
747503616
758120448
765853696
772014080
776994816
783679488
788791296
794427392
800325632
806223872
810811392
836632576
854982656
855506944
856031232
855900160
854589440
855113728
853671936
852230144
851050496
851443712
849739776
848429056
808845312
801374208
796393472
789184512
783155200
777519104
770834432
765591552
760348672
756809728
748814336
744751104
754450432
761135104
766246912
773193728
779223040
784465920
790102016
795607040
801374208
806354944
835059712
847249408
848035840
847380480
848035840
847642624
848297984
848035840
845283328
842530816
844496896
844103680
843710464
844103680
827981824
799014912
793640960
788135936
784596992
777256960
771883008
767295488
761528320
755892224
750387200
746192896
756547584
761266176
768475136
774766592
780271616
785383424
791674880
797573120
803209216
809762816
848691200
848560128
848953344
848953344
849084416
847642624
848560128
849477632
848953344
845021184
845021184
845021184
844365824
844103680
819724288
798097408
792592384
786563072
783024128
776470528
771489792
768344064
761528320
755499008
749469696
757334016
765984768
771489792
777912320
784334848
790364160
794951680
799145984
805568512
832962560
844759040
844496896
844103680
843317248
828899328
799408128
794689536
789184512
783286272
778043392
774635520
768081920
762052608
756154368
754581504
763887616
770834432
777388032
783679488
790102016
794951680
799408128
805437440
831651840
848822272
845152256
845283328
844496896
844496896
844496896
828375040
799932416
794558464
788267008
783941632
779878400
772276224
767295488
762183680
757465088
750518272
750780416
761397248
769523712
774504448
780140544
785645568
792592384
797048832
801898496
810287104
849477632
849608704
849739776
849215488
849346560
850264064
848691200
849870848
848691200
848953344
845021184
845414400
844365824
844103680
841220096
802291712
798097408
790364160
784859136
780402688
775159808
769130496
763363328
761135104
753795072
746848256
744751104
754843648
762970112
768081920
774373376
781058048
787742720
791805952
796655616
803471360
808976384
850001920
850001920
850395136
850526208
850132992
849477632
850001920
850657280
847380480
845676544
845938688
845414400
845545472
815267840
800063488
793903104
788922368
782368768
778174464
772145152
766640128
760741888
757858304
767164416
773980160
780009472
786432000
792330240
796786688
801767424
808058880
847249408
850526208
848297984
846987264
847118336
846462976
846069760
845676544
829554688
800325632
794820608
789839872
784859136
779091968
772800512
770441216
778698752
784465920
790364160
795738112
801636352
806486016
840302592
850132992
850395136
850001920
850264064
850132992
849084416
846331904
845938688
845676544
845152256
842006528
802160640
797573120
792723456
785645568
780009472
775684096
770048000
764018688
758775808
753401856
760741888
767164416
773062656
779485184
786300928
791412736
796262400
802816000
807927808
846069760
846331904
846725120
846331904
845938688
845676544
844759040
803864576
797442048
792461312
786956288
781713408
775421952
775159808
784072704
789577728
795607040
800980992
807010304
840564736
850264064
850001920
850132992
850132992
850395136
850264064
850001920
846856192
846331904
845938688
845283328
845021184
823394304
799408128
794689536
789315584
782893056
777388032
772669440
767950848
763101184
756678656
762052608
771358720
776208384
782630912
788791296
795082752
799539200
805044224
827719680
850001920
849346560
846594048
846462976
846331904
846331904
845414400
838074368
804519936
796655616
790364160
786038784
780926976
775028736
776601600
785645568
791937024
796524544
802291712
808714240
850264064
850132992
849870848
850264064
850264064
850132992
850132992
850264064
846725120
846594048
845938688
845283328
845152256
826933248
799014912
794820608
789315584
783286272
777912320
774635520
768606208
761921536
756023296
756809728
766640128
772538368
778960896
785383424
791543808
795869184
801374208
807141376
842006528
849084416
846856192
846462976
846462976
846462976
845414400
838336512
802816000
796917760
789970944
785907712
780533760
774897664
780271616
788267008
794296320
799670272
804257792
825098240
850001920
850264064
850001920
850132992
850132992
850264064
850395136
850264064
846594048
846331904
846069760
845807616
845152256
829816832
800718848
795738112
789970944
784465920
779747328
773980160
768737280
762576896
758120448
768081920
775028736
780009472
786169856
792854528
798359552
802947072
811204608
849739776
850132992
848953344
847118336
846594048
846594048
846069760
845938688
839909376
802684928
796655616
791019520
786432000
781058048
776994816
785907712
793378816
798752768
803471360
814743552
849870848
850132992
850657280
850132992
850395136
849739776
850526208
850132992
850264064
846594048
846462976
846331904
845676544
845021184
830865408
800587776
795475968
789708800
784203776
779485184
774242304
768475136
762970112
757202944
758382592
767688704
773849088
780140544
786825216
792854528
797179904
802422784
809893888
850132992
850657280
845807616
846725120
846725120
845283328
845283328
845152256
810024960
798490624
792461312
788004864
782499840
778960896
787087360
793772032
800194560
803864576
823656448
850395136
850264064
850001920
850264064
850264064
850132992
850132992
850395136
850395136
847380480
846725120
846725120
845938688
845152256
845283328
802422784
797442048
792199168
787349504
780402688
775421952
770572288
764542976
759037952
754450432
754712576
765853696
770965504
776994816
783941632
788398080
794427392
800587776
806223872
826802176
847380480
846069760
846462976
846462976
846331904
845807616
820117504
799539200
793772032
790233088
783941632
778436608
778567680
787349504
793903104
799277056
805306368
816447488
851050496
851574784
851312640
851574784
850919424
851705856
851050496
851574784
848822272
848166912
847249408
847118336
846987264
846462976
810418176
800063488
794034176
787349504
781320192
777125888
771751936
765460480
757596160
754974720
768737280
774373376
778698752
781451264
793378816
798883840
803733504
816316416
851312640
850395136
847904768
846725120
846069760
846069760
846069760
813039616
799014912
793640960
787218432
782237696
776863744
770441216
765722624
763101184
772800512
778829824
784728064
791805952
797704192
802160640
807403520
846331904
850919424
851181568
851181568
848429056
848035840
847380480
846987264
846725120
846200832
813432832
799145984
793509888
787480576
781713408
775553024
771358720
765460480
767164416
775421952
783679488
789708800
794034176
799277056
806092800
827981824
851181568
850657280
850788352
850395136
848560128
846725120
846462976
845676544
845414400
824573952
800980992
795607040
788660224
784728064
778698752
773193728
767426560
762183680
757858304
766377984
773324800
778960896
786432000
792068096
796655616
801374208
807665664
842268672
851050496
848822272
847904768
846856192
847249408
846069760
846462976
819593216
799670272
793903104
789053440
783810560
778698752
773062656
770572288
779747328
786038784
791543808
797966336
803864576
808321024
848035840
851181568
851443712
850526208
850526208
851312640
848953344
847118336
846594048
846069760
845938688
820772864
801112064
795738112
789577728
783679488
777912320
773455872
768606208
773062656
780271616
787349504
793640960
797966336
803602432
811073536
851312640
850919424
850788352
851443712
851181568
849346560
847904768
847511552
846725120
846856192
846331904
821297152
800849920
793640960
788135936
784203776
777912320
773324800
768475136
776732672
783810560
788922368
794165248
800194560
807010304
826146816
851443712
850526208
850919424
851050496
851312640
849739776
846987264
846987264
846331904
845807616
831389696
802029568
796524544
790495232
785252352
779091968
773849088
769523712
765460480
772276224
780009472
786169856
792854528
796524544
802422784
808189952
843317248
850788352
851443712
851050496
850264064
847380480
847642624
847118336
846856192
846725120
834011136
802029568
797179904
790233088
784728064
780271616
775815168
769523712
774504448
782499840
789577728
794034176
799539200
805961728
823918592
850132992
850395136
851050496
pid: 70272
execution time 1002.72 (s)
