pgmigrate_success 1281400381
pgmigrate_fail 8015
thp_migration_success 2227045
thp_migration_fail 2
thp_migration_split 0
thp_fault_alloc 659647
thp_fault_fallback 0
thp_fault_fallback_charge 0
thp_collapse_alloc 750909
thp_collapse_alloc_failed 0
thp_file_alloc 0
thp_file_fallback 0
thp_file_fallback_charge 0
thp_file_mapped 0
thp_split_page 940146
thp_split_page_failed 1981
thp_deferred_split_page 942967
thp_split_pmd 942447
thp_split_pud 0
thp_zero_page_alloc 1
thp_zero_page_alloc_failed 0
thp_swpout 0
thp_swpout_fallback 0
htmm_nr_promoted 569503890
htmm_nr_demoted 710065310
htmm_nr_sampled 0
htmm_missed_dramread 0
htmm_missed_nvmread 0
htmm_missed_write 0
htmm_alloc_dram 357417088
htmm_alloc_nvm 0
