num_threads - 16, WSS - 128 GB, duration - 1000, num_bps_accessed - 256
thread 0: buf size - 8589934592 - 8 GB
thread 1: buf size - 8589934592 - 8 GB
thread 2: buf size - 8589934592 - 8 GB
thread 3: buf size - 8589934592 - 8 GB
thread 4: buf size - 8589934592 - 8 GB
thread 5: buf size - 8589934592 - 8 GB
thread 6: buf size - 8589934592 - 8 GB
thread 7: buf size - 8589934592 - 8 GB
thread 8: buf size - 8589934592 - 8 GB
thread 9: buf size - 8589934592 - 8 GB
thread 10: buf size - 8589934592 - 8 GB
thread 11: buf size - 8589934592 - 8 GB
thread 12: buf size - 8589934592 - 8 GB
thread 13: buf size - 8589934592 - 8 GB
thread 14: buf size - 8589934592 - 8 GB
thread 15: buf size - 8589934592 - 8 GB
thread 7: allocated 1st half
thread 4: allocated 1st half
thread 1: allocated 1st half
thread 2: allocated 1st half
thread 12: allocated 1st half
thread 13: allocated 1st half
thread 14: allocated 1st half
thread 10: allocated 1st half
thread 15: allocated 1st half
thread 3: allocated 1st half
thread 0: allocated 1st half
thread 9: allocated 1st half
thread 5: allocated 1st half
thread 8: allocated 1st half
thread 11: allocated 1st half
thread 6: allocated 1st half
0
0
0
0
thread 7: allocated 2nd half
thread 7: H - 2048, slots_per_hp - 16384, total_slots - 67108864 
thread 4: allocated 2nd half
thread 4: H - 2048, slots_per_hp - 16384, total_slots - 67108864 
thread 1: allocated 2nd half
thread 1: H - 2048, slots_per_hp - 16384, total_slots - 67108864 
thread 12: allocated 2nd half
thread 12: H - 2048, slots_per_hp - 16384, total_slots - 67108864 
thread 13: allocated 2nd half
thread 13: H - 2048, slots_per_hp - 16384, total_slots - 67108864 
thread 2: allocated 2nd half
thread 2: H - 2048, slots_per_hp - 16384, total_slots - 67108864 
thread 14: allocated 2nd half
thread 14: H - 2048, slots_per_hp - 16384, total_slots - 67108864 
thread 10: allocated 2nd half
thread 10: H - 2048, slots_per_hp - 16384, total_slots - 67108864 
thread 15: allocated 2nd half
thread 15: H - 2048, slots_per_hp - 16384, total_slots - 67108864 
thread 3: allocated 2nd half
thread 3: H - 2048, slots_per_hp - 16384, total_slots - 67108864 
thread 9: allocated 2nd half
thread 9: H - 2048, slots_per_hp - 16384, total_slots - 67108864 
thread 0: allocated 2nd half
thread 0: H - 2048, slots_per_hp - 16384, total_slots - 67108864 
thread 8: allocated 2nd half
thread 8: H - 2048, slots_per_hp - 16384, total_slots - 67108864 
thread 11: allocated 2nd half
thread 11: H - 2048, slots_per_hp - 16384, total_slots - 67108864 
thread 6: allocated 2nd half
thread 6: H - 2048, slots_per_hp - 16384, total_slots - 67108864 
thread 5: allocated 2nd half
thread 5: H - 2048, slots_per_hp - 16384, total_slots - 67108864 
506724352
777519104
787349504
792461312
793903104
788791296
788791296
788398080
787611648
784728064
767557632
764542976
763232256
762576896
761135104
761659392
761004032
757858304
755630080
760741888
761528320
761790464
763887616
764018688
757858304
775290880
808321024
810549248
809500672
810942464
803471360
805175296
802291712
803340288
796917760
774242304
769785856
766640128
762183680
753795072
755499008
753008640
753532928
750649344
749600768
745668608
741998592
748945408
755499008
759955456
762839040
765067264
765198336
767033344
762445824
768344064
773849088
783810560
813694976
814743552
815792128
814219264
816316416
815529984
814350336
810811392
809893888
808189952
808845312
800849920
779485184
774504448
769785856
768212992
764805120
761790464
759955456
756416512
753664000
752877568
749469696
743833600
738066432
733347840
725483520
727449600
739377152
744620032
747634688
750911488
755105792
759955456
763363328
764805120
768868352
771751936
773718016
777912320
791150592
810680320
810942464
810418176
811335680
810549248
811466752
804782080
779616256
774897664
772014080
769130496
765329408
761790464
759300096
755499008
747110400
743833600
740556800
736362496
730988544
725876736
721420288
730857472
738590720
744095744
748027904
753664000
757465088
761659392
765984768
768212992
771620864
773324800
778829824
781975552
811597824
822214656
818937856
816185344
817496064
818151424
817627136
818020352
823263232
823918592
820772864
818282496
756678656
708968448
660209664
608960512
566886400
563216384
577765376
578813952
578813952
579338240
554827776
512884736
513277952
511442944
512753664
511049728
510263296
509739008
506593280
508559360
508821504
508297216
508297216
507379712
507510784
506593280
503185408
506462208
505282560
505937920
505544704
505020416
505020416
504102912
501350400
503185408
503709696
503316480
502923264
502923264
502136832
502530048
501874688
501219328
498073600
501481472
500957184
500957184
500301824
500170752
500432896
499384320
497287168
498860032
499253248
498728960
498728960
498597888
498073600
497549312
498073600
498073600
495452160
497287168
497418240
497287168
497025024
496893952
497156096
523501568
527958016
527958016
528613376
526778368
529268736
530579456
530710528
531628032
520093696
502661120
528744448
574226432
561119232
561119232
560988160
557318144
561905664
562036736
527826944
514326528
519569408
526778368
531628032
539099136
548405248
557056000
560594944
563740672
567934976
588120064
611975168
618790912
626917376
636878848
647626752
657588224
669122560
679870464
692322304
705560576
719060992
727842816
734789632
744882176
752091136
759824384
767688704
773849088
782630912
826408960
827457536
827457536
825491456
827195392
827719680
827850752
827457536
827719680
827588608
822476800
822083584
822738944
821297152
819462144
823656448
827195392
826671104
827064320
795475968
727842816
674758656
620232704
568197120
556531712
579862528
580911104
580780032
580648960
532283392
508952576
509476864
509476864
508952576
508821504
508297216
507904000
507904000
507248640
506593280
506462208
505806848
505675776
505806848
504627200
505151488
504496128
503971840
503971840
503447552
502923264
503185408
502530048
502530048
501743616
502005760
500170752
500170752
500432896
500563968
500301824
500170752
499515392
499777536
499253248
498335744
498991104
498466816
497811456
498204672
497680384
497680384
497418240
496631808
496893952
496500736
496500736
495845376
495976448
495583232
495452160
495321088
495058944
510656512
528220160
527826944
529268736
530055168
530186240
530317312
531628032
530448384
518520832
500957184
500957184
572522496
574095360
573702144
574226432
573571072
574095360
566624256
560332800
559546368
559677440
559284224
561512448
513671168
515112960
521666560
527564800
534773760
541065216
550240256
556138496
560594944
564527104
567803904
597426176
613285888
621412352
629276672
639369216
649854976
660209664
670826496
682229760
693501952
706740224
717225984
725614592
733741056
743440384
751304704
759037952
766509056
772276224
791150592
818806784
818413568
818937856
818020352
818413568
823132160
822083584
740032512
691535872
635174912
583925760
542244864
576978944
579338240
574619648
575930368
525205504
506724352
505544704
505151488
505020416
504102912
504102912
503840768
503578624
503054336
503840768
502530048
502661120
502530048
502530048
502005760
501219328
501481472
501350400
501481472
500826112
500695040
500957184
500432896
500039680
531234816
532676608
534249472
535560192
510787584
506331136
506986496
563478528
579862528
580124672
580124672
579731456
580124672
579862528
579993600
579993600
580255744
568983552
566755328
566624256
566231040
567017472
568459264
541720576
517603328
523108352
529006592
535560192
547618816
552075264
556007424
560332800
564527104
596770816
606470144
614727680
621543424
628621312
638582784
648151040
659030016
670171136
681443328
695205888
710148096
729546752
738721792
746586112
755499008
764018688
772407296
779485184
786563072
791805952
832045056
834273280
835321856
835715072
834666496
836763648
840564736
809631744
741474304
687996928
634388480
586153984
559153152
585760768
586153984
566493184
514457600
513802240
513671168
512491520
513015808
512491520
511967232
511705088
511574016
511442944
510656512
511049728
510787584
510132224
510656512
510394368
511836160
550633472
545390592
524550144
515244032
515637248
516292608
516947968
536608768
591396864
591265792
591527936
591527936
591396864
591396864
591396864
583663616
577241088
576978944
577634304
576978944
579207168
572260352
533069824
536739840
540540928
544342016
544473088
551419904
562954240
594542592
601227264
607649792
614072320
621150208
628097024
635568128
641466368
650248192
660602880
670826496
681181184
692191232
705691648
721027072
753270784
767295488
775684096
784465920
792592384
800325632
808583168
814612480
819986432
855244800
869400576
869924864
869924864
870055936
869662720
870318080
869924864
870187008
865861632
862846976
861929472
861929472
860356608
864813056
868483072
868352000
814612480
751435776
695468032
644481024
600571904
612761600
622067712
621674496
609484800
544210944
541720576
541196288
540409856
539623424
538968064
538312704
537133056
534773760
534511616
533200896
533725184
532807680
532545536
532152320
530055168
530186240
529137664
529268736
529006592
528482304
528744448
527433728
525860864
526385152
526516224
526254080
526385152
524681216
526385152
525467648
525467648
525598720
524419072
525467648
524943360
560594944
559808512
561512448
561643520
561774592
563609600
533856256
558628864
606470144
606339072
606339072
606470144
606470144
605945856
606732288
606601216
600571904
591659008
589824000
590610432
590086144
592052224
560857088
549453824
551944192
555352064
555352064
566362112
571604992
576454656
611188736
618528768
624820224
632160256
639107072
645922816
651952128
661389312
670564352
680787968
691142656
702021632
715128832
733609984
768475136
777650176
785645568
794689536
803340288
811073536
818020352
825360384
831913984
842137600
841875456
841744384
840695808
840564736
850264064
877133824
843710464
776994816
724172800
671350784
628359168
606994432
629800960
628883456
576192512
551682048
551682048
551550976
551026688
550633472
549847040
550633472
549847040
549715968
549453824
549453824
548667392
551419904
551026688
549584896
579207168
584712192
576454656
553779200
554041344
554565632
632946688
616038400
613810176
612892672
612106240
612237312
608436224
576978944
580780032
585236480
588644352
594280448
598212608
629800960
638320640
645660672
652345344
659816448
666501120
673316864
680525824
683933696
692191232
702021632
710672384
720896000
731119616
742785024
760217600
782630912
791150592
800063488
808976384
817102848
825229312
831258624
837943296
853278720
888799232
889192448
889454592
888930304
889585664
889323520
889847808
889192448
889585664
884998144
881459200
880541696
878706688
876609536
876740608
884342784
887095296
840564736
783941632
728498176
678166528
635699200
618659840
639631360
637927424
604504064
562429952
562036736
562167808
561250304
560857088
561250304
560726016
560726016
560332800
560463872
560070656
560070656
559939584
559939584
559808512
560726016
560332800
560463872
559808512
560201728
589692928
595722240
595329024
579993600
562561024
562823168
562298880
564396032
642646016
642646016
642777088
642646016
624820224
615907328
615645184
615120896
615120896
615907328
615383040
603717632
590610432
596115456
601882624
607649792
610140160
620888064
651689984
658505728
665976832
672399360
679870464
686292992
693501952
700579840
702414848
709754880
718012416
726401024
735969280
745406464
755892224
769130496
791150592
799277056
807927808
816578560
824705024
832307200
838598656
845414400
854065152
895483904
896532480
897318912
897581056
897056768
897449984
897581056
897712128
897974272
888274944
887095296
885915648
884867072
882638848
895483904
895221760
886571008
808583168
771489792
718929920
666370048
622985216
643563520
647495680
647102464
603062272
569901056
569507840
569245696
568983552
568721408
567410688
561774592
561119232
560988160
560726016
560857088
560332800
560070656
559022080
556531712
556793856
556662784
556662784
556007424
556269568
555220992
554434560
554696704
554565632
554303488
553779200
553779200
553123840
552468480
552468480
552730624
553123840
570032128
587595776
587857920
588120064
587202560
587464704
559546368
594280448
632029184
629800960
612499456
612106240
611319808
611581952
613941248
557187072
545783808
559939584
576978944
581304320
593362944
598736896
603979776
633995264
645005312
652607488
659161088
666501120
673710080
677511168
686030848
694943744
703725568
713031680
722862080
734003200
747896832
773324800
782499840
790495232
799408128
808058880
816054272
824442880
830865408
843841536
881983488
882507776
882114560
882769920
882376704
882638848
882507776
882638848
882507776
882114560
873070592
873332736
873332736
872284160
870973440
878706688
880410624
835846144
778960896
726532096
676331520
pid: 50855
execution time 1003.09 (s)
