pgmigrate_success 2442886599
pgmigrate_fail 22466
thp_migration_success 3750759
thp_migration_fail 4
thp_migration_split 0
thp_fault_alloc 2243192
thp_fault_fallback 0
thp_fault_fallback_charge 0
thp_collapse_alloc 3272659
thp_collapse_alloc_failed 0
thp_file_alloc 0
thp_file_fallback 0
thp_file_fallback_charge 0
thp_file_mapped 0
thp_split_page 3571561
thp_split_page_failed 5833
thp_deferred_split_page 3580658
thp_split_pmd 3578612
thp_split_pud 0
thp_zero_page_alloc 3
thp_zero_page_alloc_failed 0
thp_swpout 0
thp_swpout_fallback 0
htmm_nr_promoted 1123818008
htmm_nr_demoted 1310160783
htmm_nr_sampled 0
htmm_missed_dramread 0
htmm_missed_nvmread 0
htmm_missed_write 0
htmm_alloc_dram 1183895276
htmm_alloc_nvm 0
