num_threads - 16, WSS - 128 GB, duration - 1000
thread 0: buf size - 8589934592 - 8 GB
thread 1: buf size - 8589934592 - 8 GB
thread 2: buf size - 8589934592 - 8 GB
thread 3: buf size - 8589934592 - 8 GB
thread 4: buf size - 8589934592 - 8 GB
thread 6: buf size - 8589934592 - 8 GB
thread 5: buf size - 8589934592 - 8 GB
thread 7: buf size - 8589934592 - 8 GB
thread 8: buf size - 8589934592 - 8 GB
thread 9: buf size - 8589934592 - 8 GB
thread 10: buf size - 8589934592 - 8 GB
thread 11: buf size - 8589934592 - 8 GB
thread 12: buf size - 8589934592 - 8 GB
thread 13: buf size - 8589934592 - 8 GB
thread 14: buf size - 8589934592 - 8 GB
thread 15: buf size - 8589934592 - 8 GB
thread 4: allocated 1st half
thread 2: allocated 1st half
thread 12: allocated 1st half
thread 7: allocated 1st half
thread 13: allocated 1st half
thread 10: allocated 1st half
thread 15: allocated 1st half
thread 1: allocated 1st half
thread 14: allocated 1st half
thread 9: allocated 1st half
thread 3: allocated 1st half
thread 0: allocated 1st half
thread 6: allocated 1st half
thread 8: allocated 1st half
thread 11: allocated 1st half
thread 5: allocated 1st half
0
0
0
0
thread 4: allocated 2nd half
thread 4: H - 2048
thread 12: allocated 2nd half
thread 12: H - 2048
thread 13: allocated 2nd half
thread 13: H - 2048
thread 7: allocated 2nd half
thread 7: H - 2048
thread 2: allocated 2nd half
thread 2: H - 2048
thread 15: allocated 2nd half
thread 15: H - 2048
thread 10: allocated 2nd half
thread 10: H - 2048
thread 1: allocated 2nd half
thread 1: H - 2048
thread 14: allocated 2nd half
thread 14: H - 2048
thread 9: allocated 2nd half
thread 9: H - 2048
thread 3: allocated 2nd half
thread 3: H - 2048
thread 8: allocated 2nd half
thread 8: H - 2048
thread 0: allocated 2nd half
thread 0: H - 2048
thread 11: allocated 2nd half
thread 11: H - 2048
thread 6: allocated 2nd half
thread 6: H - 2048
thread 5: allocated 2nd half
thread 5: H - 2048
492044288
559153152
562429952
564527104
566099968
567279616
567672832
565837824
567803904
567017472
567541760
566362112
545783808
543162368
539492352
536870912
533594112
531365888
529137664
525205504
523370496
520617984
519307264
517996544
523239424
527302656
529268736
531628032
533987328
536739840
539492352
541589504
544997376
567934976
568590336
569245696
569376768
568983552
569507840
569507840
569245696
569507840
567410688
567279616
566493184
566755328
566755328
566231040
566099968
568721408
568590336
568852480
568721408
519307264
459800576
427819008
399900672
376832000
366346240
403308544
412352512
411566080
411828224
411041792
373817344
361627648
360579072
360185856
360054784
359661568
359137280
359006208
358612992
357695488
357826560
357695488
357040128
357171200
356253696
356384768
356253696
355467264
355598336
355074048
354811904
354418688
354549760
353763328
354156544
353239040
353501184
352976896
352583680
352452608
352583680
351797248
351928320
351797248
351535104
351535104
351010816
351141888
351141888
350748672
351141888
350879744
373686272
374603776
375652352
375521280
376045568
375914496
363593728
354811904
354811904
355336192
355467264
356122624
355336192
355860480
356384768
356646912
382205952
407633920
405798912
398327808
398196736
398196736
398065664
398589952
398065664
399507456
399900672
394395648
366870528
367788032
368705536
370409472
372375552
376307712
383909888
400949248
405405696
408944640
411697152
415498240
418775040
422445056
425459712
429391872
433717248
438697984
444465152
450101248
456261632
462159872
469237760
475660288
484311040
488636416
495321088
501088256
507641856
514588672
521666560
529137664
537788416
572260352
572784640
573308928
573440000
573571072
573702144
573571072
572391424
571998208
571604992
571080704
571342848
571473920
571080704
570818560
571342848
572653568
572784640
573177856
572915712
572391424
533594112
468582400
438304768
409600000
384303104
368967680
359923712
359530496
388497408
389808128
390070272
389152768
389677056
371720192
342097920
341311488
340918272
340787200
340393984
339607552
340000768
339345408
338821120
339083264
338427904
337772544
337772544
337772544
337117184
337248256
337248256
336855040
336855040
336199680
336461824
335675392
336199680
335806464
336068608
335806464
335544320
335544320
335806464
335806464
335544320
335282176
335544320
335675392
335282176
341835776
366477312
346554368
336330752
336592896
336723968
336723968
337379328
337772544
337510400
338427904
338558976
338821120
338427904
339214336
339345408
339476480
339476480
340000768
340000768
340525056
340525056
341049344
341573632
341311488
341966848
341704704
341442560
342622208
342360064
343015424
343146496
343670784
381812736
384040960
384303104
383778816
383778816
384434176
383647744
383647744
384958464
387448832
382468096
354418688
355860480
364118016
377487360
379846656
382337024
384958464
386793472
389414912
389677056
394133504
398065664
401735680
406323200
410910720
417071104
420216832
423493632
427294720
431357952
434634752
437780480
441712640
444989440
449970176
456130560
461766656
468582400
475660288
484311040
492568576
497549312
502267904
508428288
514064384
521142272
527040512
534118400
549715968
584187904
582352896
573964288
573964288
573964288
574095360
574226432
574095360
573964288
577110016
578158592
576061440
527564800
542375936
567279616
567279616
574619648
581304320
593756160
605421568
605945856
606470144
602669056
603455488
602800128
603586560
602931200
602931200
602931200
602537984
602275840
602800128
604110848
562561024
562692096
565051392
552861696
551944192
529399808
515112960
515375104
514981888
549453824
554434560
552468480
526909440
527302656
527826944
548929536
599654400
599261184
599130112
599392256
593756160
584187904
584581120
584056832
583794688
584056832
584450048
583794688
584712192
586547200
588906496
576585728
541589504
541458432
540147712
544473088
548012032
554041344
606994432
613416960
613416960
613285888
610402304
611057664
610533376
611057664
610533376
610271232
610664448
610271232
609484800
610664448
610664448
590479360
546832384
545521664
554696704
543817728
541589504
515768320
506462208
506331136
534773760
538574848
535953408
513802240
517865472
521011200
587333632
588644352
588775424
588513280
588251136
586547200
571998208
572129280
572129280
571998208
571867136
572129280
572653568
571211776
572784640
575799296
576192512
561381376
529137664
528613376
532676608
532807680
532676608
544473088
569769984
575930368
581828608
585629696
586285056
613679104
614465536
614203392
614334464
614727680
614596608
615251968
614596608
614858752
611057664
611713024
611844096
611188736
611450880
610926592
611450880
611188736
610140160
610533376
610664448
613154816
608174080
536739840
519831552
514719744
535691264
522190848
506200064
499122176
474218496
472121344
471859200
470941696
470417408
470941696
471203840
497680384
496238592
494796800
478937088
479985664
480641024
481820672
483655680
485228544
522715136
549191680
549322752
548536320
549715968
548798464
549453824
537001984
530579456
530972672
531628032
530972672
530317312
531103744
532283392
530972672
531890176
534904832
538050560
533331968
497549312
489029632
488505344
489422848
487849984
490733568
496500736
518520832
539230208
543948800
548143104
553385984
557187072
560857088
565051392
570163200
574619648
603586560
606601216
606208000
603717632
604504064
603717632
603717632
603979776
603717632
603586560
603324416
603193344
603979776
602406912
603324416
604372992
563871744
532414464
529530880
541327360
522059776
512622592
491651072
491388928
491520000
508428288
515637248
511311872
494665728
496762880
498991104
499646464
562561024
565968896
565968896
565968896
559546368
549453824
548798464
548929536
549584896
548274176
548929536
549847040
549191680
548405248
552730624
552861696
553910272
543948800
506855424
504102912
505413632
507379712
508166144
510525440
514981888
541458432
554565632
558104576
562298880
567279616
585105408
603455488
604766208
604635136
604766208
605159424
604897280
605028352
601751552
602537984
602406912
601751552
602144768
602013696
602144768
601489408
602144768
601227264
601096192
602275840
601489408
579600384
534118400
528482304
534118400
522846208
522321920
509083648
495058944
511705088
519962624
519700480
515375104
497156096
502661120
568197120
570032128
569901056
569769984
569901056
569769984
570425344
554172416
555220992
554434560
555876352
554041344
554303488
555089920
556400640
554565632
554041344
559284224
558628864
558104576
542375936
511442944
511836160
511705088
514064384
514457600
516685824
525336576
553779200
565313536
568590336
570425344
585105408
606994432
607780864
607518720
607911936
608043008
607911936
607911936
608829440
604504064
605290496
605028352
604635136
605290496
605159424
604635136
604635136
604372992
604635136
604110848
604635136
604110848
603193344
545783808
524025856
536215552
522584064
520486912
520749056
503447552
492437504
501874688
517079040
517210112
517865472
498466816
499646464
545390592
570032128
570163200
570425344
570425344
570294272
558497792
553648128
553517056
553779200
553648128
552861696
553910272
552861696
554827776
552992768
554172416
557711360
559677440
556138496
535953408
510263296
510656512
510656512
510394368
513933312
517472256
533987328
560070656
563347456
566099968
566886400
571867136
587464704
608698368
609222656
609222656
609222656
609615872
609746944
609091584
606076928
606339072
606732288
606076928
606339072
606732288
605814784
606208000
605552640
605945856
605421568
606208000
605683712
604504064
548274176
528744448
540016640
533856256
533200896
534380544
517341184
507641856
533331968
530317312
530186240
519045120
508690432
563478528
577765376
578027520
578289664
578027520
578158592
578158592
566099968
564264960
564133888
564264960
564658176
563216384
564527104
563740672
565182464
563740672
563085312
567672832
567934976
567148544
562036736
519962624
520093696
520355840
523501568
524943360
525336576
529268736
548012032
569901056
573440000
574619648
594149376
607780864
607911936
608174080
608829440
608174080
609091584
608436224
608960512
605552640
606076928
605421568
605945856
605421568
605945856
605028352
605159424
605290496
604897280
604897280
604766208
605290496
604504064
605028352
561119232
525729792
536739840
529661952
527958016
525467648
500039680
505937920
525205504
524419072
520486912
501743616
521404416
576847872
576847872
576454656
576978944
576454656
576847872
576585728
566493184
563085312
562823168
562692096
563216384
562298880
561905664
562692096
563347456
562298880
562298880
563085312
564658176
569114624
564264960
543162368
518782976
518651904
519176192
521404416
521666560
524419072
538443776
568197120
571080704
574619648
574357504
585760768
606994432
608043008
607780864
608043008
608305152
608305152
608567296
607780864
605159424
605159424
605814784
605159424
605159424
605421568
604897280
605814784
604504064
604766208
604241920
604766208
604897280
604372992
604635136
558235648
525991936
536215552
531103744
529661952
530448384
512753664
506593280
529006592
526516224
526123008
509345792
507117568
571736064
578289664
578289664
577896448
578027520
578289664
578289664
569507840
564920320
564658176
564527104
565182464
563871744
563347456
564396032
564002816
565706752
564133888
563740672
567934976
567410688
567148544
557973504
520749056
520355840
519962624
523108352
522190848
524681216
529006592
557580288
571473920
575668224
578027520
583008256
607780864
607649792
608043008
608305152
608436224
608305152
609091584
608174080
605290496
605814784
605552640
605683712
605290496
605552640
604766208
605814784
604766208
605028352
604897280
604897280
604372992
605159424
605421568
600965120
527564800
518389760
494534656
508821504
502530048
490864640
489422848
471465984
461504512
461111296
460455936
460980224
477495296
481951744
481558528
477626368
465043456
465174528
467795968
523894784
519831552
518651904
519045120
518651904
519045120
518127616
518127616
518782976
519176192
519176192
pid: 152546
execution time 1003.73 (s)
