num_threads - 16, WSS - 128 GB, duration - 1000, num_bps_accessed - 256
thread 0: buf size - 8589934592 - 8 GB
thread 1: buf size - 8589934592 - 8 GB
thread 2: buf size - 8589934592 - 8 GB
thread 3: buf size - 8589934592 - 8 GB
thread 4: buf size - 8589934592 - 8 GB
thread 5: buf size - 8589934592 - 8 GB
thread 6: buf size - 8589934592 - 8 GB
thread 7: buf size - 8589934592 - 8 GB
thread 8: buf size - 8589934592 - 8 GB
thread 9: buf size - 8589934592 - 8 GB
thread 10: buf size - 8589934592 - 8 GB
thread 11: buf size - 8589934592 - 8 GB
thread 12: buf size - 8589934592 - 8 GB
thread 13: buf size - 8589934592 - 8 GB
thread 14: buf size - 8589934592 - 8 GB
thread 15: buf size - 8589934592 - 8 GB
thread 2: allocated 1st half
thread 7: allocated 1st half
thread 13: allocated 1st half
thread 4: allocated 1st half
thread 1: allocated 1st half
thread 12: allocated 1st half
thread 15: allocated 1st half
thread 10: allocated 1st half
thread 14: allocated 1st half
thread 3: allocated 1st half
thread 9: allocated 1st half
thread 5: allocated 1st half
thread 0: allocated 1st half
thread 6: allocated 1st half
thread 8: allocated 1st half
thread 11: allocated 1st half
0
0
0
0
thread 7: allocated 2nd half
thread 7: H - 2048, slots_per_hp - 16384, total_slots - 67108864 
thread 13: allocated 2nd half
thread 13: H - 2048, slots_per_hp - 16384, total_slots - 67108864 
thread 2: allocated 2nd half
thread 2: H - 2048, slots_per_hp - 16384, total_slots - 67108864 
thread 12: allocated 2nd half
thread 12: H - 2048, slots_per_hp - 16384, total_slots - 67108864 
thread 4: allocated 2nd half
thread 4: H - 2048, slots_per_hp - 16384, total_slots - 67108864 
thread 1: allocated 2nd half
thread 1: H - 2048, slots_per_hp - 16384, total_slots - 67108864 
thread 15: allocated 2nd half
thread 15: H - 2048, slots_per_hp - 16384, total_slots - 67108864 
thread 10: allocated 2nd half
thread 10: H - 2048, slots_per_hp - 16384, total_slots - 67108864 
thread 14: allocated 2nd half
thread 14: H - 2048, slots_per_hp - 16384, total_slots - 67108864 
thread 9: allocated 2nd half
thread 9: H - 2048, slots_per_hp - 16384, total_slots - 67108864 
thread 3: allocated 2nd half
thread 3: H - 2048, slots_per_hp - 16384, total_slots - 67108864 
thread 8: allocated 2nd half
thread 8: H - 2048, slots_per_hp - 16384, total_slots - 67108864 
thread 0: allocated 2nd half
thread 0: H - 2048, slots_per_hp - 16384, total_slots - 67108864 
thread 11: allocated 2nd half
thread 11: H - 2048, slots_per_hp - 16384, total_slots - 67108864 
thread 6: allocated 2nd half
thread 6: H - 2048, slots_per_hp - 16384, total_slots - 67108864 
thread 5: allocated 2nd half
thread 5: H - 2048, slots_per_hp - 16384, total_slots - 67108864 
624951296
811335680
822870016
825753600
832962560
834535424
834666496
793247744
721289216
667549696
641204224
675151872
675414016
674103296
610795520
592576512
590741504
591003648
589299712
589037568
588644352
587202560
586940416
585760768
585760768
584974336
584712192
583663616
582746112
583401472
581959680
580911104
581042176
579993600
579469312
578420736
577372160
576847872
576847872
576323584
575668224
575275008
575143936
574619648
573833216
574488576
573833216
573440000
572522496
573440000
572784640
572391424
572522496
589168640
609091584
610271232
610664448
612237312
613154816
634257408
659947520
660209664
660602880
659947520
660209664
660078592
660340736
660078592
656015360
647233536
646053888
646578176
647233536
646578176
648937472
649461760
616824832
587071488
593494016
600571904
609091584
615514112
623509504
632291328
639631360
648413184
657850368
668991488
682229760
687341568
697303040
743440384
763494400
771883008
779616256
786169856
821952512
834011136
834797568
835321856
835059712
834273280
834273280
834535424
837943296
837550080
838205440
819593216
738590720
685506560
630325248
575930368
534249472
522190848
542375936
544079872
542113792
540016640
539885568
539361280
489553920
474349568
473694208
473956352
473825280
473038848
473169920
472776704
472252416
472907776
472121344
472383488
472121344
471990272
471597056
471072768
471465984
471072768
471072768
470417408
470679552
470679552
470155264
470155264
470417408
469893120
496369664
495190016
469762048
469106688
469893120
470941696
470417408
471072768
472121344
472645632
472907776
473694208
473956352
474611712
475004928
475660288
476446720
476839936
477364224
477626368
478806016
479985664
539754496
536739840
535953408
537264128
536477696
537395200
536346624
536477696
538968064
537919488
514850816
501350400
504233984
509739008
533069824
548929536
553254912
560201728
565968896
574357504
584974336
597557248
603979776
611450880
618135552
625344512
632422400
640024576
647757824
655753216
666632192
676855808
686424064
696516608
707919872
718405632
731381760
747896832
757071872
764542976
772538368
779485184
786694144
792330240
797966336
802160640
829947904
854589440
855113728
855375872
855375872
837156864
831651840
831782912
831651840
831520768
831258624
831258624
830996480
831258624
851836928
854458368
854589440
854458368
854065152
837419008
778305536
745799680
703594496
638058496
585367552
544079872
500039680
517734400
519438336
520355840
520093696
519831552
497811456
458752000
458227712
458358784
457310208
457441280
457179136
456785920
456392704
456261632
456130560
455737344
455868416
454819840
455475200
454426624
454819840
454426624
454295552
453771264
453902336
454426624
454033408
453902336
453771264
453246976
453509120
453640192
452984832
453640192
453115904
453246976
452591616
468451328
450887680
451543040
452591616
453378048
454426624
454426624
455868416
455999488
457441280
457179136
458620928
458358784
460062720
459538432
460587008
460587008
460718080
460849152
461111296
460718080
461111296
460980224
461242368
461373440
460980224
461242368
460849152
461635584
461242368
461766656
462290944
470417408
529137664
529530880
529661952
520749056
517079040
516554752
516816896
516030464
516423680
516685824
515899392
519176192
519569408
515506176
497680384
511180800
515768320
521404416
528089088
537657344
545783808
554041344
559022080
565182464
572260352
580780032
579862528
597032960
606601216
616824832
624951296
636223488
643170304
650379264
656801792
662831104
670171136
676462592
681443328
691404800
702021632
711589888
722599936
734920704
757071872
764542976
772145152
779354112
786956288
793378816
799539200
803078144
805175296
852754432
861405184
852885504
854327296
854589440
853671936
853409792
854196224
853147648
856031232
856424448
855638016
858783744
801243136
800587776
807141376
800194560
817233920
783286272
768868352
766902272
755761152
720896000
719716352
761135104
764674048
735969280
723124224
723255296
724697088
725090304
725876736
728367104
729939968
754057216
831258624
831258624
831258624
831520768
831389696
831258624
831520768
831258624
824180736
815529984
814743552
816054272
814743552
815267840
815923200
814612480
816971776
819593216
819724288
795082752
747241472
744620032
751697920
752222208
757465088
793116672
823001088
828768256
834535424
838467584
840826880
856555520
887357440
888012800
888274944
888406016
888668160
888406016
888012800
887881728
882900992
883818496
883818496
883687424
883294208
883425280
882900992
883032064
882507776
883425280
884604928
832831488
815005696
834535424
791674880
788922368
788922368
756154368
740294656
740032512
752877568
786300928
785514496
783548416
772276224
738459648
738852864
740425728
741474304
754450432
846856192
840040448
833617920
832700416
833748992
832176128
832569344
834535424
831651840
833093632
836501504
839122944
833355776
781582336
762052608
766640128
768999424
773455872
781844480
789708800
794165248
843710464
851705856
888799232
893386752
892993536
893255680
892469248
893124608
892338176
892469248
892731392
891944960
891420672
895090688
844496896
826671104
831520768
804913152
790495232
754057216
753532928
753532928
782761984
798097408
780402688
754843648
755499008
756678656
758906880
819593216
860880896
860356608
860618752
860749824
853278720
846462976
846594048
847642624
845545472
845938688
846594048
845938688
845152256
851574784
851050496
849477632
826540032
770310144
777650176
778698752
780795904
785252352
801505280
843317248
847642624
861143040
892993536
888012800
890372096
889585664
889978880
889323520
889716736
889061376
888668160
889454592
889323520
888143872
891944960
838467584
824442880
827195392
803471360
804651008
774373376
752746496
752746496
761135104
796393472
793247744
783941632
750649344
750125056
751960064
753270784
773062656
858652672
858521600
858390528
851836928
844496896
844496896
846069760
843710464
844234752
843186176
846200832
843055104
846594048
847904768
852492288
844627968
784990208
773718016
780271616
780533760
782106624
785645568
816447488
843186176
845807616
886046720
886177792
887357440
887357440
887619584
887095296
886702080
887095296
886964224
886308864
885915648
888012800
886308864
884473856
814481408
834797568
806617088
800587776
801636352
773193728
752615424
752222208
765853696
794427392
791150592
787218432
745930752
745930752
746586112
748552192
750256128
845021184
855638016
855769088
842661888
842661888
842268672
843055104
840826880
842399744
842530816
842006528
840433664
846069760
845807616
848560128
842006528
784465920
770834432
776339456
780795904
783024128
785383424
791412736
838860800
845021184
884604928
886308864
887095296
887488512
886964224
886833152
887095296
886833152
886439936
886702080
886177792
887357440
885522432
888537088
842399744
820641792
827064320
800587776
800456704
774111232
753401856
752877568
774504448
793116672
791805952
758906880
747372544
748814336
749993984
751566848
814612480
857735168
858128384
857604096
853671936
843317248
845152256
844496896
845807616
843186176
844496896
846594048
842924032
843317248
849215488
849215488
850132992
843579392
779616256
774504448
778305536
782237696
784203776
787480576
810024960
844890112
856555520
890765312
885522432
888012800
887750656
887095296
887357440
887488512
887226368
886702080
886571008
886702080
887488512
886833152
886833152
847249408
822214656
827850752
803602432
803471360
776732672
755630080
755105792
789839872
794689536
793247744
749469696
749862912
752091136
753139712
760610816
860749824
860487680
861011968
860618752
858783744
845545472
847773696
847904768
848953344
846331904
847380480
848953344
846594048
846594048
851574784
851705856
855244800
848166912
792723456
776470528
779223040
783155200
784465920
788398080
808583168
843579392
865206272
891551744
887095296
888406016
888012800
888143872
888143872
887357440
888406016
887488512
886833152
887488512
886702080
889716736
885653504
878313472
820248576
839647232
814088192
813301760
815267840
776339456
770703360
810287104
808583168
808058880
770965504
760348672
760610816
763363328
870187008
869662720
870580224
870187008
870187008
870187008
858652672
859439104
858390528
859439104
857997312
857997312
858259456
860225536
857341952
858128384
862584832
863502336
862978048
857604096
793247744
784465920
785645568
790102016
792854528
797966336
808976384
883425280
893386752
893648896
888799232
890109952
889978880
889716736
889716736
889454592
889585664
888799232
888930304
889061376
887881728
891158528
888274944
885522432
833355776
836108288
826277888
811204608
774242304
804519936
820772864
799932416
770048000
784728064
867827712
869924864
869924864
871104512
868483072
868614144
868876288
870580224
868220928
867958784
872153088
873201664
874250240
868745216
813563904
792330240
793640960
796000256
800194560
829423616
852099072
882900992
894042112
894173184
889716736
890241024
891027456
889716736
890765312
889323520
890372096
889847808
889454592
888930304
890109952
889716736
889585664
888537088
836894720
844234752
827195392
825622528
805568512
774111232
810680320
822607872
822607872
775553024
770179072
835190784
880279552
880148480
879886336
880279552
880148480
880017408
879886336
880017408
872153088
870580224
870449152
871366656
870580224
869138432
869924864
871628800
868220928
869007360
872284160
872284160
876871680
871104512
846331904
792068096
793509888
794427392
798490624
816971776
850001920
852492288
882114560
893911040
891158528
891027456
890634240
890372096
890372096
889978880
890372096
889978880
889454592
889454592
889716736
888406016
892207104
888406016
883163136
837812224
835321856
826802176
825229312
796393472
774635520
819462144
822214656
819724288
770834432
771883008
856948736
879886336
880148480
880541696
880017408
880541696
880148480
880279552
880017408
871366656
871235584
871104512
872546304
870318080
870055936
870187008
872546304
868745216
869138432
872808448
873201664
876609536
872022016
848560128
791937024
793378816
794689536
799408128
821428224
851181568
852754432
888668160
894173184
pid: 92755
execution time 1002.57 (s)
