num_threads - 16, WSS - 128 GB, duration - 1000
thread 0: buf size - 8589934592 - 8 GB
thread 1: buf size - 8589934592 - 8 GB
thread 2: buf size - 8589934592 - 8 GB
thread 3: buf size - 8589934592 - 8 GB
thread 4: buf size - 8589934592 - 8 GB
thread 5: buf size - 8589934592 - 8 GB
thread 6: buf size - 8589934592 - 8 GB
thread 7: buf size - 8589934592 - 8 GB
thread 8: buf size - 8589934592 - 8 GB
thread 9: buf size - 8589934592 - 8 GB
thread 10: buf size - 8589934592 - 8 GB
thread 11: buf size - 8589934592 - 8 GB
thread 12: buf size - 8589934592 - 8 GB
thread 13: buf size - 8589934592 - 8 GB
thread 14: buf size - 8589934592 - 8 GB
thread 15: buf size - 8589934592 - 8 GB
thread 1: allocated 1st half
thread 2: allocated 1st half
thread 7: allocated 1st half
thread 13: allocated 1st half
thread 4: allocated 1st half
thread 14: allocated 1st half
thread 15: allocated 1st half
thread 12: allocated 1st half
thread 10: allocated 1st half
thread 3: allocated 1st half
thread 9: allocated 1st half
thread 0: allocated 1st half
thread 11: allocated 1st half
thread 8: allocated 1st half
thread 5: allocated 1st half
thread 6: allocated 1st half
0
0
0
0
thread 2: allocated 2nd half
thread 2: H - 2048
thread 1: allocated 2nd half
thread 1: H - 2048
thread 7: allocated 2nd half
thread 7: H - 2048
thread 14: allocated 2nd half
thread 14: H - 2048
thread 13: allocated 2nd half
thread 13: H - 2048
thread 15: allocated 2nd half
thread 15: H - 2048
thread 4: allocated 2nd half
thread 4: H - 2048
thread 12: allocated 2nd half
thread 12: H - 2048
thread 10: allocated 2nd half
thread 10: H - 2048
thread 9: allocated 2nd half
thread 9: H - 2048
thread 3: allocated 2nd half
thread 3: H - 2048
thread 0: allocated 2nd half
thread 0: H - 2048
thread 8: allocated 2nd half
thread 8: H - 2048
thread 11: allocated 2nd half
thread 11: H - 2048
thread 5: allocated 2nd half
thread 5: H - 2048
thread 6: allocated 2nd half
thread 6: H - 2048
366870528
557973504
562298880
564002816
566099968
567017472
567672832
568983552
568983552
567934976
567934976
567934976
567410688
565837824
545652736
541720576
538443776
535953408
533594112
530972672
527958016
524812288
523370496
520617984
517996544
520486912
525729792
528089088
530710528
533069824
536084480
538574848
541720576
543555584
561774592
569376768
569376768
569769984
568852480
569507840
569638912
569507840
569376768
569769984
567672832
566755328
567148544
566624256
566886400
566362112
566493184
568590336
568328192
568721408
568983552
531365888
461111296
429785088
403308544
377880576
366477312
403832832
412090368
412090368
411566080
411566080
376438784
360972288
360972288
360185856
360054784
359399424
359006208
359006208
358481920
357826560
357564416
357433344
357302272
356777984
356384768
355991552
355991552
355729408
355467264
354811904
354811904
354418688
354156544
354287616
353763328
354025472
352976896
352714752
352845824
352190464
352845824
352059392
352321536
352059392
351272960
351141888
351535104
351535104
350879744
350879744
351272960
351010816
381157376
375390208
375390208
376045568
375914496
374079488
354549760
354418688
354680832
355074048
355729408
355729408
355074048
356122624
356515840
356646912
389677056
407764992
407633920
398983168
397672448
398065664
398852096
398196736
397934592
398983168
399507456
400162816
376176640
366084096
367919104
368181248
369754112
371720192
378929152
397279232
401473536
404881408
408682496
411828224
415236096
418775040
422445056
426377216
429785088
434765824
441581568
447348736
454033408
459800576
467009536
474349568
482213888
487981056
493617152
500695040
506462208
513015808
521535488
528613376
539623424
571342848
571736064
572653568
572260352
571998208
572522496
572784640
572784640
570032128
570556416
570163200
570556416
570163200
570294272
570032128
570294272
570818560
571604992
572129280
571867136
572129280
571080704
506855424
460980224
430833664
402391040
376438784
355991552
350093312
364904448
385482752
386138112
385875968
386138112
385875968
374996992
338952192
338034688
337641472
337772544
337117184
336855040
336199680
336330752
336330752
335675392
335413248
334888960
334626816
335020032
334233600
334102528
333971456
333447168
333709312
333185024
333447168
332660736
332791808
332660736
332267520
332267520
332136448
332267520
332136448
332005376
331874304
332136448
331612160
331743232
331743232
331087872
347734016
352976896
332267520
332398592
332660736
333053952
333053952
333578240
333578240
334102528
334495744
334495744
334757888
334364672
335282176
335413248
335020032
335806464
335937536
335806464
336855040
335937536
336855040
337117184
337641472
337379328
337510400
337903616
337903616
338296832
337903616
338952192
339345408
338952192
351797248
388759552
388628480
388890624
388759552
388759552
388890624
388497408
381419520
380633088
380108800
380502016
380108800
380764160
379846656
380239872
381681664
382337024
380895232
357302272
352583680
366608384
372244480
375259136
378011648
380895232
383516672
386924544
390332416
391643136
395182080
400687104
404750336
407896064
413663232
418119680
419823616
422051840
424935424
428081152
433192960
437387264
441581568
448528384
453902336
459145216
464388096
471334912
478806016
486670336
490864640
495714304
500563968
505806848
511836160
518127616
524681216
539754496
574881792
576847872
563347456
562823168
563609600
562954240
563347456
563871744
563085312
565182464
568459264
567279616
572391424
530448384
525074432
519045120
528482304
543817728
520486912
518127616
494141440
485621760
485097472
517079040
509739008
491126784
491651072
492699648
492961792
493617152
495190016
564527104
569114624
558235648
549715968
549715968
550109184
549453824
549584896
550502400
549584896
553254912
555745280
553254912
525991936
499908608
501088256
503447552
508559360
514195456
533725184
550895616
557842432
587071488
590217216
590479360
590217216
589824000
590217216
590217216
590086144
589561856
590217216
589430784
589692928
591396864
542900224
503054336
503447552
532938752
506200064
504496128
487981056
470286336
469893120
469368832
475136000
504365056
505282560
502398976
478281728
480903168
481689600
485228544
496893952
556269568
550371328
539754496
539623424
540016640
539230208
539885568
539754496
539361280
539099136
543817728
544604160
542244864
512753664
497287168
498073600
499122176
502398976
507904000
514981888
547094528
551026688
555876352
556007424
560594944
562692096
572784640
599916544
600834048
600440832
600834048
600834048
600834048
598999040
598343680
598343680
597557248
598081536
597819392
597819392
597164032
597688320
597164032
597426176
597295104
598081536
533463040
502136832
518127616
533856256
510132224
510918656
505937920
480378880
477626368
476971008
477233152
477364224
506068992
503709696
503447552
483524608
487063552
487718912
488505344
488636416
513933312
556269568
556007424
555876352
555745280
555876352
555745280
556400640
555876352
556007424
549322752
538968064
538050560
538181632
538968064
537657344
538312704
539361280
538050560
539361280
542769152
544473088
539885568
499253248
497811456
498728960
500301824
499515392
505282560
523370496
549453824
553517056
559153152
564920320
571342848
575930368
578682880
595460096
605814784
606732288
606339072
606339072
606339072
604110848
603455488
603455488
603324416
603586560
602800128
602931200
602931200
602931200
602669056
602275840
602669056
604766208
604635136
558366720
512753664
486932480
465174528
493355008
505544704
493486080
477102080
464125952
443154432
443154432
442630144
441843712
441974784
441188352
440795136
440664064
440532992
440532992
440008704
472907776
464388096
447086592
445513728
445906944
446038016
446824448
447479808
447479808
449708032
450363392
451149824
451411968
489553920
513802240
514195456
513671168
514064384
513802240
513802240
513933312
500039680
497680384
496893952
497680384
497025024
497418240
497418240
497942528
497156096
497156096
501350400
501743616
499122176
482344960
460062720
461897728
459800576
462553088
476839936
496107520
499646464
504102912
509214720
515506176
520355840
524288000
532545536
537264128
540672000
544473088
547487744
551288832
555745280
560726016
565706752
585891840
599916544
600309760
600309760
600571904
600440832
601227264
600178688
601227264
598081536
597557248
598212608
597819392
597819392
597950464
597557248
597426176
597557248
597295104
597164032
597426176
597950464
599130112
587333632
517472256
494010368
478937088
449708032
425197568
457310208
467795968
459538432
415236096
410517504
410255360
410648576
409862144
409862144
409993216
409600000
409468928
409468928
409337856
409468928
436338688
435683328
434503680
413794304
412745728
413007872
414449664
415367168
416415744
416940032
418512896
473169920
476446720
476446720
475922432
477102080
476446720
476315648
476577792
476446720
469499904
465174528
465567744
464912384
464912384
464781312
464650240
464257024
465698816
464388096
464912384
467402752
467271680
465698816
454295552
435552256
434896896
439091200
466092032
469237760
473694208
477364224
481558528
488243200
494403584
500957184
506068992
507379712
508690432
511049728
513540096
516292608
516947968
524943360
529399808
535691264
538181632
542507008
546177024
551419904
555352064
561774592
567934976
586285056
604766208
601882624
602800128
602537984
602144768
602275840
602406912
602931200
602013696
601751552
602406912
601751552
601751552
602144768
603717632
604241920
583401472
517341184
493223936
478543872
454033408
424804352
451280896
465436672
464650240
428081152
410910720
410255360
410124288
410386432
410124288
409731072
410255360
409600000
409731072
409206784
409731072
434372608
419430400
411303936
411435008
412876800
412483584
412745728
413794304
414187520
416677888
418381824
420610048
460193792
479068160
478937088
479592448
478806016
478806016
479068160
479068160
470155264
467795968
467271680
467664896
467533824
467009536
466747392
466878464
467664896
466878464
467009536
469106688
467664896
471597056
466878464
441843712
440270848
436862976
459669504
464912384
468975616
472514560
476971008
482476032
488505344
495321088
499908608
500695040
502792192
505020416
507379712
509345792
509739008
517341184
520880128
525729792
529924096
535953408
538574848
542244864
547225600
551682048
556400640
561905664
569114624
588120064
602275840
601751552
602144768
601751552
601751552
602013696
601358336
601227264
601751552
601882624
600834048
601882624
601227264
603324416
590217216
517079040
494796800
471990272
443547648
479461376
483917824
461242368
457965568
429654016
429522944
428998656
454164480
435683328
430571520
430309376
431357952
431882240
432406528
433848320
436207616
439091200
443678720
473825280
504758272
504496128
504758272
504758272
504627200
505020416
504496128
492437504
489947136
489816064
489684992
489684992
488898560
488898560
489029632
490340352
488505344
488898560
490602496
491388928
494665728
490602496
470155264
457965568
459931648
457310208
458489856
465698816
490864640
495583232
500563968
506068992
513146880
517865472
517865472
519176192
520355840
527302656
532938752
536870912
540147712
544473088
548667392
554041344
559546368
565313536
579862528
602406912
603324416
603586560
603848704
603979776
603586560
600309760
601751552
600702976
601096192
600702976
600965120
600702976
600965120
600178688
600440832
600178688
600571904
600440832
599916544
600440832
545128448
507248640
520486912
527564800
515637248
504496128
484835328
499646464
511442944
509476864
486932480
492961792
496893952
520093696
564133888
564133888
564527104
564002816
563740672
564264960
553910272
548274176
549191680
548143104
549060608
548012032
547487744
548012032
549191680
548274176
547356672
549715968
551813120
553385984
550633472
534118400
506068992
506593280
509476864
507510784
509345792
533594112
548536320
553254912
558759936
564658176
570818560
572522496
569769984
585105408
603193344
603848704
603848704
603717632
604635136
604110848
600047616
601489408
601882624
600702976
600965120
601227264
pid: 125204
execution time 1002.55 (s)
