pgmigrate_success 2050102600
pgmigrate_fail 17599
thp_migration_success 3160831
thp_migration_fail 4
thp_migration_split 0
thp_fault_alloc 2046140
thp_fault_fallback 0
thp_fault_fallback_charge 0
thp_collapse_alloc 2539043
thp_collapse_alloc_failed 0
thp_file_alloc 0
thp_file_fallback 0
thp_file_fallback_charge 0
thp_file_mapped 0
thp_split_page 2816924
thp_split_page_failed 4811
thp_deferred_split_page 2824607
thp_split_pmd 2822867
thp_split_pud 0
thp_zero_page_alloc 3
thp_zero_page_alloc_failed 0
thp_swpout 0
thp_swpout_fallback 0
htmm_nr_promoted 939039792
htmm_nr_demoted 1102436547
htmm_nr_sampled 0
htmm_missed_dramread 0
htmm_missed_nvmread 0
htmm_missed_write 0
htmm_alloc_dram 1080241766
htmm_alloc_nvm 0
