pgmigrate_success 1920696480
pgmigrate_fail 12709
thp_migration_success 2989258
thp_migration_fail 4
thp_migration_split 0
thp_fault_alloc 1980070
thp_fault_fallback 0
thp_fault_fallback_charge 0
thp_collapse_alloc 2255983
thp_collapse_alloc_failed 0
thp_file_alloc 0
thp_file_fallback 0
thp_file_fallback_charge 0
thp_file_mapped 0
thp_split_page 2523141
thp_split_page_failed 4371
thp_deferred_split_page 2530192
thp_split_pmd 2528493
thp_split_pud 0
thp_zero_page_alloc 2
thp_zero_page_alloc_failed 0
thp_swpout 0
thp_swpout_fallback 0
htmm_nr_promoted 882193949
htmm_nr_demoted 1033518518
htmm_nr_sampled 0
htmm_missed_dramread 0
htmm_missed_nvmread 0
htmm_missed_write 0
htmm_alloc_dram 1045616706
htmm_alloc_nvm 0
