num_threads - 16, WSS - 128 GB, duration - 1000
thread 1: buf size - 8589934592 - 8 GB
thread 0: buf size - 8589934592 - 8 GB
thread 3: buf size - 8589934592 - 8 GB
thread 2: buf size - 8589934592 - 8 GB
thread 4: buf size - 8589934592 - 8 GB
thread 5: buf size - 8589934592 - 8 GB
thread 6: buf size - 8589934592 - 8 GB
thread 7: buf size - 8589934592 - 8 GB
thread 8: buf size - 8589934592 - 8 GB
thread 10: buf size - 8589934592 - 8 GB
thread 9: buf size - 8589934592 - 8 GB
thread 11: buf size - 8589934592 - 8 GB
thread 12: buf size - 8589934592 - 8 GB
thread 13: buf size - 8589934592 - 8 GB
thread 14: buf size - 8589934592 - 8 GB
thread 15: buf size - 8589934592 - 8 GB
thread 1: allocated 1st half
thread 2: allocated 1st half
thread 4: allocated 1st half
thread 13: allocated 1st half
thread 7: allocated 1st half
thread 12: allocated 1st half
thread 15: allocated 1st half
thread 10: allocated 1st half
thread 14: allocated 1st half
thread 0: allocated 1st half
thread 3: allocated 1st half
thread 9: allocated 1st half
thread 8: allocated 1st half
thread 6: allocated 1st half
thread 5: allocated 1st half
thread 11: allocated 1st half
0
0
0
0
thread 1: allocated 2nd half
thread 1: H - 2048
thread 13: allocated 2nd half
thread 13: H - 2048
thread 12: allocated 2nd half
thread 12: H - 2048
thread 2: allocated 2nd half
thread 2: H - 2048
thread 15: allocated 2nd half
thread 15: H - 2048
thread 4: allocated 2nd half
thread 4: H - 2048
thread 7: allocated 2nd half
thread 7: H - 2048
thread 14: allocated 2nd half
thread 14: H - 2048
thread 10: allocated 2nd half
thread 10: H - 2048
thread 3: allocated 2nd half
thread 3: H - 2048
thread 0: allocated 2nd half
thread 0: H - 2048
thread 8: allocated 2nd half
thread 8: H - 2048
thread 9: allocated 2nd half
thread 9: H - 2048
thread 11: allocated 2nd half
thread 11: H - 2048
thread 6: allocated 2nd half
thread 6: H - 2048
thread 5: allocated 2nd half
thread 5: H - 2048
500826112
559022080
561250304
562036736
562561024
564002816
564002816
568459264
569376768
570687488
570294272
523763712
462946304
427032576
398589952
375128064
407896064
430964736
430833664
430571520
430571520
396492800
378273792
377618432
377094144
376700928
376832000
375783424
375390208
375521280
374472704
374210560
373424128
373817344
373030912
372768768
372113408
372375552
371589120
370933760
370933760
370147328
370278400
370016256
369360896
368836608
369229824
368705536
368312320
367525888
367919104
367263744
367263744
367001600
366346240
366346240
366215168
365821952
365559808
365821952
365428736
365297664
365035520
364904448
365428736
364904448
364773376
364773376
364380160
365035520
364249088
364118016
364380160
363986944
363986944
364118016
363855872
363593728
370540544
385613824
385089536
386662400
386793472
387055616
386400256
387317760
387710976
387055616
417333248
417333248
417202176
417726464
417071104
407764992
407371776
406847488
407109632
407633920
406978560
408289280
409206784
389414912
373555200
377094144
379977728
382861312
384827392
386269184
387842048
389414912
391380992
407109632
417726464
422051840
426639360
432668672
438697984
444989440
452198400
459407360
466485248
474480640
481034240
487587840
493223936
500301824
507904000
515506176
524156928
531628032
566362112
569245696
566099968
567148544
566886400
566886400
566624256
566493184
566493184
567410688
568590336
568459264
568721408
568197120
512884736
454950912
425459712
397803520
372768768
352452608
349831168
394395648
395182080
394657792
394526720
394264576
349306880
346423296
345636864
345636864
345112576
345374720
344719360
344326144
344457216
343670784
344064000
343539712
343146496
343146496
343146496
342097920
342097920
342360064
342228992
341704704
341704704
341442560
340918272
340787200
341049344
341180416
340525056
340656128
340262912
340656128
340000768
367919104
364511232
347602944
341704704
341835776
341835776
342491136
342622208
343408640
342753280
342884352
343539712
343801856
343932928
343408640
344457216
344850432
344588288
345243648
345243648
345505792
345899008
345767936
346292224
346816512
357564416
397017088
397148160
397148160
387579904
388497408
388759552
388890624
388366336
389152768
388628480
389939200
390594560
388366336
359137280
359530496
360710144
362676224
376045568
383909888
386531328
389152768
394002432
401604608
407896064
411435008
414842880
421658624
425590784
428998656
431620096
434634752
437780480
440270848
444203008
448528384
453771264
459407360
464781312
471203840
476708864
483393536
488374272
493355008
498466816
503447552
508821504
515768320
521404416
529137664
558104576
567017472
568066048
567934976
568066048
562954240
563085312
563216384
563085312
563216384
562561024
562954240
563216384
564789248
567541760
567672832
567803904
567541760
567803904
567803904
544473088
482607104
452722688
427950080
405929984
379846656
363986944
346030080
335806464
372506624
376307712
377094144
377225216
376045568
376569856
375521280
360185856
329646080
329908224
329121792
328859648
328990720
328466432
328204288
328335360
327417856
327942144
327417856
327286784
327024640
326762496
326893568
325976064
326369280
326107136
326107136
325844992
325451776
325320704
325058560
325058560
324665344
325189632
324534272
324534272
324534272
324403200
324534272
324272128
324534272
324272128
323878912
323878912
323878912
323616768
323223552
322961408
323092480
355336192
325713920
323878912
323747840
324141056
324403200
324534272
324796416
325058560
325189632
325189632
325844992
325713920
326631424
326762496
327024640
326107136
326762496
327024640
327155712
327286784
327286784
327942144
328073216
328204288
328204288
328466432
329121792
328728576
329121792
329777152
329515008
329777152
330039296
330301440
330825728
330694656
330563584
331481088
332267520
379322368
379977728
379977728
379977728
375652352
372113408
371326976
371982336
371326976
371720192
371851264
371720192
371982336
372244480
374341632
371589120
344457216
340525056
357957632
365821952
368312320
370540544
373161984
375783424
379191296
382074880
384958464
388104192
392691712
395575296
399638528
402522112
406585344
410517504
414187520
419430400
422969344
426770432
429785088
434110464
437387264
441188352
444596224
448790528
453771264
459407360
464519168
470679552
477757440
483655680
487849984
492044288
496500736
500957184
505675776
510263296
515244032
534904832
567279616
568066048
568721408
568328192
568721408
568721408
568721408
568852480
568852480
554303488
551944192
551157760
551682048
551157760
551550976
551944192
551419904
555352064
557449216
556138496
553779200
513015808
514064384
518651904
509870080
547618816
521142272
518520832
517472256
514981888
484311040
483917824
504365056
517472256
521535488
515768320
496762880
496762880
496893952
499384320
548667392
554041344
551944192
552075264
552075264
552075264
551813120
552861696
551813120
554696704
555745280
555220992
536870912
508559360
508166144
509607936
512360448
517734400
524025856
556662784
561119232
565837824
593625088
594804736
594673664
594149376
594411520
593756160
593887232
594149376
594149376
593231872
594542592
594804736
583794688
522452992
499122176
515244032
533069824
511442944
511574016
495058944
476708864
475660288
475660288
475136000
505413632
509739008
510787584
494927872
487456768
490733568
490733568
491388928
531103744
545521664
545390592
545128448
545259520
544866304
544735232
545783808
544735232
544997376
548274176
548667392
546045952
512622592
505020416
506462208
507641856
507510784
510394368
529924096
552861696
557187072
560332800
564920320
569901056
574750720
581042176
578551808
591790080
608436224
608436224
608960512
608960512
606339072
606339072
606208000
605290496
605552640
605945856
605290496
605159424
605159424
605028352
605290496
604635136
607387648
576323584
515768320
502923264
508428288
542375936
518127616
514981888
513277952
481034240
477888512
478412800
477626368
478019584
477626368
514195456
506200064
498860032
484835328
485097472
484966400
485883904
486277120
486539264
517734400
551813120
551419904
551813120
551813120
551682048
551813120
550240256
537788416
538705920
538443776
538705920
538312704
538705920
539230208
538181632
538574848
541720576
540803072
540278784
528220160
500695040
498991104
500695040
499777536
499122176
502267904
530972672
538312704
540540928
547225600
550895616
555089920
559808512
565575680
569901056
574619648
577896448
583139328
605421568
605683712
602669056
603062272
603062272
603193344
603324416
602144768
603324416
602537984
602800128
602669056
602013696
602537984
604372992
574095360
522190848
492568576
466747392
466878464
503971840
485883904
464781312
443940864
443678720
443547648
443809792
471990272
460193792
447348736
448528384
449970176
451018752
460324864
512098304
511967232
497025024
498335744
498728960
498204672
498728960
497942528
497811456
499253248
498073600
499122176
500957184
502792192
498991104
475529216
464388096
464912384
461897728
463863808
491520000
499253248
502005760
505806848
508690432
512753664
516947968
521928704
525336576
529399808
539230208
542638080
548143104
552730624
558366720
562298880
567672832
573440000
592314368
608436224
608698368
609091584
608829440
609615872
609091584
609222656
605683712
606076928
605814784
606208000
606208000
605552640
606339072
605159424
605945856
605683712
604897280
605552640
606470144
572391424
516947968
489160704
487718912
531759104
503447552
501088256
479330304
469630976
468975616
488112128
494796800
485097472
472776704
473300992
481296384
538443776
537788416
538050560
538181632
533725184
525598720
525860864
525336576
525860864
525205504
524419072
525467648
526254080
525074432
525598720
528613376
528875520
526909440
505544704
485621760
485621760
485490688
486146048
488898560
516685824
525860864
528875520
532414464
534773760
540016640
545783808
551288832
555876352
560463872
564920320
569769984
573833216
580517888
606732288
606339072
606208000
606470144
605945856
606863360
605552640
606208000
605421568
606208000
605683712
605159424
606601216
606339072
606732288
543686656
518389760
475267072
459800576
485621760
499384320
476053504
460324864
443809792
443285504
443416576
442236928
445382656
470810624
459407360
446300160
446562304
452853760
453771264
457048064
505020416
502005760
501350400
501743616
501481472
501088256
500826112
500826112
502267904
501088256
502005760
503447552
506200064
502005760
478806016
465436672
460718080
462815232
468320256
496893952
504365056
501743616
503447552
510918656
516816896
517996544
527171584
531234816
535035904
477364224
481296384
487194624
488112128
493879296
498597888
496369664
505151488
512753664
556531712
599523328
613416960
613941248
613416960
613416960
614072320
610795520
610533376
610926592
610664448
610271232
611188736
609878016
610140160
610402304
609222656
609222656
603848704
608960512
610402304
556400640
507379712
494665728
531890176
523501568
486146048
445513728
440532992
460455936
463208448
464125952
477364224
550109184
551026688
542507008
550633472
550633472
550633472
550895616
550502400
542507008
539492352
538705920
538181632
538836992
537788416
538443776
537657344
539099136
537919488
537919488
541065216
540409856
541589504
535035904
500170752
498860032
435945472
433324032
473038848
533069824
536739840
538836992
543293440
547225600
550764544
555352064
560201728
565444608
570425344
575799296
587988992
610533376
611975168
612237312
608305152
609091584
609353728
609353728
608436224
608698368
608698368
609353728
607911936
608174080
608436224
608305152
609091584
608174080
608567296
548143104
497680384
485621760
511836160
520880128
468189184
437387264
440926208
463601664
461373440
460062720
467533824
475136000
543686656
548405248
549191680
549060608
548929536
548667392
548929536
538705920
535822336
536739840
536739840
537264128
535560192
535298048
536084480
537001984
535691264
535298048
538705920
537133056
541327360
536477696
506593280
498860032
444465152
430178304
438435840
532021248
535035904
537526272
541458432
544604160
pid: 131536
execution time 1003.23 (s)
