num_threads - 16, WSS - 128 GB, duration - 1000
thread 0: buf size - 8589934592 - 8 GB
thread 1: buf size - 8589934592 - 8 GB
thread 3: buf size - 8589934592 - 8 GB
thread 4: buf size - 8589934592 - 8 GB
thread 6: buf size - 8589934592 - 8 GB
thread 2: buf size - 8589934592 - 8 GB
thread 5: buf size - 8589934592 - 8 GB
thread 7: buf size - 8589934592 - 8 GB
thread 8: buf size - 8589934592 - 8 GB
thread 9: buf size - 8589934592 - 8 GB
thread 10: buf size - 8589934592 - 8 GB
thread 11: buf size - 8589934592 - 8 GB
thread 12: buf size - 8589934592 - 8 GB
thread 13: buf size - 8589934592 - 8 GB
thread 14: buf size - 8589934592 - 8 GB
thread 15: buf size - 8589934592 - 8 GB
thread 2: allocated 1st half
thread 4: allocated 1st half
thread 13: allocated 1st half
thread 7: allocated 1st half
thread 12: allocated 1st half
thread 10: allocated 1st half
thread 15: allocated 1st half
thread 1: allocated 1st half
thread 14: allocated 1st half
thread 6: allocated 1st half
thread 9: allocated 1st half
thread 3: allocated 1st half
thread 8: allocated 1st half
thread 11: allocated 1st half
thread 0: allocated 1st half
thread 5: allocated 1st half
0
0
0
0
thread 13: allocated 2nd half
thread 13: H - 2048
thread 4: allocated 2nd half
thread 4: H - 2048
thread 2: allocated 2nd half
thread 2: H - 2048
thread 12: allocated 2nd half
thread 12: H - 2048
thread 7: allocated 2nd half
thread 7: H - 2048
thread 14: allocated 2nd half
thread 14: H - 2048
thread 10: allocated 2nd half
thread 10: H - 2048
thread 15: allocated 2nd half
thread 15: H - 2048
thread 1: allocated 2nd half
thread 1: H - 2048
thread 9: allocated 2nd half
thread 9: H - 2048
thread 0: allocated 2nd half
thread 0: H - 2048
thread 8: allocated 2nd half
thread 8: H - 2048
thread 3: allocated 2nd half
thread 3: H - 2048
thread 6: allocated 2nd half
thread 6: H - 2048
thread 11: allocated 2nd half
thread 11: H - 2048
thread 5: allocated 2nd half
thread 5: H - 2048
896270336
1143865344
1145700352
1137180672
1098907648
1096286208
1088421888
1120010240
1138622464
1115947008
1118437376
1092222976
1038221312
1000603648
1010302976
1020002304
1008074752
1002176512
932708352
889978880
891158528
889192448
889061376
888799232
888799232
889192448
888799232
888537088
888143872
883949568
885129216
884604928
883949568
883949568
884080640
885129216
884473856
884211712
884604928
884736000
883949568
945684480
951844864
952762368
1053556736
1100742656
1100480512
1101004800
1100611584
1101135872
1045823488
1036124160
1033371648
1022099456
1070465024
1087242240
1031667712
1008992256
1007288320
1005977600
1005846528
1032716288
1051983872
1046872064
955121664
947257344
946470912
947257344
947257344
946601984
946470912
946470912
947257344
946208768
946733056
946864128
946733056
946733056
946601984
946077696
946995200
946470912
946601984
946864128
1041760256
1085014016
1085931520
1022754816
1020133376
1015283712
1007288320
1044119552
1001259008
1014235136
968753152
968622080
969146368
985792512
1087111168
1086717952
1087373312
1087242240
1027735552
1021575168
1017774080
1011482624
1030488064
1008599040
974913536
984612864
1085407232
1085800448
1085407232
1085276160
1086062592
1086193664
1085014016
1021575168
1021181952
1019215872
1009385472
1028784128
1000210432
974782464
1046872064
1085538304
1085407232
1085145088
1085145088
1085014016
1085276160
1068761088
1026424832
1022492672
1021181952
1011351552
1029570560
1000210432
970588160
1027211264
1085800448
1085931520
1085669376
1085407232
1085800448
1085931520
1079902208
1022885888
1020395520
1016594432
1010434048
1019478016
992346112
969932800
1077280768
1085931520
1086062592
1085931520
1085538304
1086193664
1086062592
1064697856
1026818048
1019215872
1014104064
1024065536
1013841920
971112448
1024327680
1087242240
1088028672
1087504384
1087373312
1086849024
1086849024
1085931520
1039400960
1020788736
1015808000
1008730112
1032716288
1005322240
976486400
1031929856
1086324736
1086324736
1086062592
1085931520
1085800448
1085800448
1082916864
1019609088
1020133376
1017380864
1016594432
1017643008
993001472
985137152
1085800448
1086455808
1086455808
1086193664
1085931520
1085669376
1086455808
1066926080
1026162688
1019609088
1013186560
1026424832
1018953728
978583552
1006632960
1086717952
1086717952
1086455808
1085931520
1086717952
1086193664
1086324736
1056833536
1025769472
1018298368
1010827264
1031929856
1002569728
971243520
1074135040
1085931520
1085800448
1085145088
1085800448
1085407232
1085669376
1085931520
1031798784
1020526592
1015939072
1010696192
1025638400
990117888
997720064
1086717952
1086586880
1086849024
1086586880
1085931520
1086062592
1086849024
1070989312
1027604480
1022623744
1017380864
1027866624
1009778688
970719232
1069416448
1085931520
1086324736
1086455808
1086193664
1085800448
1086193664
1086324736
1045037056
1023934464
1017643008
1006108672
1028390912
994312192
982908928
1085931520
1085145088
1085931520
1085931520
1085800448
1085538304
1085800448
1086193664
1020657664
1018691584
1015545856
1017118720
1014628352
968359936
1074135040
1086586880
1086849024
1086586880
1086062592
1085669376
1086193664
1086324736
1053556736
1023016960
1018429440
1009123328
1033240576
994574336
988545024
1085669376
1085407232
1086324736
1086193664
1086455808
1085669376
1085931520
1085276160
1030881280
1021837312
1016332288
1010827264
1021968384
978059264
1058275328
1086849024
1085931520
1085800448
1086062592
1086586880
1085407232
1086062592
1064697856
1026293760
1018429440
1012662272
1029177344
1000734720
970981376
1082392576
1085800448
1085931520
1086193664
1086062592
1086324736
1086455808
1086455808
1039532032
1021837312
1018560512
1014104064
1020919808
984219648
1047396352
1086193664
1085669376
1085669376
1085931520
1085931520
1086324736
1086193664
1083441152
1020657664
1018691584
1016070144
1020788736
1013841920
969408512
1056702464
1087111168
1086062592
1086193664
1086193664
1085800448
1086062592
1086193664
1052246016
1025114112
1018036224
1007419392
1028390912
992870400
1026293760
1087242240
1086849024
1085931520
1085800448
1086849024
1086193664
1086324736
1086455808
1026293760
1019740160
1018167296
1015545856
1019609088
968228864
1074528256
1085800448
1086193664
1086193664
1085931520
1085931520
1086324736
1085669376
1060896768
1027473408
1017774080
1011351552
1027735552
995229696
1009254400
1086062592
1086455808
1086455808
1086849024
1085931520
1085931520
1086193664
1085800448
1040187392
1024983040
1019215872
1014366208
1020788736
983695360
1035862016
1086586880
1086586880
1085669376
1085800448
1086455808
1085800448
1086193664
1078591488
1018691584
1018560512
1010434048
1028521984
995098624
1005453312
1086324736
1087111168
1087242240
1086717952
1086586880
1086193664
1086062592
1086324736
1034158080
1022361600
1018167296
1011875840
1025769472
978714624
1069416448
1087111168
1087111168
1086193664
1086062592
1086717952
1086062592
1086980096
1071644672
1025769472
1022361600
1013186560
1027735552
995491840
1005977600
1086062592
1086717952
1086324736
1085931520
1086062592
1086193664
1085931520
1086193664
1044381696
1022885888
1017643008
1014104064
1021706240
985006080
1045037056
1086586880
1085538304
1086324736
1085669376
1086193664
1086586880
1086455808
1063649280
1028521984
1019215872
1010434048
1028784128
992608256
1019478016
1086455808
1086324736
1086324736
1086586880
1086324736
1086062592
1085800448
1086062592
1040973824
1024196608
1016856576
1013317632
1021837312
980680704
1048969216
1086193664
1086062592
1086193664
1086062592
1085538304
1085407232
1085669376
1080950784
1021444096
1020002304
1016987648
1025114112
1001914368
996933632
1085931520
1085931520
1085800448
1085800448
1086193664
1085800448
1086193664
1086455808
1050148864
1025900544
1018167296
1010302976
1031274496
987365376
1027866624
1086586880
1086586880
1086455808
1085931520
1085538304
1086324736
1086062592
1086324736
1026162688
1020395520
1016594432
1018822656
1010171904
990117888
1085931520
1086980096
1086717952
1086980096
1086062592
1086193664
1086980096
1086849024
1047789568
1027211264
1018953728
1009123328
1026162688
980942848
1053032448
1086849024
1086717952
1086980096
1086980096
1086717952
1086062592
1086193664
1085407232
1022230528
1019346944
1014890496
1019084800
1001914368
1010040832
1085669376
1086324736
1085931520
1085669376
1085931520
1085407232
1086193664
1086062592
1042284544
1021968384
1017774080
1013841920
1020133376
979501056
1062076416
1085800448
1086324736
1086717952
1086849024
1086980096
1087766528
1087897600
1062076416
1025638400
1018560512
1008730112
1029832704
989331456
1045168128
1086193664
1086193664
1086455808
1086980096
1086980096
1088159744
1086849024
1086980096
1025245184
1023672320
1019346944
1021837312
1008336896
1000210432
1086324736
1086193664
1086455808
1086193664
1086455808
1086980096
1083572224
1086849024
1055391744
1028653056
1022361600
1011089408
1028390912
987758592
1040711680
1086455808
1086193664
1086980096
1087111168
1086586880
1086980096
1086455808
1085931520
1032847360
1022361600
1018429440
1011089408
1020002304
982777856
1086062592
1085931520
1086062592
1085931520
1086324736
1085931520
1085931520
1086324736
1052114944
1026424832
1019871232
1007812608
1026162688
983433216
1078984704
1086193664
1086062592
1086455808
1086980096
1086717952
1087373312
1087373312
1078984704
1023541248
1022623744
1012924416
1027080192
995229696
1022230528
1086062592
1086586880
1086586880
1086062592
1086062592
1086586880
1086062592
1086586880
1035075584
1024589824
1017643008
1011744768
1018691584
997064704
1086717952
1086455808
1086324736
1086455808
1086849024
1086193664
1085800448
1085931520
1052246016
1024458752
1019215872
1009123328
1025507328
981860352
1076101120
1086586880
1086324736
1085800448
1086193664
1086193664
1086586880
1086193664
1077149696
1022361600
1019740160
1010827264
1026949120
991428608
1024589824
1086586880
1086980096
1087635456
1087373312
1087635456
1087242240
1085931520
1086193664
1032847360
1023672320
1019478016
1012400128
1019084800
1002176512
1086849024
1086193664
1086062592
1086455808
1086717952
1086324736
1086455808
1086193664
1052901376
1027604480
1020657664
1008467968
1031012352
986578944
1060765696
1086324736
1085669376
1086193664
1086062592
1086849024
1085800448
1086717952
1077411840
1023410176
1022099456
1014759424
1027080192
992215040
1038352384
1086193664
1086586880
1085669376
1085800448
1086586880
1085669376
1085800448
1086455808
1033502720
1024589824
1019084800
1012006912
1021968384
970981376
1086193664
1087111168
1086062592
1086586880
1086717952
1087373312
1086455808
1086586880
1052639232
1025769472
1018560512
1010696192
1023934464
988282880
1085931520
1086062592
1086717952
1086455808
1085800448
1086324736
1086062592
1086062592
1077936128
1022885888
1020788736
1011875840
1023672320
991166464
1015676928
1086849024
1086193664
1087766528
1087373312
1086849024
1086193664
1086324736
1086586880
1040318464
1010171904
1007157248
997326848
1020919808
993001472
1041891328
1086193664
1086455808
1085931520
1086062592
1086193664
1086980096
1086062592
1086324736
1041104896
1025245184
1019215872
1009516544
1025900544
995098624
1086586880
1086849024
1086062592
1086062592
1085800448
1086324736
1086717952
1086324736
1058275328
1027735552
1020133376
1007026176
1026424832
984088576
1080295424
1086324736
1086455808
1086980096
1087373312
1086455808
1086193664
1086193664
1086324736
1020919808
1022623744
1015676928
1025900544
992870400
1045430272
1085931520
1085669376
1086717952
1085407232
1086062592
1086062592
1086062592
1086193664
1038614528
1021968384
1020788736
1013710848
1014628352
1006501888
1086586880
1086193664
1086324736
1086324736
1086062592
1086586880
1086062592
1086062592
1059586048
1028653056
1022754816
1007026176
1025376256
983040000
1083441152
1086324736
1085800448
1086062592
1085931520
1086324736
1085931520
1086455808
1086586880
1018822656
1022230528
1012269056
1026162688
991297536
1044774912
1086586880
1086586880
1086324736
1087111168
1086586880
1086980096
1086849024
1085931520
1040973824
1024851968
1018298368
1008599040
1025638400
994574336
1086324736
1086193664
1086324736
1086324736
1086062592
1086193664
1085800448
1086324736
1058406400
1027211264
1019609088
1006632960
1029308416
982908928
1074790400
1086717952
1086324736
1085931520
1086324736
1086062592
1086193664
1085931520
1085669376
1021968384
1022099456
1014104064
1023279104
994967552
1039532032
1086062592
1086717952
1086062592
1086062592
1086062592
1086324736
1086586880
1085931520
1040318464
1024983040
1018036224
1009647616
1020395520
1017774080
1086849024
1086717952
1086586880
1087111168
1086455808
1086455808
1086193664
1086062592
1058144256
1024327680
1020133376
1006895104
1024065536
984481792
1086455808
1086717952
1087504384
1086324736
1086193664
1086193664
1085931520
1086193664
1086455808
1022885888
1023410176
1016201216
1025376256
994181120
1055916032
1086062592
1086455808
1085931520
pid: 106112
execution time 1004.99 (s)
