pgmigrate_success 23280263
pgmigrate_fail 4
thp_migration_success 32350
thp_migration_fail 0
thp_migration_split 0
thp_fault_alloc 160612
thp_fault_fallback 0
thp_fault_fallback_charge 0
thp_collapse_alloc 21401
thp_collapse_alloc_failed 0
thp_file_alloc 0
thp_file_fallback 0
thp_file_fallback_charge 0
thp_file_mapped 0
thp_split_page 90426
thp_split_page_failed 108
thp_deferred_split_page 90682
thp_split_pmd 90619
thp_split_pud 0
thp_zero_page_alloc 1
thp_zero_page_alloc_failed 0
thp_swpout 0
thp_swpout_fallback 0
htmm_nr_promoted 9573576
htmm_nr_demoted 13189977
htmm_nr_sampled 0
htmm_missed_dramread 0
htmm_missed_nvmread 0
htmm_missed_write 0
htmm_alloc_dram 95593432
htmm_alloc_nvm 0
