pgmigrate_success 19901787
pgmigrate_fail 0
thp_migration_success 31596
thp_migration_fail 0
thp_migration_split 0
thp_fault_alloc 95049
thp_fault_fallback 0
thp_fault_fallback_charge 0
thp_collapse_alloc 17997
thp_collapse_alloc_failed 0
thp_file_alloc 0
thp_file_fallback 0
thp_file_fallback_charge 0
thp_file_mapped 0
thp_split_page 52572
thp_split_page_failed 74
thp_deferred_split_page 52774
thp_split_pmd 52729
thp_split_pud 0
thp_zero_page_alloc 1
thp_zero_page_alloc_failed 0
thp_swpout 0
thp_swpout_fallback 0
htmm_nr_promoted 9163382
htmm_nr_demoted 10221695
htmm_nr_sampled 0
htmm_missed_dramread 0
htmm_missed_nvmread 0
htmm_missed_write 0
htmm_alloc_dram 61996121
htmm_alloc_nvm 0
