num_threads - 16, WSS - 128 GB, duration - 1000
thread 0: buf size - 8589934592 - 8 GB
thread 1: buf size - 8589934592 - 8 GB
thread 2: buf size - 8589934592 - 8 GB
thread 4: buf size - 8589934592 - 8 GB
thread 3: buf size - 8589934592 - 8 GB
thread 5: buf size - 8589934592 - 8 GB
thread 6: buf size - 8589934592 - 8 GB
thread 7: buf size - 8589934592 - 8 GB
thread 8: buf size - 8589934592 - 8 GB
thread 9: buf size - 8589934592 - 8 GB
thread 10: buf size - 8589934592 - 8 GB
thread 11: buf size - 8589934592 - 8 GB
thread 12: buf size - 8589934592 - 8 GB
thread 13: buf size - 8589934592 - 8 GB
thread 14: buf size - 8589934592 - 8 GB
thread 15: buf size - 8589934592 - 8 GB
thread 4: allocated 1st half
thread 1: allocated 1st half
thread 2: allocated 1st half
thread 7: allocated 1st half
thread 12: allocated 1st half
thread 13: allocated 1st half
thread 15: allocated 1st half
thread 14: allocated 1st half
thread 0: allocated 1st half
thread 10: allocated 1st half
thread 3: allocated 1st half
thread 9: allocated 1st half
thread 8: allocated 1st half
thread 11: allocated 1st half
thread 5: allocated 1st half
thread 6: allocated 1st half
0
0
0
0
thread 4: allocated 2nd half
thread 4: H - 2048
thread 1: allocated 2nd half
thread 1: H - 2048
thread 12: allocated 2nd half
thread 12: H - 2048
thread 13: allocated 2nd half
thread 13: H - 2048
thread 15: allocated 2nd half
thread 15: H - 2048
thread 7: allocated 2nd half
thread 7: H - 2048
thread 2: allocated 2nd half
thread 2: H - 2048
thread 14: allocated 2nd half
thread 14: H - 2048
thread 10: allocated 2nd half
thread 10: H - 2048
thread 0: allocated 2nd half
thread 0: H - 2048
thread 3: allocated 2nd half
thread 3: H - 2048
thread 8: allocated 2nd half
thread 8: H - 2048
thread 9: allocated 2nd half
thread 9: H - 2048
thread 11: allocated 2nd half
thread 11: H - 2048
thread 6: allocated 2nd half
thread 6: H - 2048
thread 5: allocated 2nd half
thread 5: H - 2048
695730176
1080557568
1086455808
1077673984
1077805056
1077542912
1038876672
1033895936
1034944512
1078984704
1066532864
1071120384
1044643840
996802560
995229696
970063872
909639680
909115392
908591104
908853248
907804672
907411456
907018240
906100736
907804672
907411456
957349888
1086586880
1088159744
1087373312
1059192832
1026555904
1024065536
1022885888
1042546688
1043202048
1002307584
999948288
1052377088
1025507328
998637568
937820160
934412288
932970496
932839424
933101568
932315136
932708352
932446208
932708352
1032847360
1035206656
1036386304
1034420224
1036255232
1037303808
992477184
984088576
980549632
973602816
990380032
963772416
937689088
1002569728
1039532032
1039925248
1038352384
1041235968
1042808832
1041498112
1041104896
991821824
988282880
986316800
982646784
977010688
996409344
1043070976
1043333120
1044119552
1043202048
1043333120
1043726336
1044119552
1045823488
1021968384
998899712
991035392
984350720
996802560
958922752
1036386304
1046740992
1046478848
1045954560
1047003136
1046609920
1047134208
1047527424
1047658496
1004666880
996278272
991297536
984219648
988676096
1000603648
1048182784
1048969216
