pgmigrate_success 1797731140
pgmigrate_fail 12709
thp_migration_success 2817928
thp_migration_fail 4
thp_migration_split 0
thp_fault_alloc 1914499
thp_fault_fallback 0
thp_fault_fallback_charge 0
thp_collapse_alloc 1988759
thp_collapse_alloc_failed 0
thp_file_alloc 0
thp_file_fallback 0
thp_file_fallback_charge 0
thp_file_mapped 0
thp_split_page 2256485
thp_split_page_failed 3879
thp_deferred_split_page 2262861
thp_split_pmd 2261343
thp_split_pud 0
thp_zero_page_alloc 2
thp_zero_page_alloc_failed 0
thp_swpout 0
thp_swpout_fallback 0
htmm_nr_promoted 823856222
htmm_nr_demoted 968890905
htmm_nr_sampled 0
htmm_missed_dramread 0
htmm_missed_nvmread 0
htmm_missed_write 0
htmm_alloc_dram 1011802317
htmm_alloc_nvm 0
