num_threads - 16, WSS - 128 GB, duration - 1000
thread 0: buf size - 8589934592 - 8 GB
thread 1: buf size - 8589934592 - 8 GB
thread 2: buf size - 8589934592 - 8 GB
thread 3: buf size - 8589934592 - 8 GB
thread 4: buf size - 8589934592 - 8 GB
thread 5: buf size - 8589934592 - 8 GB
thread 6: buf size - 8589934592 - 8 GB
thread 7: buf size - 8589934592 - 8 GB
thread 8: buf size - 8589934592 - 8 GB
thread 9: buf size - 8589934592 - 8 GB
thread 10: buf size - 8589934592 - 8 GB
thread 11: buf size - 8589934592 - 8 GB
thread 12: buf size - 8589934592 - 8 GB
thread 13: buf size - 8589934592 - 8 GB
thread 14: buf size - 8589934592 - 8 GB
thread 15: buf size - 8589934592 - 8 GB
thread 2: allocated 1st half
thread 13: allocated 1st half
thread 4: allocated 1st half
thread 1: allocated 1st half
thread 12: allocated 1st half
thread 7: allocated 1st half
thread 14: allocated 1st half
thread 10: allocated 1st half
thread 15: allocated 1st half
thread 3: allocated 1st half
thread 9: allocated 1st half
thread 0: allocated 1st half
thread 6: allocated 1st half
thread 11: allocated 1st half
thread 8: allocated 1st half
thread 5: allocated 1st half
0
0
0
0
thread 13: allocated 2nd half
thread 13: H - 2048
thread 2: allocated 2nd half
thread 2: H - 2048
thread 1: allocated 2nd half
thread 1: H - 2048
thread 12: allocated 2nd half
thread 12: H - 2048
thread 7: allocated 2nd half
thread 7: H - 2048
thread 4: allocated 2nd half
thread 4: H - 2048
thread 14: allocated 2nd half
thread 14: H - 2048
thread 15: allocated 2nd half
thread 15: H - 2048
thread 10: allocated 2nd half
thread 10: H - 2048
thread 9: allocated 2nd half
thread 9: H - 2048
thread 3: allocated 2nd half
thread 3: H - 2048
thread 0: allocated 2nd half
thread 0: H - 2048
thread 8: allocated 2nd half
thread 8: H - 2048
thread 6: allocated 2nd half
thread 6: H - 2048
thread 11: allocated 2nd half
thread 11: H - 2048
thread 5: allocated 2nd half
thread 5: H - 2048
735838208
1139146752
1137442816
1095237632
1097072640
1091043328
1129447424
1135738880
1114374144
1113587712
1085145088
1035730944
1034420224
1032716288
984743936
926941184
926416896
926285824
926285824
926023680
925892608
925761536
926154752
926547968
926285824
926023680
926547968
925892608
926679040
926285824
926416896
926547968
926154752
925761536
925630464
924975104
924319744
924188672
923402240
944766976
977272832
979238912
1014104064
1115422720
1115684864
1116733440
1115684864
1115947008
1115684864
1067712512
1055653888
1049624576
1041498112
1083441152
1103364096
1052246016
1022754816
1015414784
1006370816
997588992
1009909760
1036910592
1032454144
962461696
931659776
929824768
929693696
928776192
929038336
929300480
929300480
929693696
929300480
929038336
929169408
928907264
929431552
928776192
929169408
929038336
929038336
929562624
929038336
929169408
1005977600
1085145088
1026162688
1019609088
1015414784
1008074752
1036910592
1000996864
1010040832
967442432
967180288
966524928
1020526592
1084358656
1084620800
1084358656
1085538304
1032847360
1022754816
1016856576
1010434048
1029439488
1002962944
967442432
1015152640
1085276160
1085014016
1085145088
1084751872
1085014016
1085669376
1085931520
1020788736
1020657664
1017380864
1011351552
1023803392
997326848
970063872
1031143424
1084358656
1084882944
1084620800
1084358656
1085014016
1084489728
1055653888
1025245184
1018691584
1012924416
1035730944
1014628352
971505664
1001914368
1085276160
1084489728
1084882944
1085276160
1084620800
1085276160
1084489728
1048051712
1023934464
1018691584
1007943680
1034289152
1005191168
969539584
1016201216
1086193664
1085931520
1085407232
1085669376
1085276160
1085276160
1084620800
1038090240
1021050880
1015283712
1008467968
1030094848
997720064
972029952
1086062592
1085538304
1085014016
1084882944
1084751872
1085145088
1085800448
1077805056
1023016960
1018953728
1016332288
1017511936
1013972992
989855744
969146368
1079640064
1083965440
1085014016
1084358656
1084751872
1084227584
1084882944
1061289984
1027342336
1018429440
1013317632
1025638400
1008861184
969539584
1042546688
1085407232
1085800448
1085276160
1085669376
1086324736
1086324736
1086324736
1041235968
1023672320
1015545856
1005322240
1028259840
995622912
969015296
1076232192
1084751872
1085014016
1085014016
1085538304
1086062592
1085669376
1080033280
1016201216
1017118720
1013055488
1023148032
1014235136
970063872
1050673152
1084620800
1085145088
1085145088
1085276160
1084489728
1084620800
1084882944
1050148864
1026686976
1021444096
1013972992
1029701632
1005060096
968884224
1039269888
1084620800
1084882944
1085145088
1084882944
1084882944
1084489728
1085145088
1040056320
1021706240
1015545856
1009516544
1024720896
988151808
1010827264
1084489728
1084620800
1084882944
1084489728
1083703296
1085014016
1084096512
1082785792
1020919808
1023803392
1020133376
1021313024
1015676928
969670656
1070333952
1084751872
1084751872
1085407232
1085145088
1084882944
1085669376
1085145088
1050935296
1023279104
1015808000
1007157248
1027997696
994574336
988282880
1085145088
1085669376
1084751872
1085407232
1085145088
1085669376
1084882944
1085014016
1027211264
1018036224
1016332288
1011875840
1023410176
970850304
1062600704
1085014016
1084358656
1084620800
1084227584
1084227584
1084620800
1084882944
1059717120
1022361600
1017511936
1009778688
1029570560
997720064
979238912
1085800448
1084751872
1085276160
1084882944
1085800448
1085538304
1085669376
1085276160
1024196608
1018298368
1015152640
1017249792
1018560512
970850304
1059979264
1087635456
1087373312
1086324736
1085276160
1085145088
1084751872
1084358656
1056178176
1022885888
1018036224
1008599040
1027604480
992083968
1006764032
1086193664
1085145088
1085538304
1085800448
1085800448
1085931520
1084882944
1085145088
1019084800
1018691584
1014235136
1020919808
1003749376
970850304
1085538304
1084751872
1085145088
1084882944
1085407232
1085407232
1084882944
1085276160
1052508160
1026424832
1017774080
1005322240
1028259840
990511104
1011089408
1084751872
1084882944
1084751872
1084882944
1084882944
1084620800
1084882944
1084751872
1027211264
1020133376
1017774080
1015676928
1013055488
970457088
1085276160
1084227584
1085014016
1085407232
1085276160
1085931520
1086455808
1086586880
1048576000
1025638400
1017643008
1005715456
1024327680
983695360
1045168128
1085145088
1084882944
1085145088
1085669376
1085538304
1085014016
1084882944
1069678592
1021181952
1020526592
1012400128
1033240576
995885056
995491840
1085014016
1085538304
1085276160
1085276160
1084882944
1085145088
1085014016
1085276160
1045692416
1023934464
1017118720
1010302976
1020526592
983564288
1050148864
1086193664
1085931520
1086455808
1086324736
1085669376
1085145088
1084882944
1062993920
1023934464
1019609088
1010958336
1028915200
991690752
1017380864
1084620800
1084096512
1085014016
1084882944
1084489728
1084358656
1085145088
1084358656
1023672320
1019609088
1014628352
1019215872
1009123328
992083968
1084489728
1084620800
1084751872
1085145088
1085407232
1085800448
1086324736
1085276160
1045430272
1023279104
1015939072
1011613696
1019609088
980811776
1071644672
1087504384
1086586880
1085669376
1085669376
1085931520
1085407232
1085407232
1062600704
1023672320
1018691584
1007812608
1024851968
988938240
1041760256
1085145088
1085407232
1085538304
1085538304
1085931520
1085276160
1084751872
1085276160
1023803392
1021837312
1016725504
1023541248
1000472576
1001652224
1085669376
1084882944
1084882944
1085014016
1084882944
1084882944
1084489728
1085538304
1045168128
1025638400
1019346944
1012793344
1021050880
980025344
1067581440
1084620800
1084882944
1084882944
1085145088
1085276160
1084620800
1085014016
1063518208
1026818048
1019740160
1011482624
1025507328
989331456
1035993088
1085407232
1085931520
1086324736
1085145088
1085014016
1085145088
1085145088
1085014016
1023279104
1022361600
1016332288
1024983040
1002307584
994312192
1084489728
1084882944
1084751872
1084620800
1084882944
1084358656
1084358656
1085014016
1045168128
1025638400
1019871232
1013579776
1021837312
977141760
1084751872
1085538304
1085276160
1085276160
1085538304
1085276160
1086324736
1085669376
1064304640
1024196608
1019609088
1009254400
1026424832
990773248
1045692416
1085669376
1084882944
1084489728
1085669376
1084751872
1085407232
1084489728
1084882944
1025638400
1020002304
1015939072
1019346944
999292928
1029832704
1085014016
1085014016
1084882944
1084751872
1084620800
1085276160
1085014016
1085276160
1043202048
1021706240
1017511936
1010565120
1023672320
972161024
1082654720
1085145088
1084751872
1085145088
1085407232
1084620800
1085145088
1084358656
1064042496
1026555904
1018560512
1009647616
1028653056
988282880
1052377088
1084358656
1085407232
1084882944
1085014016
1084882944
1085276160
1085145088
1085931520
1024458752
1020002304
1014235136
1023148032
994181120
1030356992
1085407232
1085145088
1084751872
1085276160
1085276160
1085407232
1085145088
1084620800
1044905984
1023672320
1016987648
1011089408
1019871232
979501056
1085276160
1085014016
1085145088
1085014016
1085145088
1084882944
1084751872
1085145088
1063649280
1023410176
1021444096
1010958336
1028915200
990248960
1049755648
1086717952
1085931520
1086193664
1085145088
1085014016
1084751872
1085538304
1085014016
1027342336
1022623744
1018691584
1021706240
1004797952
1015676928
1085800448
1086455808
1086455808
1088290816
1089732608
1089994752
1090519040
1088684032
1046478848
1025114112
1019609088
1010302976
1022623744
986972160
1085669376
1084882944
1084882944
1084882944
1084489728
1084751872
1084489728
1085276160
1063780352
1022230528
1019871232
1009254400
1027735552
988282880
1052377088
1085800448
1085669376
1085014016
1085014016
1085276160
1085276160
1085800448
1084751872
1023279104
1020133376
1013972992
1023148032
992739328
1038352384
1084227584
1085014016
1085145088
1085145088
1085145088
1085145088
1084489728
1085407232
1043857408
1021968384
1018822656
1009385472
1023934464
978190336
1085145088
1084751872
1085145088
1084882944
1084882944
1084751872
1084751872
1085538304
1065484288
1027211264
1019084800
1010040832
1026818048
985006080
1069940736
1085145088
1085145088
1085014016
1085145088
1085145088
1084751872
1085145088
1085669376
1027473408
1021181952
1016070144
1019478016
1002307584
1014104064
1085800448
1085014016
1084882944
1085276160
1085669376
1085538304
1086193664
1086062592
1046216704
1024983040
1018429440
1013317632
1020526592
1000210432
1085276160
1085538304
1084882944
1084751872
1085538304
1084489728
1085276160
1085276160
1065353216
1022623744
1020133376
1007812608
1026031616
985530368
1064566784
1085931520
1086193664
1085800448
1085276160
1085931520
1085669376
1085931520
1086324736
1029701632
1022230528
1016463360
1018953728
1000603648
1031798784
1085014016
1085669376
1086193664
1086849024
1085931520
1085538304
1085538304
1085276160
1045692416
1023803392
1019084800
1010302976
1021968384
989462528
1084620800
1085014016
1084620800
1084620800
1084882944
1085145088
1085538304
1085014016
1065746432
1026818048
1020264448
1009647616
1024589824
985137152
1070596096
1085145088
1085014016
1084620800
1085276160
1085276160
1085276160
1085014016
1084882944
1024720896
1021444096
1014628352
1024196608
993525760
1032192000
1084882944
1085276160
1085145088
1085145088
1085407232
1084882944
1084751872
1085276160
1047265280
1024851968
1019084800
1013317632
1019609088
1003225088
1085145088
1085407232
1085014016
1085145088
1085014016
1085014016
1084227584
1085276160
1066008576
1024983040
1022099456
1010565120
1027080192
985137152
1069809664
1085407232
1085014016
1085276160
1085407232
1085276160
1084751872
1085145088
1085276160
1028259840
1022754816
1019084800
1021313024
999555072
1029177344
1084751872
1084882944
1084882944
1084882944
1085145088
1084620800
1085407232
1085145088
1045299200
1024065536
1019215872
1010434048
1023410176
993132544
1085931520
1085276160
1085145088
1084882944
1084751872
1085014016
1085145088
1084882944
1066139648
1024458752
1018429440
1009254400
1023148032
983302144
1080688640
1085276160
1085276160
1084882944
1084620800
1085276160
1084358656
1084620800
1084882944
1025245184
1021968384
1015676928
1022885888
993394688
1032192000
1084751872
1084751872
1086062592
1086455808
1086980096
1087111168
1085669376
1085014016
1046872064
1024983040
1019871232
1013317632
1020788736
1000472576
1086193664
1085276160
1085014016
1085407232
1085538304
1085407232
1085669376
1084751872
1066008576
1022492672
1019215872
1007943680
1025638400
985399296
1065222144
1085800448
1085276160
1084620800
1084751872
1084882944
1085669376
1084882944
1085145088
1027473408
1023016960
1019478016
1023016960
996278272
1035862016
1084489728
1085145088
1084489728
1084620800
1085276160
1085669376
1085407232
1085276160
1045823488
1023279104
1019609088
1009385472
1024327680
997588992
1084882944
1084751872
1085014016
1084882944
1084620800
1084882944
1084489728
1084751872
1066532864
pid: 118846
execution time 1004.96 (s)
