pgmigrate_success 1777842387
pgmigrate_fail 12709
thp_migration_success 2812645
thp_migration_fail 4
thp_migration_split 0
thp_fault_alloc 1848927
thp_fault_fallback 0
thp_fault_fallback_charge 0
thp_collapse_alloc 1961948
thp_collapse_alloc_failed 0
thp_file_alloc 0
thp_file_fallback 0
thp_file_fallback_charge 0
thp_file_mapped 0
thp_split_page 2195870
thp_split_page_failed 3836
thp_deferred_split_page 2202180
thp_split_pmd 2200684
thp_split_pud 0
thp_zero_page_alloc 2
thp_zero_page_alloc_failed 0
thp_swpout 0
thp_swpout_fallback 0
htmm_nr_promoted 821123065
htmm_nr_demoted 951735309
htmm_nr_sampled 0
htmm_missed_dramread 0
htmm_missed_nvmread 0
htmm_missed_write 0
htmm_alloc_dram 978052915
htmm_alloc_nvm 0
