num_threads - 16, WSS - 128 GB, duration - 1000
thread 0: buf size - 8589934592 - 8 GB
thread 1: buf size - 8589934592 - 8 GB
thread 2: buf size - 8589934592 - 8 GB
thread 3: buf size - 8589934592 - 8 GB
thread 4: buf size - 8589934592 - 8 GB
thread 5: buf size - 8589934592 - 8 GB
thread 7: buf size - 8589934592 - 8 GB
thread 6: buf size - 8589934592 - 8 GB
thread 8: buf size - 8589934592 - 8 GB
thread 9: buf size - 8589934592 - 8 GB
thread 10: buf size - 8589934592 - 8 GB
thread 11: buf size - 8589934592 - 8 GB
thread 12: buf size - 8589934592 - 8 GB
thread 13: buf size - 8589934592 - 8 GB
thread 14: buf size - 8589934592 - 8 GB
thread 15: buf size - 8589934592 - 8 GB
thread 4: allocated 1st half
thread 13: allocated 1st half
thread 10: allocated 1st half
thread 1: allocated 1st half
thread 12: allocated 1st half
thread 7: allocated 1st half
thread 2: allocated 1st half
thread 14: allocated 1st half
thread 15: allocated 1st half
thread 9: allocated 1st half
thread 3: allocated 1st half
thread 5: allocated 1st half
thread 0: allocated 1st half
thread 6: allocated 1st half
thread 11: allocated 1st half
thread 8: allocated 1st half
0
0
0
0
thread 4: allocated 2nd half
thread 4: H - 2048
thread 13: allocated 2nd half
thread 13: H - 2048
thread 12: allocated 2nd half
thread 12: H - 2048
thread 10: allocated 2nd half
thread 10: H - 2048
thread 7: allocated 2nd half
thread 7: H - 2048
thread 14: allocated 2nd half
thread 14: H - 2048
thread 15: allocated 2nd half
thread 15: H - 2048
thread 1: allocated 2nd half
thread 1: H - 2048
thread 2: allocated 2nd half
thread 2: H - 2048
thread 9: allocated 2nd half
thread 9: H - 2048
thread 8: allocated 2nd half
thread 8: H - 2048
thread 3: allocated 2nd half
thread 3: H - 2048
thread 0: allocated 2nd half
thread 0: H - 2048
thread 11: allocated 2nd half
thread 11: H - 2048
thread 5: allocated 2nd half
thread 5: H - 2048
thread 6: allocated 2nd half
thread 6: H - 2048
753664000
1140719616
1143078912
1143734272
1144258560
1145176064
1144258560
1144782848
1095630848
1091698688
1094320128
1086062592
1137180672
1119485952
1121452032
1102053376
1044119552
980025344
972554240
978976768
971898880
931397632
867303424
865337344
864813056
864681984
863895552
862191616
862453760
862715904
861536256
860487680
861011968
861405184
860880896
860749824
860094464
860618752
860618752
859570176
912654336
924057600
967966720
1084882944
1056833536
1024065536
1018822656
1014759424
1015152640
1073086464
1020264448
991559680
998768640
1054998528
961413120
949616640
948830208
949747712
950927360
950796288
949616640
950403072
949223424
950140928
950403072
949092352
948699136
957874176
1073348608
1074135040
1074528256
1010040832
1008336896
1005322240
998244352
1034682368
987889664
992083968
997195776
974651392
974651392
974389248
974127104
1004011520
1085669376
1085800448
1025114112
1018167296
1013841920
1008730112
1028390912
1016725504
969932800
970588160
993394688
1085669376
1086193664
1085931520
1085800448
1086324736
1081999360
1016856576
1017380864
1015939072
1010302976
1021050880
1001914368
969015296
995098624
1085800448
1086455808
1085800448
1087242240
1086849024
1086455808
1066926080
1026424832
1017380864
1013972992
1015414784
1015808000
994574336
971636736
1039269888
1088028672
1086586880
1086455808
1086849024
1087242240
1086455808
1057357824
1024196608
1020002304
1009647616
1034944512
1011089408
978190336
971505664
1074003968
1087242240
1087373312
1087111168
1086586880
1086849024
1086717952
1049886720
1027211264
1020264448
1012662272
1039400960
1013841920
972554240
1010302976
1085931520
1086062592
1086193664
1086980096
1086717952
1086717952
1086455808
1039400960
1023016960
1017511936
1006632960
1034289152
1005977600
969801728
1035599872
1086980096
1086324736
1085669376
1087373312
1086980096
1086062592
1085931520
1029308416
1021575168
1018298368
1014104064
1023541248
996147200
970981376
1061027840
1087242240
1087111168
1086193664
1086324736
1086717952
1086455808
1064566784
1024851968
1018298368
1013972992
1032716288
1015808000
972161024
1014759424
1088684032
1089732608
1089339392
1087373312
1086980096
1086062592
1087504384
1041629184
1021444096
1015939072
1006632960
1029177344
997588992
970588160
1083703296
1087373312
1086193664
1086193664
1086324736
1086717952
1086849024
1083441152
1018298368
1020133376
1014890496
1022099456
1018560512
971374592
1025507328
1086980096
1086980096
1087242240
1086717952
1087504384
1086717952
1086717952
1050542080
1022623744
1017511936
1005584384
1034289152
999817216
970457088
1062993920
1087635456
1088421888
1089732608
1088815104
1087504384
1085931520
1086586880
1029963776
1021706240
1016332288
1011351552
1029046272
991690752
987627520
1086717952
1086980096
1086455808
1086324736
1086717952
1087111168
1086717952
1086062592
1018560512
1019740160
1016725504
1020002304
1013841920
971505664
1063649280
1087242240
1087111168
1087111168
1086455808
1086455808
1086324736
1086717952
1053163520
1023016960
1016987648
1006239744
1031929856
994312192
999555072
1086849024
1086455808
1086849024
1086980096
1086455808
1086193664
1086717952
1086717952
1030619136
1021050880
1018036224
1009909760
1024065536
988938240
1002307584
1086980096
1086717952
1086717952
1086586880
1087242240
1086980096
1087242240
1062207488
1028390912
1020657664
1014628352
1030094848
999555072
983433216
1086062592
1087111168
1086980096
1087897600
1088028672
1088290816
1087373312
1086455808
1037959168
1021444096
1016594432
1012531200
1023541248
990380032
1011744768
1086980096
1087635456
1086980096
1086455808
1086586880
1087635456
1086717952
1080688640
1021575168
1019740160
1015545856
1023016960
1007026176
978976768
1086717952
1086586880
1086849024
1086849024
1086980096
1086980096
1087635456
1088684032
1051721728
1027080192
1019084800
1008336896
1029570560
993918976
1003487232
1086324736
1086717952
1086455808
1085800448
1086980096
1087504384
1087111168
1087111168
1025376256
1021181952
1019084800
1015152640
1012006912
972816384
1079246848
1086717952
1086849024
1086849024
1086849024
1086717952
1085931520
1087111168
1054998528
1010434048
1007812608
1004666880
997064704
1013579776
977010688
1066926080
1087242240
1086586880
1087373312
1086586880
1086324736
1086849024
1087504384
1066926080
1010302976
1008336896
1004535808
994181120
1027080192
985792512
1044381696
1086586880
1086586880
1086455808
1086193664
1087111168
1086980096
1086586880
1079246848
1023016960
1019478016
1014497280
1026293760
1004929024
970850304
1086193664
1087373312
1086980096
1086980096
1087635456
1087111168
1085931520
1087111168
1049755648
1027342336
1019609088
1008074752
1021313024
992477184
1036255232
1087111168
1086717952
1086455808
1086849024
1087242240
1087111168
1087504384
1087635456
1009385472
1006370816
1002438656
992608256
1022492672
987103232
1044905984
1086586880
1087242240
1087111168
1086980096
1086980096
1087373312
1086849024
1081475072
1022099456
1024327680
1019609088
1026949120
1006501888
985661440
1086586880
1086324736
1086849024
1086324736
1086717952
1086717952
1087242240
1086980096
1050411008
1026686976
1019478016
1007026176
1026818048
988413952
1032060928
1087111168
1086717952
1086193664
1086980096
1086980096
1086849024
1087242240
1086980096
1027735552
1021313024
1018036224
1016463360
1013055488
989069312
1086455808
1086586880
1086324736
1086455808
1086849024
1087373312
1086586880
1086455808
1045299200
1023541248
1017249792
1012269056
1021575168
984875008
1045168128
1086455808
1086324736
1086455808
1087373312
1086849024
1086717952
1086586880
1065746432
1026424832
1018691584
1011089408
1027735552
991297536
1031143424
1087111168
1087242240
1087635456
1086849024
1086455808
1086980096
1086193664
1086717952
1024458752
1020788736
1018036224
1023148032
1007288320
987889664
1087897600
1086849024
1086849024
1086980096
1087373312
1086849024
1088028672
1088684032
1049100288
1027473408
1017905152
1010434048
1020133376
980025344
1072693248
1086455808
1086586880
1086849024
1086455808
1087242240
1086980096
1087635456
1065615360
1024196608
1021313024
1012924416
1027997696
990248960
1042284544
1086455808
1087242240
1086849024
1086324736
1086717952
1086455808
1086324736
1085931520
1027342336
1022754816
1018036224
1018560512
1008467968
991166464
1087504384
1086980096
1086586880
1086193664
1087504384
1086717952
1086849024
1086980096
1045561344
1022754816
1018036224
1010696192
1023934464
980811776
1083441152
1088290816
1087504384
1086193664
1086586880
1086324736
1086849024
1086324736
1066008576
1026949120
1020002304
1010696192
1026424832
994181120
1036910592
1086586880
1086586880
1086717952
1085931520
1086455808
1086717952
1086586880
1087635456
1024720896
1022754816
1017249792
1024065536
1001390080
1020919808
1086849024
1086849024
1086324736
1086586880
1087111168
1086849024
1085931520
1087766528
1049100288
1026162688
1018560512
1012269056
1020002304
988545024
1065091072
1088552960
1088290816
1089077248
1087242240
1086193664
1086586880
1086193664
1066532864
1022885888
1019346944
1009254400
1025376256
989200384
1050804224
1086717952
1086849024
1086849024
1086849024
1086717952
1087111168
1088421888
1087373312
1028915200
1021837312
1017643008
1020526592
1008861184
998637568
1087242240
1086980096
1086586880
1086717952
1086455808
1086193664
1087111168
1087242240
1045954560
1023934464
1018691584
1011351552
1023541248
987234304
1086586880
1087373312
1087373312
1087242240
1086062592
1086849024
1087373312
1087897600
1066926080
1025638400
1019740160
1011613696
1026949120
994443264
1039532032
1087373312
1086849024
1086455808
1086980096
1086455808
1087111168
1086849024
1086455808
1025900544
1021444096
1015676928
1026293760
999292928
1031274496
1088028672
1088552960
1087766528
1087373312
1086455808
1086717952
1087373312
1086849024
1046609920
1024720896
1018298368
1011875840
1020264448
985923584
1077805056
1087504384
1087111168
1086586880
1087897600
1087111168
1086324736
1086586880
1068236800
1024983040
1020657664
1008467968
1024851968
989724672
1064435712
1086980096
1087111168
1087373312
1086586880
1086717952
1086849024
1086193664
1086849024
1027866624
1021313024
1017118720
1020526592
1003487232
1011875840
1086980096
1086717952
1088159744
1087635456
1086980096
1087242240
1086717952
1087766528
1045561344
1024196608
1019215872
1011220480
1024196608
988151808
1087635456
1087373312
1087897600
1086849024
1087373312
1087111168
1087242240
1086717952
1067450368
1027866624
1022885888
1012400128
1029701632
990117888
1056702464
1086717952
1086980096
1087111168
1087373312
1086324736
1087111168
1086717952
1086980096
1024589824
1023279104
1017249792
1026031616
999555072
1010696192
1088290816
1087242240
1086980096
1086586880
1088159744
1087504384
1086980096
1086717952
1047789568
1025376256
1018298368
1011875840
1021837312
986447872
1086193664
1086455808
1086324736
1086849024
1085931520
1086717952
1087635456
1087111168
1067319296
1024196608
1021050880
1010565120
1028521984
991166464
1062600704
1086717952
1086455808
1086980096
1086586880
1086717952
1086849024
1087111168
1087111168
1028390912
1021575168
1017905152
1020657664
1002962944
1019084800
1086717952
1086717952
1087373312
1086193664
1086586880
1086455808
1087242240
1087766528
1047527424
1024983040
1019609088
1010565120
1026686976
990248960
1087897600
1087766528
1087504384
1086980096
1086455808
1086586880
1087504384
1087635456
1068892160
1027080192
1021181952
1010696192
1027866624
988807168
1053163520
1087242240
1086717952
1087242240
1087373312
1086455808
1086586880
1086717952
1086717952
1029701632
1025376256
1018298368
1020002304
1005060096
1023279104
1086849024
1086062592
1086324736
1087111168
1086455808
1086586880
1086980096
1087373312
1045561344
1025114112
1020919808
1012793344
1021968384
994836480
1086849024
1086849024
1086586880
1087373312
1086849024
1086586880
1086455808
1087111168
1069154304
1028521984
1023148032
1012531200
1028653056
986185728
1071775744
1088028672
1087766528
1087504384
1087504384
1087111168
1086717952
1086717952
1086586880
1028653056
1023148032
1018298368
1019346944
1007288320
1012793344
1086980096
1085800448
1086717952
1086717952
1086980096
1086717952
1087242240
1087766528
1049362432
1026686976
1019740160
1013579776
1021706240
993263616
1086717952
1087373312
1086586880
1087111168
1087635456
1088028672
1088028672
1087111168
1069809664
1026818048
1021706240
1010171904
1029439488
987758592
1056047104
1086324736
1088028672
1087504384
1087373312
1087504384
1086717952
1087373312
1086980096
1030225920
1024720896
1019084800
1020788736
998375424
1033633792
1087111168
1086717952
1086717952
1086455808
1086324736
1086980096
1086717952
1086849024
1048576000
1026818048
1018953728
1013055488
1023541248
990511104
1086062592
1086717952
1086586880
1086980096
1086062592
1086455808
1086455808
1086849024
1068105728
1023016960
1019871232
1007943680
1025769472
983171072
1081999360
1087111168
1087242240
1087897600
1088290816
1088815104
pid: 112495
execution time 1005.00 (s)
