num_threads - 1, WSS - 2048 MB, duration - 1000
thread 0: buf size - 2147483648 - 2048 MB
thread 0: allocated 1st half
thread 0: allocated 2nd half
thread 0: H - 512, slots_per_hp - 16384, total_slots - 16777216 
8781824
55443456
57540608
57540608
57671680
57540608
57671680
57540608
57671680
57540608
57671680
57540608
57671680
57671680
58458112
58458112
58589184
58458112
58458112
58589184
58720256
58720256
58720256
58720256
58720256
58720256
58720256
58589184
58720256
59244544
59244544
59244544
59244544
59244544
59113472
59244544
59244544
59244544
59113472
59244544
59244544
59244544
59113472
59244544
59506688
59506688
59506688
59506688
59506688
59506688
59637760
59506688
59506688
59506688
59506688
59637760
59506688
59506688
59113472
59768832
59637760
59768832
59637760
59768832
59637760
59768832
59637760
59768832
59637760
59768832
59637760
59768832
59637760
59637760
59768832
59899904
59899904
59768832
59899904
59768832
59899904
59768832
59899904
59768832
