num_threads - 16, WSS - 128 GB, duration - 1000, num_bps_accessed - 1
thread 0: buf size - 8589934592 - 8 GB
thread 1: buf size - 8589934592 - 8 GB
thread 2: buf size - 8589934592 - 8 GB
thread 3: buf size - 8589934592 - 8 GB
thread 4: buf size - 8589934592 - 8 GB
thread 5: buf size - 8589934592 - 8 GB
thread 7: buf size - 8589934592 - 8 GB
thread 6: buf size - 8589934592 - 8 GB
thread 8: buf size - 8589934592 - 8 GB
thread 9: buf size - 8589934592 - 8 GB
thread 10: buf size - 8589934592 - 8 GB
thread 11: buf size - 8589934592 - 8 GB
thread 12: buf size - 8589934592 - 8 GB
thread 14: buf size - 8589934592 - 8 GB
thread 13: buf size - 8589934592 - 8 GB
thread 15: buf size - 8589934592 - 8 GB
thread 1: allocated 1st half
thread 7: allocated 1st half
thread 2: allocated 1st half
thread 4: allocated 1st half
thread 0: allocated 1st half
thread 10: allocated 1st half
thread 3: allocated 1st half
thread 12: allocated 1st half
thread 13: allocated 1st half
thread 9: allocated 1st half
thread 15: allocated 1st half
thread 14: allocated 1st half
thread 8: allocated 1st half
thread 11: allocated 1st half
thread 5: allocated 1st half
thread 6: allocated 1st half
0
0
0
0
thread 1: allocated 2nd half
thread 1: H - 2048, slots_per_hp - 64, total_slots - 262144 
thread 7: allocated 2nd half
thread 7: H - 2048, slots_per_hp - 64, total_slots - 262144 
thread 2: allocated 2nd half
thread 2: H - 2048, slots_per_hp - 64, total_slots - 262144 
thread 4: allocated 2nd half
thread 4: H - 2048, slots_per_hp - 64, total_slots - 262144 
thread 10: allocated 2nd half
thread 10: H - 2048, slots_per_hp - 64, total_slots - 262144 
thread 3: allocated 2nd half
thread 3: H - 2048, slots_per_hp - 64, total_slots - 262144 
thread 0: allocated 2nd half
thread 0: H - 2048, slots_per_hp - 64, total_slots - 262144 
thread 12: allocated 2nd half
thread 12: H - 2048, slots_per_hp - 64, total_slots - 262144 
thread 9: allocated 2nd half
thread 9: H - 2048, slots_per_hp - 64, total_slots - 262144 
thread 13: allocated 2nd half
thread 13: H - 2048, slots_per_hp - 64, total_slots - 262144 
thread 14: allocated 2nd half
thread 14: H - 2048, slots_per_hp - 64, total_slots - 262144 
thread 15: allocated 2nd half
thread 15: H - 2048, slots_per_hp - 64, total_slots - 262144 
thread 8: allocated 2nd half
thread 8: H - 2048, slots_per_hp - 64, total_slots - 262144 
thread 5: allocated 2nd half
thread 5: H - 2048, slots_per_hp - 64, total_slots - 262144 
thread 11: allocated 2nd half
thread 11: H - 2048, slots_per_hp - 64, total_slots - 262144 
thread 6: allocated 2nd half
thread 6: H - 2048, slots_per_hp - 64, total_slots - 262144 
604766208
847642624
848429056
848166912
848297984
845152256
841875456
840564736
839516160
816054272
810287104
807665664
804388864
802684928
800456704
799145984
794820608
791412736
784072704
778305536
777650176
785776640
788135936
790495232
787742720
795344896
802947072
807665664
814612480
833486848
856293376
857341952
853671936
857735168
823263232
815398912
809893888
807796736
803209216
793640960
792592384
791019520
786300928
781320192
770441216
764018688
758513664
752222208
744751104
741605376
735969280
749862912
755367936
750911488
757858304
763101184
768344064
770310144
772931584
778829824
788922368
805175296
821428224
840302592
867434496
862584832
862715904
863633408
864026624
819068928
817496064
812253184
809369600
805699584
802029568
799408128
795344896
785645568
784072704
779878400
771358720
767557632
777781248
783417344
779354112
783679488
790888448
797442048
804913152
811204608
815923200
823918592
838467584
873988096
875429888
875823104
876347392
875298816
876609536
867827712
864288768
868745216
868614144
871890944
841089024
828243968
824049664
820117504
815136768
811204608
805175296
801374208
795344896
789839872
781320192
775684096
770179072
767688704
776732672
782237696
786432000
790495232
795475968
799145984
805699584
811859968
816578560
823787520
830210048
858390528
873594880
876871680
878313472
876609536
876085248
873725952
872808448
870055936
874381312
844627968
830734336
825622528
820248576
814350336
805175296
801636352
797966336
792592384
787349504
780664832
778960896
786169856
796524544
805830656
815661056
826408960
835584000
848429056
859701248
865075200
878837760
933101568
934150144
933756928
930742272
934150144
934019072
934150144
931397632
930742272
926023680
924188672
919076864
925761536
900333568
886702080
880148480
872939520
872546304
868220928
865337344
860618752
857473024
859176960
861667328
864681984
867041280
873070592
878182400
882769920
903610368
930611200
934281216
935329792
929431552
925892608
919994368
922484736
926679040
897187840
886833152
879624192
878051328
874119168
870449152
867303424
862584832
858390528
859963392
863633408
866648064
870449152
873332736
874643456
881852416
890372096
933232640
933625856
933625856
921305088
924057600
922746880
918814720
924975104
892731392
887357440
880148480
878968832
875429888
871759872
868483072
864813056
868745216
868745216
874119168
877527040
880410624
883032064
889061376
932708352
933232640
928776192
932708352
933101568
926547968
922746880
921567232
918159360
923271168
891289600
887619584
885915648
882114560
878837760
875429888
871366656
867565568
865599488
862060544
863109120
867041280
869924864
872022016
873988096
876871680
879755264
882900992
924581888
926547968
919601152
919732224
917504000
914358272
919732224
889192448
885129216
881459200
878575616
874774528
869662720
869269504
868220928
870449152
872546304
875167744
879099904
882114560
890241024
930349056
930349056
926416896
929693696
930086912
930742272
923402240
920911872
919207936
915800064
921174016
891158528
885915648
883163136
880541696
874119168
873201664
871366656
868352000
867434496
868745216
871759872
874905600
877264896
879886336
885260288
929955840
930480128
929824768
930480128
927858688
921042944
919601152
918290432
915013632
921042944
891027456
886439936
883163136
880148480
875823104
874643456
871890944
869662720
872546304
875823104
878706688
881983488
887619584
931528704
932052992
932052992
932446208
932052992
932577280
932184064
923664384
922615808
920125440
918028288
919732224
891158528
888274944
884473856
880541696
878182400
875298816
870711296
871235584
876871680
879099904
881721344
887357440
931397632
931528704
931659776
931397632
931135488
931921920
931266560
931921920
924188672
921567232
920387584
916848640
919601152
888799232
886702080
883687424
880803840
878444544
874643456
869138432
873070592
876740608
879886336
881983488
904134656
931397632
931397632
930742272
931266560
931004416
931266560
931266560
931266560
921698304
921042944
919076864
916848640
916455424
889847808
885784576
880148480
881065984
876871680
873857024
873988096
876871680
879493120
881721344
890109952
932052992
928776192
931004416
931135488
931790848
932446208
931921920
931790848
931921920
924319744
921436160
919863296
917766144
918814720
890372096
886964224
883818496
880803840
876478464
875167744
878444544
880803840
883294208
921829376
920518656
920387584
918290432
919863296
901644288
887488512
884473856
880803840
879230976
881852416
898891776
931266560
929431552
929693696
923926528
921174016
919470080
916848640
921042944
892600320
887226368
883556352
878968832
879755264
882638848
907411456
931397632
931004416
931397632
923009024
920649728
919470080
916848640
915668992
889323520
886046720
883687424
880148480
875692032
877002752
880279552
883425280
916193280
929562624
921042944
919863296
919076864
918421504
905183232
887881728
884473856
880148480
878837760
882245632
895614976
932446208
932446208
932446208
925892608
921960448
920780800
917504000
922615808
891682816
887750656
884211712
880541696
880541696
884473856
896925696
933101568
933494784
933232640
923140096
922353664
921436160
918945792
913571840
890241024
887488512
883949568
880017408
878837760
881721344
886177792
932184064
932315136
926810112
921698304
920911872
918159360
922746880
896008192
887750656
884080640
880803840
882114560
920911872
931266560
931921920
931659776
931921920
923664384
922353664
920256512
917897216
919339008
890372096
887226368
883818496
878837760
882114560
889061376
932315136
931397632
932184064
932315136
922091520
920518656
920518656
917504000
909377536
888537088
885653504
883032064
878444544
881590272
885915648
932184064
932184064
931921920
927072256
921698304
920518656
917897216
921698304
894435328
887619584
883687424
880017408
881459200
883294208
931528704
932577280
932184064
933101568
923664384
922484736
920256512
918028288
914751488
890634240
887619584
884211712
879624192
881721344
884473856
914489344
933101568
933363712
931135488
922877952
922353664
920649728
920256512
905707520
889585664
886833152
881852416
882376704
884211712
913833984
932970496
933625856
933363712
926547968
923533312
921567232
918683648
923533312
894173184
888799232
882638848
880279552
882245632
885260288
931266560
932970496
932839424
932708352
922746880
922353664
921042944
918552576
911867904
890503168
887357440
883687424
878837760
881197056
884736000
913833984
932184064
932577280
927334400
921698304
921305088
917897216
922484736
895221760
887488512
885391360
881721344
879362048
881721344
886571008
931659776
931659776
931921920
923140096
921305088
919732224
917635072
915013632
888537088
885391360
880934912
880934912
885129216
929431552
931790848
931921920
931659776
928514048
921174016
920780800
918945792
920387584
900857856
888537088
885915648
882114560
877395968
878182400
881459200
885784576
931790848
931528704
924450816
921698304
919470080
916586496
921960448
889323520
885915648
883818496
878968832
881328128
887357440
931528704
931528704
931528704
931659776
921174016
920518656
919601152
917110784
908197888
887750656
885653504
881328128
879755264
882900992
907542528
931528704
931266560
931659776
925892608
921305088
919601152
917504000
921436160
893648896
886439936
883949568
880541696
876871680
880279552
883163136
922222592
931266560
931004416
921698304
920125440
919339008
916717568
910819328
888143872
884473856
881590272
879886336
882769920
903086080
931659776
932184064
931790848
927596544
923009024
921698304
918683648
920387584
903217152
888406016
883949568
878051328
881590272
900333568
931659776
931659776
932315136
931528704
926941184
922222592
920649728
917635072
921960448
893386752
887095296
884342784
881590272
877527040
880803840
884998144
917766144
932970496
932970496
924188672
923271168
920780800
918421504
915406848
890503168
886177792
884080640
881721344
884342784
887095296
925499392
935460864
935198720
932446208
925761536
924450816
921829376
925368320
900202496
891289600
886964224
886308864
900071424
937820160
937558016
937689088
935723008
936378368
929824768
927465472
925761536
923271168
923402240
894435328
891420672
886833152
888012800
900726784
938737664
938606592
938737664
938213376
938344448
927989760
927596544
926154752
926154752
909901824
893386752
889978880
887095296
883949568
888143872
894697472
937426944
937164800
937820160
931921920
927596544
926023680
922615808
927465472
897974272
892469248
889323520
886571008
889585664
917241856
938737664
939393024
938999808
938868736
929955840
928776192
926810112
924450816
915406848
894304256
892338176
889847808
897712128
941096960
941228032
941490176
941096960
941490176
937033728
932052992
930611200
927989760
931266560
905183232
896008192
890634240
887357440
889192448
892862464
927334400
941359104
941096960
941096960
932708352
931004416
929562624
927203328
924975104
898367488
894828544
889716736
886439936
891027456
915275776
940048384
940310528
940441600
939393024
929693696
929300480
928514048
924450816
913178624
895877120
891682816
886964224
890503168
918159360
940048384
940179456
939655168
940048384
933756928
929824768
928382976
925630464
930480128
898105344
893779968
889192448
884998144
888930304
891420672
936902656
939786240
939524096
940179456
930480128
928776192
927989760
925630464
919339008
895877120
892600320
887095296
885653504
889454592
911998976
938868736
940179456
939393024
935198720
930217984
928120832
925630464
927203328
902561792
892993536
888930304
889978880
916193280
938606592
939786240
939130880
939261952
939786240
930873344
928776192
927203328
924975104
922615808
896532480
892076032
888012800
883949568
887357440
890503168
933494784
937820160
937820160
936116224
927072256
926810112
924975104
925237248
909377536
893779968
890503168
885129216
884736000
887226368
923271168
934412288
934543360
934281216
927989760
922484736
921042944
918159360
923533312
893255680
888668160
885915648
882376704
884211712
902037504
933888000
933494784
933888000
933625856
923664384
922222592
922222592
918683648
912785408
891027456
887357440
pid: 4969
execution time 1002.51 (s)
