pgmigrate_success 1144774608
pgmigrate_fail 12709
thp_migration_success 1840019
thp_migration_fail 4
thp_migration_split 0
thp_fault_alloc 1455042
thp_fault_fallback 0
thp_fault_fallback_charge 0
thp_collapse_alloc 1288041
thp_collapse_alloc_failed 0
thp_file_alloc 0
thp_file_fallback 0
thp_file_fallback_charge 0
thp_file_mapped 0
thp_split_page 1450564
thp_split_page_failed 2391
thp_deferred_split_page 1454710
thp_split_pmd 1453744
thp_split_pud 0
thp_zero_page_alloc 1
thp_zero_page_alloc_failed 0
thp_swpout 0
thp_swpout_fallback 0
htmm_nr_promoted 532581665
htmm_nr_demoted 607208930
htmm_nr_sampled 0
htmm_missed_dramread 0
htmm_missed_nvmread 0
htmm_missed_write 0
htmm_alloc_dram 774440240
htmm_alloc_nvm 0
