num_threads - 16, WSS - 128 GB, duration - 1000, num_bps_accessed - 1
thread 0: buf size - 8589934592 - 8 GB
thread 1: buf size - 8589934592 - 8 GB
thread 2: buf size - 8589934592 - 8 GB
thread 3: buf size - 8589934592 - 8 GB
thread 4: buf size - 8589934592 - 8 GB
thread 5: buf size - 8589934592 - 8 GB
thread 6: buf size - 8589934592 - 8 GB
thread 7: buf size - 8589934592 - 8 GB
thread 8: buf size - 8589934592 - 8 GB
thread 9: buf size - 8589934592 - 8 GB
thread 10: buf size - 8589934592 - 8 GB
thread 11: buf size - 8589934592 - 8 GB
thread 12: buf size - 8589934592 - 8 GB
thread 13: buf size - 8589934592 - 8 GB
thread 14: buf size - 8589934592 - 8 GB
thread 15: buf size - 8589934592 - 8 GB
thread 1: allocated 1st half
thread 2: allocated 1st half
thread 7: allocated 1st half
thread 13: allocated 1st half
thread 4: allocated 1st half
thread 14: allocated 1st half
thread 12: allocated 1st half
thread 0: allocated 1st half
thread 15: allocated 1st half
thread 10: allocated 1st half
thread 3: allocated 1st half
thread 9: allocated 1st half
thread 5: allocated 1st half
thread 11: allocated 1st half
thread 6: allocated 1st half
thread 8: allocated 1st half
0
0
0
0
thread 1: allocated 2nd half
thread 1: H - 2048, slots_per_hp - 64, total_slots - 262144 
thread 13: allocated 2nd half
thread 13: H - 2048, slots_per_hp - 64, total_slots - 262144 
thread 2: allocated 2nd half
thread 2: H - 2048, slots_per_hp - 64, total_slots - 262144 
thread 7: allocated 2nd half
thread 7: H - 2048, slots_per_hp - 64, total_slots - 262144 
thread 4: allocated 2nd half
thread 4: H - 2048, slots_per_hp - 64, total_slots - 262144 
thread 14: allocated 2nd half
thread 14: H - 2048, slots_per_hp - 64, total_slots - 262144 
thread 12: allocated 2nd half
thread 12: H - 2048, slots_per_hp - 64, total_slots - 262144 
thread 15: allocated 2nd half
thread 15: H - 2048, slots_per_hp - 64, total_slots - 262144 
thread 10: allocated 2nd half
thread 10: H - 2048, slots_per_hp - 64, total_slots - 262144 
thread 9: allocated 2nd half
thread 9: H - 2048, slots_per_hp - 64, total_slots - 262144 
thread 3: allocated 2nd half
thread 3: H - 2048, slots_per_hp - 64, total_slots - 262144 
thread 8: allocated 2nd half
thread 8: H - 2048, slots_per_hp - 64, total_slots - 262144 
thread 0: allocated 2nd half
thread 0: H - 2048, slots_per_hp - 64, total_slots - 262144 
thread 11: allocated 2nd half
thread 11: H - 2048, slots_per_hp - 64, total_slots - 262144 
thread 6: allocated 2nd half
thread 6: H - 2048, slots_per_hp - 64, total_slots - 262144 
thread 5: allocated 2nd half
thread 5: H - 2048, slots_per_hp - 64, total_slots - 262144 
583925760
909377536
910557184
910032896
910295040
903872512
905576448
904527872
903610368
897318912
855244800
846856192
840302592
835452928
828637184
820641792
812253184
804257792
796262400
789053440
781582336
784990208
794689536
803209216
811728896
819331072
828375040
837156864
845283328
853409792
894042112
898891776
898629632
896663552
902168576
902561792
902692864
885915648
866910208
816447488
722206720
661913600
663879680
664272896
664010752
648937472
588775424
586547200
586678272
586416128
586547200
586416128
586153984
586153984
586416128
586022912
586285056
586547200
586416128
586153984
586153984
586153984
586153984
586285056
586153984
586153984
586022912
586022912
586285056
586285056
585891840
586547200
585891840
585891840
586285056
586285056
585891840
586285056
586022912
586285056
586285056
586022912
585760768
586022912
586547200
585760768
586153984
586022912
591134720
635699200
636616704
638320640
639107072
639500288
640417792
641335296
689700864
758513664
741474304
718012416
712900608
711589888
707133440
721682432
711720960
715653120
699006976
717357056
751173632
763887616
771096576
776994816
825360384
838205440
851443712
861667328
868876288
880148480
894828544
907280384
917110784
926023680
932052992
936509440
937951232
929562624
919601152
910163968
900071424
890896384
881590272
871759872
877395968
923271168
920256512
917897216
917766144
916717568
918552576
871497728
867565568
871759872
898760704
935460864
935591936
935591936
935329792
935723008
935591936
930873344
929824768
930217984
928514048
914620416
879230976
869924864
864288768
871235584
884211712
919732224
947126272
946864128
946601984
944373760
941228032
940441600
938868736
941096960
904134656
894435328
896925696
930086912
964165632
964689920
964558848
964689920
964427776
964558848
959315968
957218816
956039168
954990592
947519488
910950400
931004416
972423168
972816384
972554240
972816384
972292096
972423168
972947456
971767808
963248128
964034560
961937408
964427776
931921920
930742272
980549632
979894272
980287488
980287488
979894272
980156416
980287488
980287488
972554240
970719232
969408512
967311360
959971328
927858688
977141760
990117888
989724672
989724672
990248960
989593600
990117888
989855744
987103232
978321408
978452480
975699968
979238912
947781632
962854912
1000210432
1000210432
999686144
1000079360
1000079360
999686144
1000341504
999948288
991428608
987889664
985923584
982253568
983433216
951713792
999424000
1007943680
1007812608
1007812608
1007943680
1008336896
1008074752
1007943680
1008336896
992215040
993132544
990904320
992083968
973733888
986841088
1013972992
1014497280
1014104064
1013710848
1014235136
1014628352
1013972992
1014104064
1003094016
999817216
996409344
993656832
993656832
975699968
1018822656
1018953728
1018953728
1019084800
1018953728
1019346944
1019215872
1019215872
1018036224
1002176512
1001652224
998899712
1001521152
981860352
1005453312
1021968384
1022230528
1021313024
1022230528
1021837312
1022230528
1021837312
1021968384
1011875840
1006370816
1003749376
998375424
1004797952
981729280
1024851968
1024851968
1024720896
1024983040
1025114112
1025114112
1024589824
1024720896
1025114112
1009254400
1006370816
1005715456
1002569728
995360768
1002307584
1026949120
1027080192
1026818048
1026949120
1026818048
1026949120
1026949120
1027080192
1018953728
1009516544
1008074752
1001914368
1010171904
983433216
1028128768
1028128768
1028259840
1028653056
1028128768
1028259840
1028390912
1028259840
1028259840
1010696192
1009647616
1007419392
1007026176
995229696
1013841920
1029701632
1029570560
1029308416
1029701632
1029439488
1029701632
1029177344
1029701632
1020264448
1011613696
1010302976
1004011520
1011220480
992608256
1030750208
1031012352
1031143424
1030619136
1030619136
1031143424
1030619136
1031012352
1031012352
1010958336
1013579776
1008467968
1010171904
994443264
1024196608
1032323072
1032192000
1032323072
1032192000
1032192000
1032323072
1032323072
1032192000
1022492672
1014759424
1012924416
1006501888
1012137984
1002700800
1032323072
1032323072
1032454144
1032192000
1032060928
1032192000
1032323072
1032454144
1029832704
1013579776
1013186560
1007943680
1015021568
989331456
1031929856
1031405568
1031798784
1032192000
1031929856
1031798784
1032192000
1031667712
1032060928
1015414784
1013317632
1011089408
1008467968
1000996864
1015152640
1031667712
1031929856
1032060928
1031667712
1031929856
1032060928
1031929856
1031536640
1022230528
1014366208
1012531200
1006370816
1011482624
996278272
1031667712
1032454144
1031536640
1032192000
1031667712
1031667712
1031929856
1032060928
1029308416
1011875840
1012793344
1006764032
1014628352
988545024
1030619136
1031405568
1031667712
1031798784
1032060928
1031536640
1031536640
1032060928
1031405568
1016987648
1013579776
1010827264
1008074752
1003487232
1007681536
1031798784
1031798784
1031536640
1032060928
1031798784
1031536640
1032192000
1031667712
1020919808
1014235136
1011613696
1006895104
1008992256
997982208
1031667712
1031667712
1031405568
1032192000
1031798784
1031536640
1031929856
1031536640
1029701632
1012924416
1012924416
1007550464
1014628352
990511104
1024327680
1031667712
1031929856
1031274496
1031667712
1032323072
1031667712
1031929856
1031667712
1016332288
1014497280
1010827264
1007681536
1003749376
1007943680
1031667712
1032192000
1031798784
1032060928
1031798784
1032192000
1031405568
1032192000
1022230528
1014497280
1012400128
1006370816
1011744768
995098624
1031667712
1032060928
1031929856
1031405568
1032323072
1031667712
1031798784
1032192000
1029439488
1011875840
1012400128
1006895104
1014759424
988413952
1028128768
1032060928
1031536640
1031798784
1031667712
1031798784
1031536640
1031929856
1031798784
1016987648
1013841920
1011351552
1007550464
1003618304
1005191168
1031929856
1031798784
1031798784
1032192000
1031405568
1032060928
1031798784
1031929856
1021444096
1013972992
1012269056
1006764032
1009385472
987234304
1011875840
1030356992
1030619136
1031143424
1030881280
1030619136
1030619136
1030881280
1028653056
1011875840
1011220480
1007026176
1013317632
993263616
986185728
987627520
1029308416
1029046272
1028915200
1028784128
1029308416
1029046272
1028915200
1012531200
1010302976
1007943680
1005846528
999948288
990773248
978583552
1013186560
1028915200
1028784128
1028390912
1028521984
1028521984
1029177344
1018429440
1011482624
1008730112
1003225088
1008074752
990511104
983957504
991035392
1029046272
1028653056
1028784128
1028784128
1029177344
1028653056
1027342336
1008599040
1009123328
1003749376
1012137984
991428608
987103232
977141760
1027473408
1029177344
1029046272
1029177344
1029570560
1028915200
1029308416
1013841920
1012006912
1007812608
1004797952
999555072
990642176
979238912
1009516544
1028653056
1029177344
1029308416
1029177344
1028784128
1029046272
1019084800
1012006912
1009516544
1003356160
1007419392
990904320
985137152
985137152
1029046272
1029308416
1029177344
1029701632
1029046272
1029439488
1027473408
1008599040
1009778688
1004142592
1011220480
991166464
986972160
978059264
1027080192
1029177344
1029046272
1028915200
1029177344
1029308416
1028915200
1013841920
1010827264
1008336896
1005453312
999292928
990511104
980025344
1007550464
1029701632
1029177344
1029439488
1029832704
1028915200
1029963776
1018953728
1011613696
1008992256
1003487232
1006632960
990773248
983433216
992215040
1029570560
1028915200
1029570560
1029308416
1029439488
1029308416
1027473408
1010302976
1010565120
1003749376
1011613696
991690752
988151808
978059264
1022623744
1029046272
1029439488
1029570560
1029570560
1029177344
1029832704
1012924416
1011220480
1007288320
1007157248
998899712
990248960
978976768
1009516544
1029308416
1028915200
1029570560
1029832704
1029177344
1029439488
1019084800
1013317632
1010171904
1003749376
1010040832
990380032
985006080
985006080
1029570560
1029308416
1029308416
1029570560
1029177344
1029570560
1027997696
1010565120
1010958336
1004797952
1012006912
992477184
988020736
978190336
1021706240
1029046272
1029046272
1029832704
1028653056
1029570560
1028653056
1014628352
1011482624
1008730112
1004535808
1001390080
990642176
980680704
1005060096
1029570560
1029308416
1029570560
1029177344
1029701632
1029570560
1019084800
1011875840
1009123328
1004273664
1007157248
990248960
982515712
993394688
1028784128
1029570560
1029439488
1028915200
1029439488
1029308416
1027866624
1010302976
1010565120
1003880448
1011613696
991559680
987758592
977272832
1025114112
1029832704
1029570560
1029439488
1029832704
1029963776
1029832704
1014366208
1011875840
1008467968
1005846528
999817216
990773248
978845696
1007550464
1028915200
1029308416
1029177344
1029308416
1029046272
1029439488
1018953728
1011351552
1008599040
1003487232
1005977600
990642176
981991424
995098624
1029177344
1029439488
1029046272
1029308416
1029439488
1029701632
1027735552
1009385472
1010827264
1003749376
1011482624
991297536
987365376
977666048
1025507328
1029570560
1029570560
1029046272
1029832704
1029177344
1029701632
1013448704
1011351552
1006895104
1007550464
997982208
990642176
978059264
1011613696
1029177344
1029308416
1029046272
1029177344
1029046272
1029177344
1019478016
1012924416
1009123328
1003749376
1009123328
990642176
984481792
986710016
1029570560
1029046272
1029701632
1029701632
1028915200
1029832704
1028390912
1010171904
1010565120
1003880448
1012006912
991821824
987496448
977534976
1024720896
1029570560
1029308416
1029963776
1028915200
1029701632
1029701632
1014628352
1012137984
1008599040
1004929024
1002438656
990642176
979894272
1004404736
1029177344
1029308416
1029439488
1029046272
1029439488
1029308416
1019871232
1012400128
1009516544
1003749376
1007943680
990380032
983171072
989069312
1029046272
1029177344
1029308416
1029046272
1029308416
1029046272
1028653056
1009778688
1010696192
1004797952
1011744768
992346112
987758592
977797120
1020526592
1029570560
1029046272
1029439488
1029308416
1029177344
1029701632
1014759424
1011744768
1008336896
1004404736
1002045440
990773248
979894272
1004011520
1029570560
1028653056
1029570560
1029046272
1029308416
1029570560
1019215872
1012006912
1010040832
1003225088
1008730112
990117888
983826432
987889664
1029046272
1029177344
1029832704
1029439488
1029570560
1029177344
1029177344
1009778688
1010958336
1004929024
1012137984
992870400
987758592
978059264
1021837312
1029046272
1029570560
1028915200
1029177344
1029177344
1029701632
1014628352
1011744768
1008467968
1004666880
1002045440
990773248
980156416
1003880448
1029308416
1029439488
1029439488
1029177344
1030094848
1028915200
1020133376
1013055488
1010434048
1002700800
1010696192
990248960
984481792
984219648
1029439488
1029439488
1029570560
1029177344
1029701632
pid: 80088
execution time 1002.56 (s)
