num_threads - 16, WSS - 128 GB, duration - 1000, num_bps_accessed - 1
thread 0: buf size - 8589934592 - 8 GB
thread 1: buf size - 8589934592 - 8 GB
thread 2: buf size - 8589934592 - 8 GB
thread 3: buf size - 8589934592 - 8 GB
thread 4: buf size - 8589934592 - 8 GB
thread 5: buf size - 8589934592 - 8 GB
thread 6: buf size - 8589934592 - 8 GB
thread 7: buf size - 8589934592 - 8 GB
thread 8: buf size - 8589934592 - 8 GB
thread 9: buf size - 8589934592 - 8 GB
thread 10: buf size - 8589934592 - 8 GB
thread 11: buf size - 8589934592 - 8 GB
thread 12: buf size - 8589934592 - 8 GB
thread 13: buf size - 8589934592 - 8 GB
thread 14: buf size - 8589934592 - 8 GB
thread 15: buf size - 8589934592 - 8 GB
thread 2: allocated 1st half
thread 7: allocated 1st half
thread 4: allocated 1st half
thread 1: allocated 1st half
thread 13: allocated 1st half
thread 15: allocated 1st half
thread 14: allocated 1st half
thread 10: allocated 1st half
thread 12: allocated 1st half
thread 3: allocated 1st half
thread 8: allocated 1st half
thread 9: allocated 1st half
thread 6: allocated 1st half
thread 0: allocated 1st half
thread 11: allocated 1st half
thread 5: allocated 1st half
0
0
0
0
thread 7: allocated 2nd half
thread 7: H - 2048, slots_per_hp - 64, total_slots - 262144 
thread 2: allocated 2nd half
thread 2: H - 2048, slots_per_hp - 64, total_slots - 262144 
thread 15: allocated 2nd half
thread 15: H - 2048, slots_per_hp - 64, total_slots - 262144 
thread 13: allocated 2nd half
thread 13: H - 2048, slots_per_hp - 64, total_slots - 262144 
thread 1: allocated 2nd half
thread 1: H - 2048, slots_per_hp - 64, total_slots - 262144 
thread 14: allocated 2nd half
thread 14: H - 2048, slots_per_hp - 64, total_slots - 262144 
thread 4: allocated 2nd half
thread 4: H - 2048, slots_per_hp - 64, total_slots - 262144 
thread 12: allocated 2nd half
thread 12: H - 2048, slots_per_hp - 64, total_slots - 262144 
thread 10: allocated 2nd half
thread 10: H - 2048, slots_per_hp - 64, total_slots - 262144 
thread 3: allocated 2nd half
thread 3: H - 2048, slots_per_hp - 64, total_slots - 262144 
thread 8: allocated 2nd half
thread 8: H - 2048, slots_per_hp - 64, total_slots - 262144 
thread 9: allocated 2nd half
thread 9: H - 2048, slots_per_hp - 64, total_slots - 262144 
thread 0: allocated 2nd half
thread 0: H - 2048, slots_per_hp - 64, total_slots - 262144 
thread 11: allocated 2nd half
thread 11: H - 2048, slots_per_hp - 64, total_slots - 262144 
thread 6: allocated 2nd half
thread 6: H - 2048, slots_per_hp - 64, total_slots - 262144 
thread 5: allocated 2nd half
thread 5: H - 2048, slots_per_hp - 64, total_slots - 262144 
498991104
843579392
844234752
847904768
847904768
848560128
848691200
843055104
842399744
841482240
838336512
812646400
810024960
806617088
804651008
802684928
798621696
800587776
804913152
804913152
808321024
810680320
825098240
856424448
847380480
858914816
862191616
861536256
862060544
856948736
860356608
857866240
855900160
856555520
856424448
833617920
816971776
814743552
808714240
801767424
801636352
795213824
789446656
779223040
779747328
776732672
776601600
768737280
747372544
765853696
773324800
778567680
783155200
785907712
783810560
791674880
797048832
805175296
810680320
815267840
822738944
856031232
868220928
868220928
867041280
868745216
862453760
863502336
862584832
852230144
840171520
821166080
818413568
812253184
807141376
802553856
797179904
791412736
787480576
783417344
778698752
774897664
769130496
763363328
757334016
767033344
772538368
777388032
781320192
787218432
792723456
798359552
805044224
810024960
816054272
822738944
839909376
873201664
871497728
865599488
867041280
862715904
865599488
864681984
865468416
858783744
827981824
821297152
816185344
810942464
806354944
801374208
796131328
791805952
781975552
777912320
774897664
769654784
764411904
758644736
767688704
772931584
778698752
783679488
790495232
796524544
803209216
809500672
815136768
817758208
824836096
830472192
871759872
880279552
878837760
881197056
876478464
876347392
876216320
873332736
867958784
837550080
831389696
825884672
815267840
812777472
807403520
803340288
794951680
790364160
784072704
778305536
773193728
771489792
777519104
784596992
791805952
798228480
807141376
812777472
822476800
828899328
838205440
846594048
853147648
894173184
899284992
899809280
900202496
900202496
898367488
894828544
894304256
892731392
889454592
883687424
849739776
838860800
831520768
825360384
820903936
819462144
816840704
811335680
805830656
798228480
796000256
803864576
811335680
815923200
819462144
825622528
831520768
837419008
843579392
849608704
878706688
897712128
897712128
898105344
897974272
898105344
896008192
898629632
896794624
897712128
893648896
891420672
888668160
890372096
888143872
850526208
842268672
834273280
826933248
824573952
819593216
815267840
811204608
807796736
811597824
821952512
830078976
837943296
844890112
851181568
856948736
864944128
897581056
910950400
912654336
906362880
905969664
905314304
902561792
895483904
865468416
855506944
848429056
841482240
834142208
827588608
819986432
801243136
795213824
793772032
800849920
810024960
817496064
824442880
832569344
840433664
848953344
855900160
903217152
904134656
896270336
898760704
898105344
896794624
884211712
854327296
846331904
839647232
833093632
825884672
817758208
812777472
806354944
802029568
806223872
814612480
821035008
826933248
832700416
838598656
844103680
847904768
884211712
896925696
897449984
890765312
890372096
889847808
888799232
875692032
848560128
842661888
837156864
829423616
823787520
819593216
815005696
814481408
824442880
831782912
838205440
843841536
849215488
855244800
894173184
902692864
902692864
902430720
900333568
900857856
896008192
895221760
894173184
894959616
873201664
856031232
850657280
844759040
839647232
835190784
830210048
835715072
842924032
848035840
851443712
858390528
867303424
910163968
910295040
910688256
910819328
910295040
910557184
910688256
906756096
903086080
901775360
900333568
902430720
875823104
863633408
856031232
851968000
848953344
844759040
840302592
838860800
844365824
848691200
853803008
858259456
863240192
895877120
911605760
911343616
911736832
911474688
911736832
911998976
906887168
904134656
903217152
898236416
902823936
870973440
862978048
857997312
853671936
848822272
843972608
839122944
841089024
845283328
849346560
853016576
858128384
870580224
908066816
908460032
908328960
908066816
908328960
908197888
908066816
902299648
900071424
899153920
897056768
895221760
863633408
858783744
854982656
851443712
845807616
841482240
842137600
846725120
850264064
855113728
860094464
895221760
907411456
907673600
907411456
907804672
907673600
907935744
907280384
907804672
900464640
899547136
898760704
896139264
890896384
862846976
859045888
854458368
849084416
844759040
842792960
847118336
850919424
854851584
860225536
899022848
906493952
906887168
907149312
907149312
907280384
907149312
907411456
907411456
907411456
899153920
898891776
898236416
896925696
884080640
862453760
857735168
852885504
848035840
844759040
846856192
851181568
854589440
860487680
898629632
899416064
898760704
896532480
899678208
868089856
859308032
855638016
851181568
851443712
855506944
860618752
906362880
907280384
907411456
899940352
899153920
897843200
896532480
887226368
861667328
856162304
852230144
852361216
856686592
870842368
907018240
907280384
907411456
903872512
900333568
899153920
897056768
899153920
874774528
861405184
856555520
851574784
847249408
850788352
855244800
858652672
896270336
907411456
900988928
899153920
898105344
896794624
893255680
862715904
857604096
854327296
850919424
848691200
851968000
856817664
861798400
891944960
909115392
901382144
900988928
899940352
899678208
883163136
863764480
858783744
855244800
857079808
861929472
897187840
910688256
911212544
911343616
906625024
903479296
902168576
900333568
903872512
867696640
863109120
858652672
853278720
851836928
856686592
861274112
880148480
911081472
911474688
904003584
902823936
902823936
899678208
894042112
865599488
860356608
857079808
852361216
853934080
858914816
864944128
910163968
910163968
906625024
903348224
901120000
900202496
902823936
875954176
863633408
858259456
853803008
855638016
860094464
871497728
908197888
909377536
909115392
902955008
901906432
900857856
898760704
895221760
864813056
861274112
857079808
854196224
857604096
862846976
897056768
911081472
911081472
909770752
903479296
902692864
901775360
901644288
885260288
864813056
859176960
855506944
852099072
850395136
854982656
859832320
873988096
909115392
903741440
901382144
900333568
897712128
901513216
866385920
861536256
857210880
853409792
856817664
861536256
891682816
909246464
909377536
907804672
900857856
901251072
899940352
898629632
890109952
864550912
860225536
856686592
856293376
859701248
875036672
911081472
910950400
911081472
907149312
903217152
902561792
900726784
903741440
873857024
862715904
858390528
854065152
850788352
852361216
856162304
861536256
888668160
910295040
903479296
902823936
900595712
899153920
897449984
865992704
861667328
856424448
853016576
857210880
861667328
894566400
908984320
909246464
906362880
901775360
898105344
898236416
899022848
881590272
862846976
859045888
855900160
856031232
860618752
883949568
910950400
910557184
910688256
905838592
903348224
902168576
899547136
903348224
869269504
861929472
857210880
853803008
850132992
851705856
856686592
860880896
884080640
910426112
902299648
902168576
901513216
899809280
888799232
864813056
860749824
854851584
851705856
856031232
860094464
878837760
909115392
909246464
905052160
900726784
900595712
898105344
900726784
867696640
860880896
857866240
855375872
856031232
860487680
865337344
909115392
912523264
912392192
905707520
904527872
903348224
901775360
897712128
868220928
862715904
857735168
854458368
855113728
859570176
862978048
880279552
913047552
910688256
905314304
904790016
903348224
905314304
880672768
866516992
861929472
856424448
852492288
856817664
860880896
863895552
906362880
911474688
905838592
903479296
902430720
899940352
901513216
866910208
862584832
858521600
857997312
862060544
871759872
913702912
912916480
913047552
913178624
904921088
904658944
904134656
902955008
888668160
867434496
861143040
856948736
853803008
855375872
858390528
863633408
878051328
913047552
908328960
904921088
904134656
902430720
905576448
869531648
865075200
859963392
855769088
855244800
861011968
864944128
902168576
911736832
911474688
903610368
903217152
902692864
900726784
889978880
865992704
861274112
858390528
859439104
862453760
875954176
912523264
912916480
913047552
909508608
905707520
904658944
902692864
905052160
876347392
865599488
860094464
857210880
856424448
861011968
864419840
890109952
914096128
914358272
907935744
905969664
904921088
903086080
899416064
868876288
864681984
859963392
855244800
855375872
860618752
864419840
897712128
911474688
910426112
903086080
903348224
901251072
902692864
881197056
864681984
859963392
856948736
855900160
859963392
863109120
895877120
909508608
910688256
905838592
903217152
902299648
900202496
902430720
868483072
864026624
860094464
859963392
865599488
886571008
914227200
914489344
914096128
914227200
906493952
906100736
905183232
903610368
891813888
867434496
863633408
858783744
853540864
851705856
855769088
859963392
863240192
889454592
907935744
904003584
902692864
901120000
904134656
873201664
864550912
858914816
857210880
860880896
863109120
903610368
911867904
911736832
911605760
903610368
902430720
901775360
900202496
893911040
883425280
911343616
911212544
911081472
911343616
911343616
911474688
911081472
911343616
910163968
903610368
903086080
901775360
901513216
885522432
864157696
859963392
855638016
850657280
850264064
853147648
857079808
861011968
864550912
900595712
903741440
903217152
900464640
904658944
871366656
863502336
858783744
855244800
855900160
858521600
861798400
902168576
909770752
910295040
902955008
901906432
900988928
897449984
891682816
865468416
860880896
858259456
857997312
863502336
872022016
914096128
913702912
914096128
912916480
905969664
905838592
904921088
903741440
889978880
866779136
862846976
858390528
853540864
852885504
857866240
862453760
866254848
907804672
908591104
905969664
905183232
902692864
905838592
871366656
864681984
860356608
856162304
858390528
862060544
876216320
912392192
911867904
912261120
904134656
903741440
902692864
901644288
888537088
865468416
862060544
858521600
861274112
866254848
904003584
914358272
913702912
914358272
910032896
906231808
905183232
903610368
906231808
875692032
865468416
860749824
857079808
853147648
855506944
860356608
pid: 44404
execution time 1002.54 (s)
