pgmigrate_success 1712604666
pgmigrate_fail 10016
thp_migration_success 2792582
thp_migration_fail 2
thp_migration_split 0
thp_fault_alloc 856312
thp_fault_fallback 0
thp_fault_fallback_charge 0
thp_collapse_alloc 1447296
thp_collapse_alloc_failed 0
thp_file_alloc 0
thp_file_fallback 0
thp_file_fallback_charge 0
thp_file_mapped 0
thp_split_page 1729007
thp_split_page_failed 3797
thp_deferred_split_page 1734116
thp_split_pmd 1733127
thp_split_pud 0
thp_zero_page_alloc 1
thp_zero_page_alloc_failed 0
thp_swpout 0
thp_swpout_fallback 0
htmm_nr_promoted 706177785
htmm_nr_demoted 1004484242
htmm_nr_sampled 0
htmm_missed_dramread 0
htmm_missed_nvmread 0
htmm_missed_write 0
htmm_alloc_dram 458553233
htmm_alloc_nvm 0
