num_threads - 16, WSS - 128 GB, duration - 1000
thread 0: buf size - 8589934592 - 8 GB
thread 1: buf size - 8589934592 - 8 GB
thread 2: buf size - 8589934592 - 8 GB
thread 3: buf size - 8589934592 - 8 GB
thread 4: buf size - 8589934592 - 8 GB
thread 5: buf size - 8589934592 - 8 GB
thread 6: buf size - 8589934592 - 8 GB
thread 7: buf size - 8589934592 - 8 GB
thread 8: buf size - 8589934592 - 8 GB
thread 9: buf size - 8589934592 - 8 GB
thread 10: buf size - 8589934592 - 8 GB
thread 11: buf size - 8589934592 - 8 GB
thread 12: buf size - 8589934592 - 8 GB
thread 13: buf size - 8589934592 - 8 GB
thread 14: buf size - 8589934592 - 8 GB
thread 15: buf size - 8589934592 - 8 GB
thread 1: allocated 1st half
thread 4: allocated 1st half
thread 7: allocated 1st half
thread 13: allocated 1st half
thread 2: allocated 1st half
thread 15: allocated 1st half
thread 12: allocated 1st half
thread 10: allocated 1st half
thread 14: allocated 1st half
thread 0: allocated 1st half
thread 3: allocated 1st half
thread 9: allocated 1st half
thread 5: allocated 1st half
thread 6: allocated 1st half
thread 11: allocated 1st half
thread 8: allocated 1st half
0
0
0
0
thread 13: allocated 2nd half
thread 13: H - 2048
thread 1: allocated 2nd half
thread 1: H - 2048
thread 4: allocated 2nd half
thread 4: H - 2048
thread 7: allocated 2nd half
thread 7: H - 2048
thread 15: allocated 2nd half
thread 15: H - 2048
thread 12: allocated 2nd half
thread 12: H - 2048
thread 2: allocated 2nd half
thread 2: H - 2048
thread 14: allocated 2nd half
thread 14: H - 2048
thread 10: allocated 2nd half
thread 10: H - 2048
thread 3: allocated 2nd half
thread 3: H - 2048
thread 0: allocated 2nd half
thread 0: H - 2048
thread 8: allocated 2nd half
thread 8: H - 2048
thread 9: allocated 2nd half
thread 9: H - 2048
thread 5: allocated 2nd half
thread 5: H - 2048
thread 11: allocated 2nd half
thread 11: H - 2048
thread 6: allocated 2nd half
thread 6: H - 2048
352714752
538705920
540016640
541589504
542375936
544210944
540540928
524288000
523108352
518782976
521666560
522059776
520749056
520486912
520749056
522584064
525074432
524681216
524812288
526516224
528613376
530186240
553123840
553648128
551419904
554303488
556531712
553123840
554303488
553910272
553385984
553385984
548667392
533331968
530841600
529006592
527826944
525991936
523370496
518914048
519307264
517603328
518258688
520224768
524681216
526385152
526254080
525860864
527040512
529137664
531496960
534642688
543686656
557318144
554827776
556269568
555876352
557056000
560332800
559546368
560988160
560988160
554172416
480116736
465698816
441188352
421527552
398721024
402915328
428998656
432013312
432537600
429785088
432930816
414056448
384040960
383254528
380895232
382205952
381812736
381288448
380633088
380239872
377880576
377618432
378667008
378535936
378011648
375914496
375914496
377094144
376176640
376176640
376045568
374996992
372637696
375521280
375128064
374603776
372375552
373686272
369754112
372768768
372637696
371982336
371458048
371851264
368181248
370147328
370802688
370016256
370016256
369229824
369491968
367656960
364773376
368705536
368050176
367394816
367788032
367132672
364249088
366215168
366346240
365953024
365297664
365559808
365166592
365035520
360579072
363724800
363855872
363462656
363200512
362807296
362938368
360185856
360841216
361496576
361627648
360972288
361496576
377618432
380895232
379191296
381288448
382599168
382599168
382730240
382861312
382861312
381681664
381026304
393347072
413794304
401604608
402128896
402259968
402259968
401342464
388628480
370802688
373424128
376700928
379453440
383385600
387186688
388497408
391380992
393084928
395051008
402653184
421396480
425721856
432013312
437518336
444465152
450625536
458096640
465174528
472514560
478543872
484835328
490209280
497418240
504365056
511705088
519569408
527564800
551026688
563871744
560201728
560594944
561512448
561774592
560857088
561905664
563871744
564264960
562692096
549322752
473825280
439746560
411435008
388497408
373030912
403308544
421265408
421396480
420610048
420741120
379060224
370409472
370278400
369491968
368967680
368312320
368312320
367001600
366608384
366608384
365821952
365953024
365166592
364511232
364773376
363069440
362676224
363855872
363593728
362676224
363069440
362676224
362151936
361889792
361758720
361627648
361496576
360972288
360972288
360185856
360316928
360710144
360054784
359268352
359399424
357040128
358744064
359137280
358744064
358481920
358350848
358088704
358219776
357695488
358219776
357433344
357826560
357433344
357302272
357302272
357171200
356909056
381288448
380502016
381550592
381812736
382599168
383778816
382468096
383909888
373161984
366477312
366608384
376700928
417202176
417857536
417464320
417595392
417726464
417595392
417988608
410386432
406323200
405012480
405536768
405929984
407896064
379584512
374603776
375914496
378011648
380895232
384696320
387186688
389283840
408944640
414318592
417595392
420610048
423624704
428081152
430309376
436469760
442236928
448528384
455081984
462028800
470155264
481165312
491651072
496369664
502136832
508559360
514326528
521142272
528089088
536084480
558366720
569901056
570163200
570032128
571080704
573702144
573833216
543686656
469106688
436994048
410517504
379060224
381812736
425197568
426115072
425852928
392691712
373030912
371982336
372244480
370671616
370409472
369623040
369098752
368705536
368312320
367788032
367263744
367132672
366477312
366346240
365559808
365428736
365166592
363724800
363331584
363462656
363462656
363069440
363462656
362676224
362807296
362414080
361758720
361496576
361234432
361627648
360448000
360579072
360316928
359530496
360316928
359268352
359399424
359399424
373686272
382861312
383254528
383516672
384172032
383254528
383778816
403701760
413925376
414842880
414711808
414449664
414449664
413138944
402784256
403308544
403308544
402653184
405012480
398327808
370540544
373030912
376307712
379977728
382074880
383778816
385220608
387186688
388890624
404881408
414056448
418119680
422576128
427950080
434503680
440532992
447348736
454295552
462290944
471728128
480903168
486932480
492830720
499515392
506724352
513933312
522452992
530579456
557056000
567934976
566362112
564789248
565575680
565313536
565444608
565182464
567279616
567803904
526254080
460193792
428736512
398065664
374996992
361627648
412221440
414056448
406454272
362283008
361496576
361758720
360579072
360972288
360579072
359792640
359792640
359661568
359792640
359399424
358875136
358612992
358875136
358219776
358481920
357433344
358219776
357695488
384303104
382205952
378929152
362283008
362020864
362807296
362676224
362807296
403046400
415236096
415105024
414580736
415105024
407896064
403439616
403963904
403963904
404094976
406192128
392822784
372375552
373555200
372899840
376045568
379453440
382468096
384565248
394395648
407896064
411172864
414449664
418119680
421003264
425721856
429654016
435027968
441581568
447479808
454688768
461504512
469368832
480641024
488374272
494927872
500039680
506724352
512753664
520749056
527171584
535560192
562692096
572129280
572653568
572653568
573046784
572391424
573177856
572653568
573046784
572784640
571211776
569769984
569376768
569245696
568459264
572129280
571998208
572260352
514457600
465567744
433455104
407502848
388104192
400424960
428212224
429260800
429654016
390463488
376438784
375783424
375128064
374865920
374210560
373817344
372506624
373555200
372113408
372244480
371589120
370671616
370933760
370802688
369754112
369754112
369360896
369491968
369229824
368443392
368705536
368312320
367656960
367919104
366608384
366739456
366608384
366739456
366870528
366477312
366477312
366215168
366477312
366215168
365821952
365690880
365953024
365428736
389414912
389677056
390463488
390201344
391643136
391905280
383778816
378929152
424542208
425066496
424542208
424935424
424411136
419430400
411435008
411172864
411303936
412745728
409075712
380239872
380764160
380370944
381812736
386269184
387317760
389545984
396886016
413270016
416415744
419299328
423493632
426377216
430964736
436731904
441974784
448004096
455475200
462290944
470548480
481558528
490340352
496500736
502661120
508690432
515506176
523108352
530841600
539099136
570687488
572653568
572129280
571867136
571342848
571211776
572129280
574357504
504889344
458620928
427294720
399769600
379715584
390856704
423755776
423886848
397410304
378011648
375914496
375390208
374996992
374734848
373161984
373030912
372637696
373686272
372637696
372506624
372637696
372375552
372244480
371720192
371982336
371458048
371458048
380502016
389939200
391905280
382074880
376045568
376307712
398458880
424935424
424280064
424280064
424673280
424148992
424542208
424542208
411959296
411303936
411172864
411172864
413138944
395182080
380895232
380502016
381419520
384565248
387317760
389283840
391118848
412090368
415498240
418512896
422051840
425721856
429260800
433586176
439746560
445382656
452329472
459014144
466616320
475660288
488505344
495714304
501612544
507117568
514064384
521142272
528744448
536477696
554041344
576716800
574226432
574226432
573833216
574095360
573308928
575930368
577110016
529924096
472645632
439877632
411303936
389939200
382074880
427294720
427425792
405143552
379584512
378142720
377618432
378142720
377749504
377749504
377618432
377094144
377225216
376438784
376700928
376307712
376307712
376045568
375521280
375521280
375521280
374865920
375259136
374996992
376963072
396754944
394657792
394395648
380239872
380633088
380108800
407240704
428736512
429260800
428736512
428998656
419037184
416284672
415498240
415760384
416940032
411172864
384565248
384696320
386400256
387317760
389414912
392298496
395182080
414842880
417988608
421265408
424804352
427687936
431751168
434634752
439353344
445120512
450756608
457048064
463994880
471728128
480509952
496238592
502792192
508952576
514850816
520880128
527958016
534511616
543031296
556269568
580255744
579993600
579862528
579600384
578813952
580780032
582483968
519831552
474349568
442499072
415498240
395313152
394788864
434110464
434241536
395051008
385220608
384958464
384827392
384696320
384958464
384565248
384040960
384040960
383778816
383778816
383385600
383123456
382730240
382730240
382599168
382730240
392298496
402391040
403177472
388104192
387579904
387317760
396754944
436994048
436862976
437256192
436994048
436600832
437518336
436600832
436862976
436994048
423362560
423493632
423362560
423231488
425066496
414056448
393478144
394395648
395182080
396361728
399376384
401997824
405536768
424542208
427819008
430309376
434372608
437387264
441057280
443809792
448921600
454033408
459538432
465174528
471990272
479854592
488767488
506855424
511967232
517996544
523894784
530317312
536346624
544342016
551944192
571736064
587071488
586416128
586285056
586022912
585367552
587464704
589561856
557318144
493748224
461373440
433586176
412221440
394919936
437518336
442499072
435552256
392036352
389414912
389152768
389021696
389152768
388759552
388235264
388497408
387579904
388235264
387842048
387579904
387579904
387579904
387317760
387186688
386793472
414187520
412614656
406323200
391643136
391512064
391380992
425721856
446038016
446300160
446562304
446431232
445906944
446693376
446038016
446300160
438042624
432668672
431620096
432275456
432406528
434110464
406454272
404881408
406585344
407502848
407502848
411828224
414449664
432668672
437649408
440401920
443547648
447086592
450101248
452984832
456523776
461242368
466223104
471597056
477626368
483917824
491257856
505282560
517341184
522715136
528220160
534511616
540409856
548274176
555220992
563478528
590086144
593756160
593100800
592707584
592707584
591790080
596639744
572653568
506200064
473300992
445382656
424935424
409075712
435159040
452853760
448397312
402391040
400949248
398196736
398196736
398065664
397934592
397410304
397934592
397803520
396886016
397279232
397148160
397672448
396754944
423100416
423100416
404619264
401211392
400424960
400818176
pid: 63557
execution time 1004.49 (s)
